[2025-10-28T17:29:10.122+0000] {manager.py:470} INFO - Processing files using up to 2 processes at a time 
[2025-10-28T17:29:10.124+0000] {manager.py:471} INFO - Process each file at most once every 30 seconds
[2025-10-28T17:29:10.125+0000] {manager.py:472} INFO - Checking for new files in /opt/airflow/dags every 300 seconds
[2025-10-28T17:29:10.128+0000] {manager.py:737} INFO - Searching for files in /opt/airflow/dags
[2025-10-28T17:29:10.131+0000] {manager.py:740} INFO - There are 0 files in /opt/airflow/dags
[2025-10-28T17:34:10.439+0000] {manager.py:737} INFO - Searching for files in /opt/airflow/dags
[2025-10-28T17:34:10.446+0000] {manager.py:740} INFO - There are 1 files in /opt/airflow/dags
[2025-10-28T17:34:12.491+0000] {manager.py:878} INFO - 
================================================================================
DAG File Processing Stats

File Path                                     PID    Runtime      # DAGs    # Errors  Last Runtime    Last Run
--------------------------------------------  -----  ---------  --------  ----------  --------------  -------------------
/opt/airflow/dags/databricks_pipeline_dag.py                           1           0  0.17s           2025-10-28T17:34:10
================================================================================
[2025-10-28T17:34:42.722+0000] {manager.py:878} INFO - 
================================================================================
DAG File Processing Stats

File Path                                     PID    Runtime      # DAGs    # Errors  Last Runtime    Last Run
--------------------------------------------  -----  ---------  --------  ----------  --------------  -------------------
/opt/airflow/dags/databricks_pipeline_dag.py                           1           0  0.05s           2025-10-28T17:34:40
================================================================================
[2025-10-28T17:35:12.946+0000] {manager.py:878} INFO - 
================================================================================
DAG File Processing Stats

File Path                                     PID    Runtime      # DAGs    # Errors  Last Runtime    Last Run
--------------------------------------------  -----  ---------  --------  ----------  --------------  -------------------
/opt/airflow/dags/databricks_pipeline_dag.py                           1           0  0.06s           2025-10-28T17:35:10
================================================================================
[2025-10-28T17:35:43.178+0000] {manager.py:878} INFO - 
================================================================================
DAG File Processing Stats

File Path                                     PID    Runtime      # DAGs    # Errors  Last Runtime    Last Run
--------------------------------------------  -----  ---------  --------  ----------  --------------  -------------------
/opt/airflow/dags/databricks_pipeline_dag.py                           1           0  0.10s           2025-10-28T17:35:41
================================================================================
[2025-10-28T17:36:13.433+0000] {manager.py:878} INFO - 
================================================================================
DAG File Processing Stats

File Path                                     PID    Runtime      # DAGs    # Errors  Last Runtime    Last Run
--------------------------------------------  -----  ---------  --------  ----------  --------------  -------------------
/opt/airflow/dags/databricks_pipeline_dag.py                           1           0  0.05s           2025-10-28T17:36:11
================================================================================
[2025-10-28T17:36:43.684+0000] {manager.py:878} INFO - 
================================================================================
DAG File Processing Stats

File Path                                     PID    Runtime      # DAGs    # Errors  Last Runtime    Last Run
--------------------------------------------  -----  ---------  --------  ----------  --------------  -------------------
/opt/airflow/dags/databricks_pipeline_dag.py                           1           0  0.07s           2025-10-28T17:36:41
================================================================================
[2025-10-28T17:37:13.955+0000] {manager.py:878} INFO - 
================================================================================
DAG File Processing Stats

File Path                                     PID    Runtime      # DAGs    # Errors  Last Runtime    Last Run
--------------------------------------------  -----  ---------  --------  ----------  --------------  -------------------
/opt/airflow/dags/databricks_pipeline_dag.py                           1           0  0.06s           2025-10-28T17:37:11
================================================================================
[2025-10-28T17:37:44.150+0000] {manager.py:878} INFO - 
================================================================================
DAG File Processing Stats

File Path                                     PID    Runtime      # DAGs    # Errors  Last Runtime    Last Run
--------------------------------------------  -----  ---------  --------  ----------  --------------  -------------------
/opt/airflow/dags/databricks_pipeline_dag.py                           1           0  0.05s           2025-10-28T17:37:42
================================================================================
[2025-10-28T17:38:14.355+0000] {manager.py:878} INFO - 
================================================================================
DAG File Processing Stats

File Path                                     PID    Runtime      # DAGs    # Errors  Last Runtime    Last Run
--------------------------------------------  -----  ---------  --------  ----------  --------------  -------------------
/opt/airflow/dags/databricks_pipeline_dag.py                           1           0  0.05s           2025-10-28T17:38:12
================================================================================
[2025-10-28T17:38:44.611+0000] {manager.py:878} INFO - 
================================================================================
DAG File Processing Stats

File Path                                     PID    Runtime      # DAGs    # Errors  Last Runtime    Last Run
--------------------------------------------  -----  ---------  --------  ----------  --------------  -------------------
/opt/airflow/dags/databricks_pipeline_dag.py                           1           0  0.10s           2025-10-28T17:38:42
================================================================================
[2025-10-28T17:39:05.865+0000] {manager.py:452} INFO - Exiting gracefully upon receiving signal 15
[2025-10-28T17:40:31.262+0000] {manager.py:470} INFO - Processing files using up to 2 processes at a time 
[2025-10-28T17:40:31.263+0000] {manager.py:471} INFO - Process each file at most once every 30 seconds
[2025-10-28T17:40:31.263+0000] {manager.py:472} INFO - Checking for new files in /opt/airflow/dags every 300 seconds
[2025-10-28T17:40:31.263+0000] {manager.py:737} INFO - Searching for files in /opt/airflow/dags
[2025-10-28T17:40:31.266+0000] {manager.py:740} INFO - There are 1 files in /opt/airflow/dags
[2025-10-28T17:40:31.300+0000] {manager.py:878} INFO - 
================================================================================
DAG File Processing Stats

File Path                                       PID  Runtime      # DAGs    # Errors  Last Runtime    Last Run
--------------------------------------------  -----  ---------  --------  ----------  --------------  ----------
/opt/airflow/dags/databricks_pipeline_dag.py     83  0.01s             0           0
================================================================================
[2025-10-28T17:41:01.480+0000] {manager.py:878} INFO - 
================================================================================
DAG File Processing Stats

File Path                                       PID  Runtime      # DAGs    # Errors  Last Runtime    Last Run
--------------------------------------------  -----  ---------  --------  ----------  --------------  -------------------
/opt/airflow/dags/databricks_pipeline_dag.py     84  0.00s             1           0  0.14s           2025-10-28T17:40:31
================================================================================
[2025-10-28T17:41:31.674+0000] {manager.py:878} INFO - 
================================================================================
DAG File Processing Stats

File Path                                       PID  Runtime      # DAGs    # Errors  Last Runtime    Last Run
--------------------------------------------  -----  ---------  --------  ----------  --------------  -------------------
/opt/airflow/dags/databricks_pipeline_dag.py     85  0.00s             1           0  0.04s           2025-10-28T17:41:01
================================================================================
[2025-10-28T17:42:01.951+0000] {manager.py:878} INFO - 
================================================================================
DAG File Processing Stats

File Path                                       PID  Runtime      # DAGs    # Errors  Last Runtime    Last Run
--------------------------------------------  -----  ---------  --------  ----------  --------------  -------------------
/opt/airflow/dags/databricks_pipeline_dag.py     86  0.01s             1           0  0.09s           2025-10-28T17:41:31
================================================================================
[2025-10-28T17:42:32.181+0000] {manager.py:878} INFO - 
================================================================================
DAG File Processing Stats

File Path                                       PID  Runtime      # DAGs    # Errors  Last Runtime    Last Run
--------------------------------------------  -----  ---------  --------  ----------  --------------  -------------------
/opt/airflow/dags/databricks_pipeline_dag.py     87  0.00s             1           0  0.08s           2025-10-28T17:42:02
================================================================================
[2025-10-28T17:43:02.438+0000] {manager.py:878} INFO - 
================================================================================
DAG File Processing Stats

File Path                                       PID  Runtime      # DAGs    # Errors  Last Runtime    Last Run
--------------------------------------------  -----  ---------  --------  ----------  --------------  -------------------
/opt/airflow/dags/databricks_pipeline_dag.py     88  0.00s             1           0  0.05s           2025-10-28T17:42:32
================================================================================
[2025-10-28T17:43:32.641+0000] {manager.py:878} INFO - 
================================================================================
DAG File Processing Stats

File Path                                       PID  Runtime      # DAGs    # Errors  Last Runtime    Last Run
--------------------------------------------  -----  ---------  --------  ----------  --------------  -------------------
/opt/airflow/dags/databricks_pipeline_dag.py     89  0.00s             1           0  0.06s           2025-10-28T17:43:02
================================================================================
[2025-10-28T17:44:02.862+0000] {manager.py:878} INFO - 
================================================================================
DAG File Processing Stats

File Path                                       PID  Runtime      # DAGs    # Errors  Last Runtime    Last Run
--------------------------------------------  -----  ---------  --------  ----------  --------------  -------------------
/opt/airflow/dags/databricks_pipeline_dag.py     90  0.00s             1           0  0.05s           2025-10-28T17:43:32
================================================================================
[2025-10-28T17:44:33.115+0000] {manager.py:878} INFO - 
================================================================================
DAG File Processing Stats

File Path                                       PID  Runtime      # DAGs    # Errors  Last Runtime    Last Run
--------------------------------------------  -----  ---------  --------  ----------  --------------  -------------------
/opt/airflow/dags/databricks_pipeline_dag.py     91  0.00s             1           0  0.09s           2025-10-28T17:44:02
================================================================================
[2025-10-28T17:45:03.363+0000] {manager.py:878} INFO - 
================================================================================
DAG File Processing Stats

File Path                                       PID  Runtime      # DAGs    # Errors  Last Runtime    Last Run
--------------------------------------------  -----  ---------  --------  ----------  --------------  -------------------
/opt/airflow/dags/databricks_pipeline_dag.py     92  0.00s             1           0  0.05s           2025-10-28T17:44:33
================================================================================
[2025-10-28T17:45:31.577+0000] {manager.py:737} INFO - Searching for files in /opt/airflow/dags
[2025-10-28T17:45:31.585+0000] {manager.py:740} INFO - There are 1 files in /opt/airflow/dags
[2025-10-28T17:45:33.614+0000] {manager.py:878} INFO - 
================================================================================
DAG File Processing Stats

File Path                                       PID  Runtime      # DAGs    # Errors  Last Runtime    Last Run
--------------------------------------------  -----  ---------  --------  ----------  --------------  -------------------
/opt/airflow/dags/databricks_pipeline_dag.py     93  0.00s             1           0  0.05s           2025-10-28T17:45:03
================================================================================
[2025-10-28T17:46:03.866+0000] {manager.py:878} INFO - 
================================================================================
DAG File Processing Stats

File Path                                       PID  Runtime      # DAGs    # Errors  Last Runtime    Last Run
--------------------------------------------  -----  ---------  --------  ----------  --------------  -------------------
/opt/airflow/dags/databricks_pipeline_dag.py     94  0.00s             1           0  0.06s           2025-10-28T17:45:33
================================================================================
[2025-10-28T17:46:34.108+0000] {manager.py:878} INFO - 
================================================================================
DAG File Processing Stats

File Path                                       PID  Runtime      # DAGs    # Errors  Last Runtime    Last Run
--------------------------------------------  -----  ---------  --------  ----------  --------------  -------------------
/opt/airflow/dags/databricks_pipeline_dag.py     95  0.00s             1           0  0.05s           2025-10-28T17:46:03
================================================================================
[2025-10-28T17:47:04.335+0000] {manager.py:878} INFO - 
================================================================================
DAG File Processing Stats

File Path                                       PID  Runtime      # DAGs    # Errors  Last Runtime    Last Run
--------------------------------------------  -----  ---------  --------  ----------  --------------  -------------------
/opt/airflow/dags/databricks_pipeline_dag.py     96  0.00s             1           0  0.06s           2025-10-28T17:46:34
================================================================================
[2025-10-28T17:47:34.597+0000] {manager.py:878} INFO - 
================================================================================
DAG File Processing Stats

File Path                                       PID  Runtime      # DAGs    # Errors  Last Runtime    Last Run
--------------------------------------------  -----  ---------  --------  ----------  --------------  -------------------
/opt/airflow/dags/databricks_pipeline_dag.py     97  0.01s             1           0  0.06s           2025-10-28T17:47:04
================================================================================
[2025-10-28T17:48:04.875+0000] {manager.py:878} INFO - 
================================================================================
DAG File Processing Stats

File Path                                       PID  Runtime      # DAGs    # Errors  Last Runtime    Last Run
--------------------------------------------  -----  ---------  --------  ----------  --------------  -------------------
/opt/airflow/dags/databricks_pipeline_dag.py     98  0.00s             1           0  0.06s           2025-10-28T17:47:34
================================================================================
[2025-10-28T17:48:35.166+0000] {manager.py:878} INFO - 
================================================================================
DAG File Processing Stats

File Path                                       PID  Runtime      # DAGs    # Errors  Last Runtime    Last Run
--------------------------------------------  -----  ---------  --------  ----------  --------------  -------------------
/opt/airflow/dags/databricks_pipeline_dag.py     99  0.01s             1           0  0.07s           2025-10-28T17:48:04
================================================================================
[2025-10-28T17:49:05.388+0000] {manager.py:878} INFO - 
================================================================================
DAG File Processing Stats

File Path                                       PID  Runtime      # DAGs    # Errors  Last Runtime    Last Run
--------------------------------------------  -----  ---------  --------  ----------  --------------  -------------------
/opt/airflow/dags/databricks_pipeline_dag.py    100  0.00s             1           0  0.08s           2025-10-28T17:48:35
================================================================================
[2025-10-28T17:49:35.680+0000] {manager.py:878} INFO - 
================================================================================
DAG File Processing Stats

File Path                                       PID  Runtime      # DAGs    # Errors  Last Runtime    Last Run
--------------------------------------------  -----  ---------  --------  ----------  --------------  -------------------
/opt/airflow/dags/databricks_pipeline_dag.py    101  0.01s             1           0  0.05s           2025-10-28T17:49:05
================================================================================
[2025-10-28T17:50:05.947+0000] {manager.py:878} INFO - 
================================================================================
DAG File Processing Stats

File Path                                       PID  Runtime      # DAGs    # Errors  Last Runtime    Last Run
--------------------------------------------  -----  ---------  --------  ----------  --------------  -------------------
/opt/airflow/dags/databricks_pipeline_dag.py    102  0.01s             1           0  0.10s           2025-10-28T17:49:35
================================================================================
[2025-10-28T17:50:32.147+0000] {manager.py:737} INFO - Searching for files in /opt/airflow/dags
[2025-10-28T17:50:32.157+0000] {manager.py:740} INFO - There are 1 files in /opt/airflow/dags
[2025-10-28T17:50:36.219+0000] {manager.py:878} INFO - 
================================================================================
DAG File Processing Stats

File Path                                       PID  Runtime      # DAGs    # Errors  Last Runtime    Last Run
--------------------------------------------  -----  ---------  --------  ----------  --------------  -------------------
/opt/airflow/dags/databricks_pipeline_dag.py    103  0.01s             1           0  0.08s           2025-10-28T17:50:06
================================================================================
[2025-10-28T17:51:06.473+0000] {manager.py:878} INFO - 
================================================================================
DAG File Processing Stats

File Path                                       PID  Runtime      # DAGs    # Errors  Last Runtime    Last Run
--------------------------------------------  -----  ---------  --------  ----------  --------------  -------------------
/opt/airflow/dags/databricks_pipeline_dag.py    104  0.01s             1           0  0.12s           2025-10-28T17:50:36
================================================================================
[2025-10-28T17:51:36.760+0000] {manager.py:878} INFO - 
================================================================================
DAG File Processing Stats

File Path                                       PID  Runtime      # DAGs    # Errors  Last Runtime    Last Run
--------------------------------------------  -----  ---------  --------  ----------  --------------  -------------------
/opt/airflow/dags/databricks_pipeline_dag.py    105  0.00s             1           0  0.10s           2025-10-28T17:51:06
================================================================================
[2025-10-28T17:52:07.000+0000] {manager.py:878} INFO - 
================================================================================
DAG File Processing Stats

File Path                                       PID  Runtime      # DAGs    # Errors  Last Runtime    Last Run
--------------------------------------------  -----  ---------  --------  ----------  --------------  -------------------
/opt/airflow/dags/databricks_pipeline_dag.py    106  0.00s             1           0  0.05s           2025-10-28T17:51:36
================================================================================
[2025-10-28T17:52:37.253+0000] {manager.py:878} INFO - 
================================================================================
DAG File Processing Stats

File Path                                       PID  Runtime      # DAGs    # Errors  Last Runtime    Last Run
--------------------------------------------  -----  ---------  --------  ----------  --------------  -------------------
/opt/airflow/dags/databricks_pipeline_dag.py    107  0.00s             1           0  0.05s           2025-10-28T17:52:07
================================================================================
[2025-10-28T17:53:07.507+0000] {manager.py:878} INFO - 
================================================================================
DAG File Processing Stats

File Path                                       PID  Runtime      # DAGs    # Errors  Last Runtime    Last Run
--------------------------------------------  -----  ---------  --------  ----------  --------------  -------------------
/opt/airflow/dags/databricks_pipeline_dag.py    108  0.01s             1           0  0.08s           2025-10-28T17:52:37
================================================================================
[2025-10-28T17:53:37.791+0000] {manager.py:878} INFO - 
================================================================================
DAG File Processing Stats

File Path                                       PID  Runtime      # DAGs    # Errors  Last Runtime    Last Run
--------------------------------------------  -----  ---------  --------  ----------  --------------  -------------------
/opt/airflow/dags/databricks_pipeline_dag.py    109  0.01s             1           0  0.06s           2025-10-28T17:53:07
================================================================================
