2025-10-21 16:51:04 — INFO — Running with edr=0.20.0
2025-10-21 16:53:39 — INFO — Running with edr=0.20.0
2025-10-21 17:01:27 — INFO — Running with edr=0.20.0
2025-10-21 17:01:27 — INFO — Installing packages for edr internal dbt package...
2025-10-21 17:01:27 — INFO — Running dbt command --log-format json deps --project-dir /Users/sujeetkohli/Repositories/analytics_pipeline/venv/lib/python3.9/site-packages/elementary/monitor/dbt_project
2025-10-21 17:01:29 — DEBUG — Running dbt command --log-format json run-operation elementary.log_macro_results --args {"macro_name": "elementary_cli.get_latest_invocation", "macro_args": {}} --project-dir /Users/sujeetkohli/Repositories/analytics_pipeline/venv/lib/python3.9/site-packages/elementary/monitor/dbt_project
[31;20m2025-10-21 17:01:29 — ERROR — Unable to get the latest invocation: Failed to run dbt command.
Path '/Users/sujeetkohli/.dbt' does not exist.[0m
2025-10-21 17:01:29 — DEBUG — Running dbt command --log-format json run-operation elementary.log_macro_results --args {"macro_name": "elementary_cli.get_adapter_type_and_unique_id", "macro_args": {}} --project-dir /Users/sujeetkohli/Repositories/analytics_pipeline/venv/lib/python3.9/site-packages/elementary/monitor/dbt_project
2025-10-21 17:01:29 — DEBUG — Could not get warehouse info.
Traceback (most recent call last):
  File "/Users/sujeetkohli/Repositories/analytics_pipeline/venv/lib/python3.9/site-packages/elementary/monitor/data_monitoring/data_monitoring.py", line 140, in _get_warehouse_info
    self.internal_dbt_runner.run_operation(
  File "/Users/sujeetkohli/Repositories/analytics_pipeline/venv/lib/python3.9/site-packages/elementary/clients/dbt/command_line_dbt_runner.py", line 178, in run_operation
    result = self._run_command(
  File "/Users/sujeetkohli/Repositories/analytics_pipeline/venv/lib/python3.9/site-packages/elementary/clients/dbt/command_line_dbt_runner.py", line 115, in _run_command
    result = self._inner_run_command(
  File "/Users/sujeetkohli/Repositories/analytics_pipeline/venv/lib/python3.9/site-packages/elementary/clients/dbt/api_dbt_runner.py", line 54, in _inner_run_command
    raise DbtCommandError(
elementary.exceptions.exceptions.DbtCommandError: Failed to run dbt command.
Path '/Users/sujeetkohli/.dbt' does not exist.
2025-10-21 17:01:29 — DEBUG — Running dbt command --log-format json run-operation elementary.log_macro_results --args {"macro_name": "elementary_cli.get_elementary_database_and_schema", "macro_args": {}} --project-dir /Users/sujeetkohli/Repositories/analytics_pipeline/venv/lib/python3.9/site-packages/elementary/monitor/dbt_project
[31;20m2025-10-21 17:01:29 — ERROR — Failed to parse Elementary's database and schema.[0m
2025-10-21 17:01:29 — INFO — Running dbt command --log-format json run-operation elementary.log_macro_results --args {"macro_name": "elementary_cli.get_test_results", "macro_args": {"days_back": 7, "invocations_per_test": 720, "disable_passed_test_metrics": false}} --project-dir /Users/sujeetkohli/Repositories/analytics_pipeline/venv/lib/python3.9/site-packages/elementary/monitor/dbt_project
[31;20m2025-10-21 17:01:29 — ERROR — Could not generate the report - Error: Failed to run dbt command.
Path '/Users/sujeetkohli/.dbt' does not exist.
Please reach out to our community for help with this issue.[0m
Traceback (most recent call last):
  File "/Users/sujeetkohli/Repositories/analytics_pipeline/venv/lib/python3.9/site-packages/elementary/monitor/api/report/report.py", line 84, in get_report_data
    tests_api = TestsAPI(
  File "/Users/sujeetkohli/Repositories/analytics_pipeline/venv/lib/python3.9/site-packages/elementary/monitor/api/tests/tests.py", line 52, in __init__
    self.test_results_db_rows = self._get_test_results_db_rows(
  File "/Users/sujeetkohli/Repositories/analytics_pipeline/venv/lib/python3.9/site-packages/elementary/monitor/api/tests/tests.py", line 64, in _get_test_results_db_rows
    return self.tests_fetcher.get_all_test_results_db_rows(
  File "/Users/sujeetkohli/Repositories/analytics_pipeline/venv/lib/python3.9/site-packages/elementary/monitor/fetchers/tests/tests.py", line 26, in get_all_test_results_db_rows
    run_operation_response = self.dbt_runner.run_operation(
  File "/Users/sujeetkohli/Repositories/analytics_pipeline/venv/lib/python3.9/site-packages/elementary/clients/dbt/command_line_dbt_runner.py", line 178, in run_operation
    result = self._run_command(
  File "/Users/sujeetkohli/Repositories/analytics_pipeline/venv/lib/python3.9/site-packages/elementary/clients/dbt/command_line_dbt_runner.py", line 115, in _run_command
    result = self._inner_run_command(
  File "/Users/sujeetkohli/Repositories/analytics_pipeline/venv/lib/python3.9/site-packages/elementary/clients/dbt/api_dbt_runner.py", line 54, in _inner_run_command
    raise DbtCommandError(
elementary.exceptions.exceptions.DbtCommandError: Failed to run dbt command.
Path '/Users/sujeetkohli/.dbt' does not exist.
2025-10-21 17:11:56 — INFO — Running with edr=0.20.0
2025-10-21 17:11:56 — DEBUG — Running dbt command --log-format json run-operation elementary.log_macro_results --args {"macro_name": "elementary_cli.get_latest_invocation", "macro_args": {}} --project-dir /Users/sujeetkohli/Repositories/analytics_pipeline/venv/lib/python3.9/site-packages/elementary/monitor/dbt_project
[31;20m2025-10-21 17:11:56 — ERROR — Unable to get the latest invocation: Failed to run dbt command.
Path '/Users/sujeetkohli/.dbt' does not exist.[0m
2025-10-21 17:11:56 — DEBUG — Running dbt command --log-format json run-operation elementary.log_macro_results --args {"macro_name": "elementary_cli.get_adapter_type_and_unique_id", "macro_args": {}} --project-dir /Users/sujeetkohli/Repositories/analytics_pipeline/venv/lib/python3.9/site-packages/elementary/monitor/dbt_project
2025-10-21 17:11:56 — DEBUG — Could not get warehouse info.
Traceback (most recent call last):
  File "/Users/sujeetkohli/Repositories/analytics_pipeline/venv/lib/python3.9/site-packages/elementary/monitor/data_monitoring/data_monitoring.py", line 140, in _get_warehouse_info
    self.internal_dbt_runner.run_operation(
  File "/Users/sujeetkohli/Repositories/analytics_pipeline/venv/lib/python3.9/site-packages/elementary/clients/dbt/command_line_dbt_runner.py", line 178, in run_operation
    result = self._run_command(
  File "/Users/sujeetkohli/Repositories/analytics_pipeline/venv/lib/python3.9/site-packages/elementary/clients/dbt/command_line_dbt_runner.py", line 115, in _run_command
    result = self._inner_run_command(
  File "/Users/sujeetkohli/Repositories/analytics_pipeline/venv/lib/python3.9/site-packages/elementary/clients/dbt/api_dbt_runner.py", line 54, in _inner_run_command
    raise DbtCommandError(
elementary.exceptions.exceptions.DbtCommandError: Failed to run dbt command.
Path '/Users/sujeetkohli/.dbt' does not exist.
2025-10-21 17:11:56 — DEBUG — Running dbt command --log-format json run-operation elementary.log_macro_results --args {"macro_name": "elementary_cli.get_elementary_database_and_schema", "macro_args": {}} --project-dir /Users/sujeetkohli/Repositories/analytics_pipeline/venv/lib/python3.9/site-packages/elementary/monitor/dbt_project
[31;20m2025-10-21 17:11:56 — ERROR — Failed to parse Elementary's database and schema.[0m
2025-10-21 17:11:56 — INFO — Running dbt command --log-format json run-operation elementary.log_macro_results --args {"macro_name": "elementary_cli.get_test_results", "macro_args": {"days_back": 7, "invocations_per_test": 720, "disable_passed_test_metrics": false}} --project-dir /Users/sujeetkohli/Repositories/analytics_pipeline/venv/lib/python3.9/site-packages/elementary/monitor/dbt_project
[31;20m2025-10-21 17:11:56 — ERROR — Could not generate the report - Error: Failed to run dbt command.
Path '/Users/sujeetkohli/.dbt' does not exist.
Please reach out to our community for help with this issue.[0m
Traceback (most recent call last):
  File "/Users/sujeetkohli/Repositories/analytics_pipeline/venv/lib/python3.9/site-packages/elementary/monitor/api/report/report.py", line 84, in get_report_data
    tests_api = TestsAPI(
  File "/Users/sujeetkohli/Repositories/analytics_pipeline/venv/lib/python3.9/site-packages/elementary/monitor/api/tests/tests.py", line 52, in __init__
    self.test_results_db_rows = self._get_test_results_db_rows(
  File "/Users/sujeetkohli/Repositories/analytics_pipeline/venv/lib/python3.9/site-packages/elementary/monitor/api/tests/tests.py", line 64, in _get_test_results_db_rows
    return self.tests_fetcher.get_all_test_results_db_rows(
  File "/Users/sujeetkohli/Repositories/analytics_pipeline/venv/lib/python3.9/site-packages/elementary/monitor/fetchers/tests/tests.py", line 26, in get_all_test_results_db_rows
    run_operation_response = self.dbt_runner.run_operation(
  File "/Users/sujeetkohli/Repositories/analytics_pipeline/venv/lib/python3.9/site-packages/elementary/clients/dbt/command_line_dbt_runner.py", line 178, in run_operation
    result = self._run_command(
  File "/Users/sujeetkohli/Repositories/analytics_pipeline/venv/lib/python3.9/site-packages/elementary/clients/dbt/command_line_dbt_runner.py", line 115, in _run_command
    result = self._inner_run_command(
  File "/Users/sujeetkohli/Repositories/analytics_pipeline/venv/lib/python3.9/site-packages/elementary/clients/dbt/api_dbt_runner.py", line 54, in _inner_run_command
    raise DbtCommandError(
elementary.exceptions.exceptions.DbtCommandError: Failed to run dbt command.
Path '/Users/sujeetkohli/.dbt' does not exist.
2025-10-27 15:44:46 — INFO — Running with edr=0.20.0
2025-10-27 15:44:47 — DEBUG — Running dbt command --log-format json run-operation elementary.log_macro_results --args {"macro_name": "elementary_cli.get_latest_invocation", "macro_args": {}} --project-dir /Users/sujeetkohli/Repositories/analytics_pipeline/venv/lib/python3.9/site-packages/elementary/monitor/dbt_project
[31;20m2025-10-27 15:44:47 — ERROR — Unable to get the latest invocation: Failed to run dbt command.
Path '/Users/sujeetkohli/.dbt' does not exist.[0m
2025-10-27 15:44:47 — DEBUG — Running dbt command --log-format json run-operation elementary.log_macro_results --args {"macro_name": "elementary_cli.get_adapter_type_and_unique_id", "macro_args": {}} --project-dir /Users/sujeetkohli/Repositories/analytics_pipeline/venv/lib/python3.9/site-packages/elementary/monitor/dbt_project
2025-10-27 15:44:47 — DEBUG — Could not get warehouse info.
Traceback (most recent call last):
  File "/Users/sujeetkohli/Repositories/analytics_pipeline/venv/lib/python3.9/site-packages/elementary/monitor/data_monitoring/data_monitoring.py", line 140, in _get_warehouse_info
    self.internal_dbt_runner.run_operation(
  File "/Users/sujeetkohli/Repositories/analytics_pipeline/venv/lib/python3.9/site-packages/elementary/clients/dbt/command_line_dbt_runner.py", line 178, in run_operation
    result = self._run_command(
  File "/Users/sujeetkohli/Repositories/analytics_pipeline/venv/lib/python3.9/site-packages/elementary/clients/dbt/command_line_dbt_runner.py", line 115, in _run_command
    result = self._inner_run_command(
  File "/Users/sujeetkohli/Repositories/analytics_pipeline/venv/lib/python3.9/site-packages/elementary/clients/dbt/api_dbt_runner.py", line 54, in _inner_run_command
    raise DbtCommandError(
elementary.exceptions.exceptions.DbtCommandError: Failed to run dbt command.
Path '/Users/sujeetkohli/.dbt' does not exist.
2025-10-27 15:44:47 — DEBUG — Running dbt command --log-format json run-operation elementary.log_macro_results --args {"macro_name": "elementary_cli.get_elementary_database_and_schema", "macro_args": {}} --project-dir /Users/sujeetkohli/Repositories/analytics_pipeline/venv/lib/python3.9/site-packages/elementary/monitor/dbt_project
[31;20m2025-10-27 15:44:47 — ERROR — Failed to parse Elementary's database and schema.[0m
2025-10-27 15:44:47 — INFO — Running dbt command --log-format json run-operation elementary.log_macro_results --args {"macro_name": "elementary_cli.get_test_results", "macro_args": {"days_back": 7, "invocations_per_test": 720, "disable_passed_test_metrics": false}} --project-dir /Users/sujeetkohli/Repositories/analytics_pipeline/venv/lib/python3.9/site-packages/elementary/monitor/dbt_project
[31;20m2025-10-27 15:44:47 — ERROR — Could not generate the report - Error: Failed to run dbt command.
Path '/Users/sujeetkohli/.dbt' does not exist.
Please reach out to our community for help with this issue.[0m
Traceback (most recent call last):
  File "/Users/sujeetkohli/Repositories/analytics_pipeline/venv/lib/python3.9/site-packages/elementary/monitor/api/report/report.py", line 84, in get_report_data
    tests_api = TestsAPI(
  File "/Users/sujeetkohli/Repositories/analytics_pipeline/venv/lib/python3.9/site-packages/elementary/monitor/api/tests/tests.py", line 52, in __init__
    self.test_results_db_rows = self._get_test_results_db_rows(
  File "/Users/sujeetkohli/Repositories/analytics_pipeline/venv/lib/python3.9/site-packages/elementary/monitor/api/tests/tests.py", line 64, in _get_test_results_db_rows
    return self.tests_fetcher.get_all_test_results_db_rows(
  File "/Users/sujeetkohli/Repositories/analytics_pipeline/venv/lib/python3.9/site-packages/elementary/monitor/fetchers/tests/tests.py", line 26, in get_all_test_results_db_rows
    run_operation_response = self.dbt_runner.run_operation(
  File "/Users/sujeetkohli/Repositories/analytics_pipeline/venv/lib/python3.9/site-packages/elementary/clients/dbt/command_line_dbt_runner.py", line 178, in run_operation
    result = self._run_command(
  File "/Users/sujeetkohli/Repositories/analytics_pipeline/venv/lib/python3.9/site-packages/elementary/clients/dbt/command_line_dbt_runner.py", line 115, in _run_command
    result = self._inner_run_command(
  File "/Users/sujeetkohli/Repositories/analytics_pipeline/venv/lib/python3.9/site-packages/elementary/clients/dbt/api_dbt_runner.py", line 54, in _inner_run_command
    raise DbtCommandError(
elementary.exceptions.exceptions.DbtCommandError: Failed to run dbt command.
Path '/Users/sujeetkohli/.dbt' does not exist.
2025-10-27 15:53:29 — INFO — Running with edr=0.20.0
2025-10-27 15:53:29 — DEBUG — Running dbt command --log-format json run-operation elementary.log_macro_results --args {"macro_name": "elementary_cli.get_latest_invocation", "macro_args": {}} --project-dir /Users/sujeetkohli/Repositories/analytics_pipeline/venv/lib/python3.9/site-packages/elementary/monitor/dbt_project
[31;20m2025-10-27 15:53:29 — ERROR — Unable to get the latest invocation: Failed to run dbt command.
Runtime Error
  The profile 'elementary' does not have a target named 'dev'. The valid target names for this profile are:
   - default[0m
2025-10-27 15:53:29 — DEBUG — Running dbt command --log-format json run-operation elementary.log_macro_results --args {"macro_name": "elementary_cli.get_adapter_type_and_unique_id", "macro_args": {}} --project-dir /Users/sujeetkohli/Repositories/analytics_pipeline/venv/lib/python3.9/site-packages/elementary/monitor/dbt_project
2025-10-27 15:53:29 — DEBUG — Could not get warehouse info.
Traceback (most recent call last):
  File "/Users/sujeetkohli/Repositories/analytics_pipeline/venv/lib/python3.9/site-packages/elementary/monitor/data_monitoring/data_monitoring.py", line 140, in _get_warehouse_info
    self.internal_dbt_runner.run_operation(
  File "/Users/sujeetkohli/Repositories/analytics_pipeline/venv/lib/python3.9/site-packages/elementary/clients/dbt/command_line_dbt_runner.py", line 178, in run_operation
    result = self._run_command(
  File "/Users/sujeetkohli/Repositories/analytics_pipeline/venv/lib/python3.9/site-packages/elementary/clients/dbt/command_line_dbt_runner.py", line 115, in _run_command
    result = self._inner_run_command(
  File "/Users/sujeetkohli/Repositories/analytics_pipeline/venv/lib/python3.9/site-packages/elementary/clients/dbt/api_dbt_runner.py", line 54, in _inner_run_command
    raise DbtCommandError(
elementary.exceptions.exceptions.DbtCommandError: Failed to run dbt command.
Runtime Error
  The profile 'elementary' does not have a target named 'dev'. The valid target names for this profile are:
   - default
2025-10-27 15:53:29 — DEBUG — Running dbt command --log-format json run-operation elementary.log_macro_results --args {"macro_name": "elementary_cli.get_elementary_database_and_schema", "macro_args": {}} --project-dir /Users/sujeetkohli/Repositories/analytics_pipeline/venv/lib/python3.9/site-packages/elementary/monitor/dbt_project
[31;20m2025-10-27 15:53:30 — ERROR — Failed to parse Elementary's database and schema.[0m
2025-10-27 15:53:30 — INFO — Running dbt command --log-format json run-operation elementary.log_macro_results --args {"macro_name": "elementary_cli.get_test_results", "macro_args": {"days_back": 7, "invocations_per_test": 720, "disable_passed_test_metrics": false}} --project-dir /Users/sujeetkohli/Repositories/analytics_pipeline/venv/lib/python3.9/site-packages/elementary/monitor/dbt_project
[31;20m2025-10-27 15:53:30 — ERROR — Could not generate the report - Error: Failed to run dbt command.
Runtime Error
  The profile 'elementary' does not have a target named 'dev'. The valid target names for this profile are:
   - default
Please reach out to our community for help with this issue.[0m
Traceback (most recent call last):
  File "/Users/sujeetkohli/Repositories/analytics_pipeline/venv/lib/python3.9/site-packages/elementary/monitor/api/report/report.py", line 84, in get_report_data
    tests_api = TestsAPI(
  File "/Users/sujeetkohli/Repositories/analytics_pipeline/venv/lib/python3.9/site-packages/elementary/monitor/api/tests/tests.py", line 52, in __init__
    self.test_results_db_rows = self._get_test_results_db_rows(
  File "/Users/sujeetkohli/Repositories/analytics_pipeline/venv/lib/python3.9/site-packages/elementary/monitor/api/tests/tests.py", line 64, in _get_test_results_db_rows
    return self.tests_fetcher.get_all_test_results_db_rows(
  File "/Users/sujeetkohli/Repositories/analytics_pipeline/venv/lib/python3.9/site-packages/elementary/monitor/fetchers/tests/tests.py", line 26, in get_all_test_results_db_rows
    run_operation_response = self.dbt_runner.run_operation(
  File "/Users/sujeetkohli/Repositories/analytics_pipeline/venv/lib/python3.9/site-packages/elementary/clients/dbt/command_line_dbt_runner.py", line 178, in run_operation
    result = self._run_command(
  File "/Users/sujeetkohli/Repositories/analytics_pipeline/venv/lib/python3.9/site-packages/elementary/clients/dbt/command_line_dbt_runner.py", line 115, in _run_command
    result = self._inner_run_command(
  File "/Users/sujeetkohli/Repositories/analytics_pipeline/venv/lib/python3.9/site-packages/elementary/clients/dbt/api_dbt_runner.py", line 54, in _inner_run_command
    raise DbtCommandError(
elementary.exceptions.exceptions.DbtCommandError: Failed to run dbt command.
Runtime Error
  The profile 'elementary' does not have a target named 'dev'. The valid target names for this profile are:
   - default
2025-10-27 15:53:55 — INFO — Running with edr=0.20.0
2025-10-27 15:53:56 — DEBUG — Running dbt command --log-format json run-operation elementary.log_macro_results --args {"macro_name": "elementary_cli.get_latest_invocation", "macro_args": {}} --project-dir /Users/sujeetkohli/Repositories/analytics_pipeline/venv/lib/python3.9/site-packages/elementary/monitor/dbt_project
[31;20m2025-10-27 15:54:14 — ERROR — Unable to get the latest invocation: Failed to run dbt command.[0m
2025-10-27 15:54:14 — DEBUG — Running dbt command --log-format json run-operation elementary.log_macro_results --args {"macro_name": "elementary_cli.get_adapter_type_and_unique_id", "macro_args": {}} --project-dir /Users/sujeetkohli/Repositories/analytics_pipeline/venv/lib/python3.9/site-packages/elementary/monitor/dbt_project
2025-10-27 15:54:15 — DEBUG — Result bytes size for command '['--log-format', 'json', 'run-operation', 'elementary.log_macro_results', '--args', '{"macro_name": "elementary_cli.get_adapter_type_and_unique_id", "macro_args": {}}', '--project-dir', '/Users/sujeetkohli/Repositories/analytics_pipeline/venv/lib/python3.9/site-packages/elementary/monitor/dbt_project']' is 518
2025-10-27 15:54:15 — DEBUG — Running dbt command --log-format json run-operation elementary.log_macro_results --args {"macro_name": "elementary_cli.get_elementary_database_and_schema", "macro_args": {}} --project-dir /Users/sujeetkohli/Repositories/analytics_pipeline/venv/lib/python3.9/site-packages/elementary/monitor/dbt_project
2025-10-27 15:54:15 — DEBUG — Result bytes size for command '['--log-format', 'json', 'run-operation', 'elementary.log_macro_results', '--args', '{"macro_name": "elementary_cli.get_elementary_database_and_schema", "macro_args": {}}', '--project-dir', '/Users/sujeetkohli/Repositories/analytics_pipeline/venv/lib/python3.9/site-packages/elementary/monitor/dbt_project']' is 476
2025-10-27 15:54:15 — INFO — Elementary's database and schema: '"sujeet_data_analytics_workspace.edr"'
2025-10-27 15:54:15 — INFO — Running dbt command --log-format json run-operation elementary.log_macro_results --args {"macro_name": "elementary_cli.get_test_results", "macro_args": {"days_back": 7, "invocations_per_test": 720, "disable_passed_test_metrics": false}} --project-dir /Users/sujeetkohli/Repositories/analytics_pipeline/venv/lib/python3.9/site-packages/elementary/monitor/dbt_project
[31;20m2025-10-27 15:54:19 — ERROR — Could not generate the report - Error: Failed to run dbt command.
Please reach out to our community for help with this issue.[0m
Traceback (most recent call last):
  File "/Users/sujeetkohli/Repositories/analytics_pipeline/venv/lib/python3.9/site-packages/elementary/monitor/api/report/report.py", line 84, in get_report_data
    tests_api = TestsAPI(
  File "/Users/sujeetkohli/Repositories/analytics_pipeline/venv/lib/python3.9/site-packages/elementary/monitor/api/tests/tests.py", line 52, in __init__
    self.test_results_db_rows = self._get_test_results_db_rows(
  File "/Users/sujeetkohli/Repositories/analytics_pipeline/venv/lib/python3.9/site-packages/elementary/monitor/api/tests/tests.py", line 64, in _get_test_results_db_rows
    return self.tests_fetcher.get_all_test_results_db_rows(
  File "/Users/sujeetkohli/Repositories/analytics_pipeline/venv/lib/python3.9/site-packages/elementary/monitor/fetchers/tests/tests.py", line 26, in get_all_test_results_db_rows
    run_operation_response = self.dbt_runner.run_operation(
  File "/Users/sujeetkohli/Repositories/analytics_pipeline/venv/lib/python3.9/site-packages/elementary/clients/dbt/command_line_dbt_runner.py", line 178, in run_operation
    result = self._run_command(
  File "/Users/sujeetkohli/Repositories/analytics_pipeline/venv/lib/python3.9/site-packages/elementary/clients/dbt/command_line_dbt_runner.py", line 115, in _run_command
    result = self._inner_run_command(
  File "/Users/sujeetkohli/Repositories/analytics_pipeline/venv/lib/python3.9/site-packages/elementary/clients/dbt/api_dbt_runner.py", line 54, in _inner_run_command
    raise DbtCommandError(
elementary.exceptions.exceptions.DbtCommandError: Failed to run dbt command.
2025-10-27 15:54:25 — INFO — Running with edr=0.20.0
2025-10-27 15:54:26 — DEBUG — Running dbt command --log-format json run-operation elementary.log_macro_results --args {"macro_name": "elementary_cli.get_latest_invocation", "macro_args": {}} --project-dir /Users/sujeetkohli/Repositories/analytics_pipeline/venv/lib/python3.9/site-packages/elementary/monitor/dbt_project
[31;20m2025-10-27 15:55:17 — ERROR — Unable to get the latest invocation: Failed to run dbt command.[0m
2025-10-27 15:55:17 — DEBUG — Running dbt command --log-format json run-operation elementary.log_macro_results --args {"macro_name": "elementary_cli.get_adapter_type_and_unique_id", "macro_args": {}} --project-dir /Users/sujeetkohli/Repositories/analytics_pipeline/venv/lib/python3.9/site-packages/elementary/monitor/dbt_project
2025-10-27 15:55:18 — DEBUG — Result bytes size for command '['--log-format', 'json', 'run-operation', 'elementary.log_macro_results', '--args', '{"macro_name": "elementary_cli.get_adapter_type_and_unique_id", "macro_args": {}}', '--project-dir', '/Users/sujeetkohli/Repositories/analytics_pipeline/venv/lib/python3.9/site-packages/elementary/monitor/dbt_project']' is 518
2025-10-27 15:55:18 — DEBUG — Running dbt command --log-format json run-operation elementary.log_macro_results --args {"macro_name": "elementary_cli.get_elementary_database_and_schema", "macro_args": {}} --project-dir /Users/sujeetkohli/Repositories/analytics_pipeline/venv/lib/python3.9/site-packages/elementary/monitor/dbt_project
2025-10-27 15:55:18 — DEBUG — Result bytes size for command '['--log-format', 'json', 'run-operation', 'elementary.log_macro_results', '--args', '{"macro_name": "elementary_cli.get_elementary_database_and_schema", "macro_args": {}}', '--project-dir', '/Users/sujeetkohli/Repositories/analytics_pipeline/venv/lib/python3.9/site-packages/elementary/monitor/dbt_project']' is 476
2025-10-27 15:55:18 — INFO — Elementary's database and schema: '"sujeet_data_analytics_workspace.edr"'
2025-10-27 15:55:18 — INFO — Running dbt command --log-format json run-operation elementary.log_macro_results --args {"macro_name": "elementary_cli.get_test_results", "macro_args": {"days_back": 7, "invocations_per_test": 720, "disable_passed_test_metrics": false}} --project-dir /Users/sujeetkohli/Repositories/analytics_pipeline/venv/lib/python3.9/site-packages/elementary/monitor/dbt_project
[31;20m2025-10-27 15:55:21 — ERROR — Could not generate the report - Error: Failed to run dbt command.
Please reach out to our community for help with this issue.[0m
Traceback (most recent call last):
  File "/Users/sujeetkohli/Repositories/analytics_pipeline/venv/lib/python3.9/site-packages/elementary/monitor/api/report/report.py", line 84, in get_report_data
    tests_api = TestsAPI(
  File "/Users/sujeetkohli/Repositories/analytics_pipeline/venv/lib/python3.9/site-packages/elementary/monitor/api/tests/tests.py", line 52, in __init__
    self.test_results_db_rows = self._get_test_results_db_rows(
  File "/Users/sujeetkohli/Repositories/analytics_pipeline/venv/lib/python3.9/site-packages/elementary/monitor/api/tests/tests.py", line 64, in _get_test_results_db_rows
    return self.tests_fetcher.get_all_test_results_db_rows(
  File "/Users/sujeetkohli/Repositories/analytics_pipeline/venv/lib/python3.9/site-packages/elementary/monitor/fetchers/tests/tests.py", line 26, in get_all_test_results_db_rows
    run_operation_response = self.dbt_runner.run_operation(
  File "/Users/sujeetkohli/Repositories/analytics_pipeline/venv/lib/python3.9/site-packages/elementary/clients/dbt/command_line_dbt_runner.py", line 178, in run_operation
    result = self._run_command(
  File "/Users/sujeetkohli/Repositories/analytics_pipeline/venv/lib/python3.9/site-packages/elementary/clients/dbt/command_line_dbt_runner.py", line 115, in _run_command
    result = self._inner_run_command(
  File "/Users/sujeetkohli/Repositories/analytics_pipeline/venv/lib/python3.9/site-packages/elementary/clients/dbt/api_dbt_runner.py", line 54, in _inner_run_command
    raise DbtCommandError(
elementary.exceptions.exceptions.DbtCommandError: Failed to run dbt command.
2025-10-27 16:02:46 — INFO — Running with edr=0.20.0
2025-10-27 16:02:46 — DEBUG — Running dbt command --log-format json run-operation elementary.log_macro_results --args {"macro_name": "elementary_cli.get_latest_invocation", "macro_args": {}} --project-dir /Users/sujeetkohli/Repositories/analytics_pipeline/venv/lib/python3.9/site-packages/elementary/monitor/dbt_project
2025-10-27 16:02:50 — DEBUG — Result bytes size for command '['--log-format', 'json', 'run-operation', 'elementary.log_macro_results', '--args', '{"macro_name": "elementary_cli.get_latest_invocation", "macro_args": {}}', '--project-dir', '/Users/sujeetkohli/Repositories/analytics_pipeline/venv/lib/python3.9/site-packages/elementary/monitor/dbt_project']' is 3886
2025-10-27 16:02:50 — DEBUG — Running dbt command --log-format json run-operation elementary.log_macro_results --args {"macro_name": "elementary_cli.get_adapter_type_and_unique_id", "macro_args": {}} --project-dir /Users/sujeetkohli/Repositories/analytics_pipeline/venv/lib/python3.9/site-packages/elementary/monitor/dbt_project
2025-10-27 16:02:50 — DEBUG — Result bytes size for command '['--log-format', 'json', 'run-operation', 'elementary.log_macro_results', '--args', '{"macro_name": "elementary_cli.get_adapter_type_and_unique_id", "macro_args": {}}', '--project-dir', '/Users/sujeetkohli/Repositories/analytics_pipeline/venv/lib/python3.9/site-packages/elementary/monitor/dbt_project']' is 518
[33;20m2025-10-27 16:02:50 — WARNING — You are using incompatible versions between edr (0.20.0) and Elementary's dbt package (0.19.4).
 To fix please update your packages.yml, and run:
dbt deps && dbt run --select elementary
[0m
2025-10-27 16:02:50 — DEBUG — Running dbt command --log-format json run-operation elementary.log_macro_results --args {"macro_name": "elementary_cli.get_elementary_database_and_schema", "macro_args": {}} --project-dir /Users/sujeetkohli/Repositories/analytics_pipeline/venv/lib/python3.9/site-packages/elementary/monitor/dbt_project
2025-10-27 16:02:50 — DEBUG — Result bytes size for command '['--log-format', 'json', 'run-operation', 'elementary.log_macro_results', '--args', '{"macro_name": "elementary_cli.get_elementary_database_and_schema", "macro_args": {}}', '--project-dir', '/Users/sujeetkohli/Repositories/analytics_pipeline/venv/lib/python3.9/site-packages/elementary/monitor/dbt_project']' is 476
2025-10-27 16:02:50 — INFO — Elementary's database and schema: '"sujeet_data_analytics_workspace.edr"'
2025-10-27 16:02:50 — INFO — Running dbt command --log-format json run-operation elementary.log_macro_results --args {"macro_name": "elementary_cli.get_test_results", "macro_args": {"days_back": 7, "invocations_per_test": 720, "disable_passed_test_metrics": false}} --project-dir /Users/sujeetkohli/Repositories/analytics_pipeline/venv/lib/python3.9/site-packages/elementary/monitor/dbt_project
2025-10-27 16:02:57 — DEBUG — Result bytes size for command '['--log-format', 'json', 'run-operation', 'elementary.log_macro_results', '--args', '{"macro_name": "elementary_cli.get_test_results", "macro_args": {"days_back": 7, "invocations_per_test": 720, "disable_passed_test_metrics": false}}', '--project-dir', '/Users/sujeetkohli/Repositories/analytics_pipeline/venv/lib/python3.9/site-packages/elementary/monitor/dbt_project']' is 1278758
2025-10-27 16:02:57 — INFO — Running dbt command --log-format json run-operation elementary.log_macro_results --args {"macro_name": "elementary_cli.get_source_freshness_results", "macro_args": {"days_back": 7, "invocations_per_test": 720}} --project-dir /Users/sujeetkohli/Repositories/analytics_pipeline/venv/lib/python3.9/site-packages/elementary/monitor/dbt_project
2025-10-27 16:02:59 — DEBUG — Result bytes size for command '['--log-format', 'json', 'run-operation', 'elementary.log_macro_results', '--args', '{"macro_name": "elementary_cli.get_source_freshness_results", "macro_args": {"days_back": 7, "invocations_per_test": 720}}', '--project-dir', '/Users/sujeetkohli/Repositories/analytics_pipeline/venv/lib/python3.9/site-packages/elementary/monitor/dbt_project']' is 402
2025-10-27 16:02:59 — INFO — Running dbt command --log-format json run-operation elementary.log_macro_results --args {"macro_name": "elementary_cli.get_seeds", "macro_args": {}} --project-dir /Users/sujeetkohli/Repositories/analytics_pipeline/venv/lib/python3.9/site-packages/elementary/monitor/dbt_project
2025-10-27 16:03:00 — DEBUG — Result bytes size for command '['--log-format', 'json', 'run-operation', 'elementary.log_macro_results', '--args', '{"macro_name": "elementary_cli.get_seeds", "macro_args": {}}', '--project-dir', '/Users/sujeetkohli/Repositories/analytics_pipeline/venv/lib/python3.9/site-packages/elementary/monitor/dbt_project']' is 402
2025-10-27 16:03:00 — INFO — Running dbt command --log-format json run-operation elementary.log_macro_results --args {"macro_name": "elementary_cli.get_snapshots", "macro_args": {}} --project-dir /Users/sujeetkohli/Repositories/analytics_pipeline/venv/lib/python3.9/site-packages/elementary/monitor/dbt_project
2025-10-27 16:03:01 — DEBUG — Result bytes size for command '['--log-format', 'json', 'run-operation', 'elementary.log_macro_results', '--args', '{"macro_name": "elementary_cli.get_snapshots", "macro_args": {}}', '--project-dir', '/Users/sujeetkohli/Repositories/analytics_pipeline/venv/lib/python3.9/site-packages/elementary/monitor/dbt_project']' is 4868
2025-10-27 16:03:01 — INFO — Running dbt command --log-format json run-operation elementary.log_macro_results --args {"macro_name": "elementary_cli.get_models", "macro_args": {"exclude_elementary": true}} --project-dir /Users/sujeetkohli/Repositories/analytics_pipeline/venv/lib/python3.9/site-packages/elementary/monitor/dbt_project
2025-10-27 16:03:03 — DEBUG — Result bytes size for command '['--log-format', 'json', 'run-operation', 'elementary.log_macro_results', '--args', '{"macro_name": "elementary_cli.get_models", "macro_args": {"exclude_elementary": true}}', '--project-dir', '/Users/sujeetkohli/Repositories/analytics_pipeline/venv/lib/python3.9/site-packages/elementary/monitor/dbt_project']' is 63272
2025-10-27 16:03:03 — INFO — Running dbt command --log-format json run-operation elementary.log_macro_results --args {"macro_name": "elementary_cli.get_sources", "macro_args": {}} --project-dir /Users/sujeetkohli/Repositories/analytics_pipeline/venv/lib/python3.9/site-packages/elementary/monitor/dbt_project
2025-10-27 16:03:04 — DEBUG — Result bytes size for command '['--log-format', 'json', 'run-operation', 'elementary.log_macro_results', '--args', '{"macro_name": "elementary_cli.get_sources", "macro_args": {}}', '--project-dir', '/Users/sujeetkohli/Repositories/analytics_pipeline/venv/lib/python3.9/site-packages/elementary/monitor/dbt_project']' is 7170
2025-10-27 16:03:04 — INFO — Running dbt command --log-format json run-operation elementary.log_macro_results --args {"macro_name": "elementary_cli.get_exposures", "macro_args": {}} --project-dir /Users/sujeetkohli/Repositories/analytics_pipeline/venv/lib/python3.9/site-packages/elementary/monitor/dbt_project
2025-10-27 16:03:06 — DEBUG — Result bytes size for command '['--log-format', 'json', 'run-operation', 'elementary.log_macro_results', '--args', '{"macro_name": "elementary_cli.get_exposures", "macro_args": {}}', '--project-dir', '/Users/sujeetkohli/Repositories/analytics_pipeline/venv/lib/python3.9/site-packages/elementary/monitor/dbt_project']' is 402
2025-10-27 16:03:06 — INFO — Running dbt command --log-format json run-operation elementary.log_macro_results --args {"macro_name": "elementary_cli.get_singular_tests", "macro_args": {}} --project-dir /Users/sujeetkohli/Repositories/analytics_pipeline/venv/lib/python3.9/site-packages/elementary/monitor/dbt_project
2025-10-27 16:03:08 — DEBUG — Result bytes size for command '['--log-format', 'json', 'run-operation', 'elementary.log_macro_results', '--args', '{"macro_name": "elementary_cli.get_singular_tests", "macro_args": {}}', '--project-dir', '/Users/sujeetkohli/Repositories/analytics_pipeline/venv/lib/python3.9/site-packages/elementary/monitor/dbt_project']' is 1538
2025-10-27 16:03:08 — INFO — Running dbt command --log-format json run-operation elementary.log_macro_results --args {"macro_name": "elementary_cli.get_models_runs", "macro_args": {"days_back": 7, "exclude_elementary": true}} --project-dir /Users/sujeetkohli/Repositories/analytics_pipeline/venv/lib/python3.9/site-packages/elementary/monitor/dbt_project
2025-10-27 16:03:09 — DEBUG — Result bytes size for command '['--log-format', 'json', 'run-operation', 'elementary.log_macro_results', '--args', '{"macro_name": "elementary_cli.get_models_runs", "macro_args": {"days_back": 7, "exclude_elementary": true}}', '--project-dir', '/Users/sujeetkohli/Repositories/analytics_pipeline/venv/lib/python3.9/site-packages/elementary/monitor/dbt_project']' is 18050
2025-10-27 16:03:09 — INFO — Running dbt command --log-format json run-operation elementary.log_macro_results --args {"macro_name": "elementary_cli.get_dbt_models_test_coverage", "macro_args": {}} --project-dir /Users/sujeetkohli/Repositories/analytics_pipeline/venv/lib/python3.9/site-packages/elementary/monitor/dbt_project
2025-10-27 16:03:11 — DEBUG — Result bytes size for command '['--log-format', 'json', 'run-operation', 'elementary.log_macro_results', '--args', '{"macro_name": "elementary_cli.get_dbt_models_test_coverage", "macro_args": {}}', '--project-dir', '/Users/sujeetkohli/Repositories/analytics_pipeline/venv/lib/python3.9/site-packages/elementary/monitor/dbt_project']' is 7030
2025-10-27 16:03:11 — INFO — Running dbt command --log-format json run-operation elementary.log_macro_results --args {"macro_name": "elementary_cli.get_tests", "macro_args": {}} --project-dir /Users/sujeetkohli/Repositories/analytics_pipeline/venv/lib/python3.9/site-packages/elementary/monitor/dbt_project
2025-10-27 16:03:13 — DEBUG — Result bytes size for command '['--log-format', 'json', 'run-operation', 'elementary.log_macro_results', '--args', '{"macro_name": "elementary_cli.get_tests", "macro_args": {}}', '--project-dir', '/Users/sujeetkohli/Repositories/analytics_pipeline/venv/lib/python3.9/site-packages/elementary/monitor/dbt_project']' is 680926
2025-10-27 16:03:13 — INFO — Running dbt command --log-format json run-operation elementary.log_macro_results --args {"macro_name": "elementary_cli.get_nodes_depends_on_nodes", "macro_args": {"exclude_elementary": true}} --project-dir /Users/sujeetkohli/Repositories/analytics_pipeline/venv/lib/python3.9/site-packages/elementary/monitor/dbt_project
2025-10-27 16:03:15 — DEBUG — Result bytes size for command '['--log-format', 'json', 'run-operation', 'elementary.log_macro_results', '--args', '{"macro_name": "elementary_cli.get_nodes_depends_on_nodes", "macro_args": {"exclude_elementary": true}}', '--project-dir', '/Users/sujeetkohli/Repositories/analytics_pipeline/venv/lib/python3.9/site-packages/elementary/monitor/dbt_project']' is 21386
2025-10-27 16:03:15 — INFO — Running dbt command --log-format json run-operation elementary.log_macro_results --args {"macro_name": "elementary_cli.get_models_latest_invocation", "macro_args": {}} --project-dir /Users/sujeetkohli/Repositories/analytics_pipeline/venv/lib/python3.9/site-packages/elementary/monitor/dbt_project
2025-10-27 16:03:16 — DEBUG — Result bytes size for command '['--log-format', 'json', 'run-operation', 'elementary.log_macro_results', '--args', '{"macro_name": "elementary_cli.get_models_latest_invocation", "macro_args": {}}', '--project-dir', '/Users/sujeetkohli/Repositories/analytics_pipeline/venv/lib/python3.9/site-packages/elementary/monitor/dbt_project']' is 7696
2025-10-27 16:03:16 — INFO — Running dbt command --log-format json run-operation elementary.log_macro_results --args {"macro_name": "elementary_cli.get_models_latest_invocations_data", "macro_args": {}} --project-dir /Users/sujeetkohli/Repositories/analytics_pipeline/venv/lib/python3.9/site-packages/elementary/monitor/dbt_project
2025-10-27 16:03:18 — DEBUG — Result bytes size for command '['--log-format', 'json', 'run-operation', 'elementary.log_macro_results', '--args', '{"macro_name": "elementary_cli.get_models_latest_invocations_data", "macro_args": {}}', '--project-dir', '/Users/sujeetkohli/Repositories/analytics_pipeline/venv/lib/python3.9/site-packages/elementary/monitor/dbt_project']' is 1396
2025-10-27 16:10:29 — INFO — Running with edr=0.20.0
2025-10-27 16:10:29 — DEBUG — Running dbt command --log-format json run-operation elementary.log_macro_results --args {"macro_name": "elementary_cli.get_latest_invocation", "macro_args": {}} --project-dir /Users/sujeetkohli/Repositories/analytics_pipeline/venv/lib/python3.9/site-packages/elementary/monitor/dbt_project
2025-10-27 16:10:32 — DEBUG — Result bytes size for command '['--log-format', 'json', 'run-operation', 'elementary.log_macro_results', '--args', '{"macro_name": "elementary_cli.get_latest_invocation", "macro_args": {}}', '--project-dir', '/Users/sujeetkohli/Repositories/analytics_pipeline/venv/lib/python3.9/site-packages/elementary/monitor/dbt_project']' is 3886
2025-10-27 16:10:32 — DEBUG — Running dbt command --log-format json run-operation elementary.log_macro_results --args {"macro_name": "elementary_cli.get_adapter_type_and_unique_id", "macro_args": {}} --project-dir /Users/sujeetkohli/Repositories/analytics_pipeline/venv/lib/python3.9/site-packages/elementary/monitor/dbt_project
2025-10-27 16:10:33 — DEBUG — Result bytes size for command '['--log-format', 'json', 'run-operation', 'elementary.log_macro_results', '--args', '{"macro_name": "elementary_cli.get_adapter_type_and_unique_id", "macro_args": {}}', '--project-dir', '/Users/sujeetkohli/Repositories/analytics_pipeline/venv/lib/python3.9/site-packages/elementary/monitor/dbt_project']' is 518
[33;20m2025-10-27 16:10:33 — WARNING — You are using incompatible versions between edr (0.20.0) and Elementary's dbt package (0.19.4).
 To fix please update your packages.yml, and run:
dbt deps && dbt run --select elementary
[0m
2025-10-27 16:10:33 — DEBUG — Running dbt command --log-format json run-operation elementary.log_macro_results --args {"macro_name": "elementary_cli.get_elementary_database_and_schema", "macro_args": {}} --project-dir /Users/sujeetkohli/Repositories/analytics_pipeline/venv/lib/python3.9/site-packages/elementary/monitor/dbt_project
2025-10-27 16:10:33 — DEBUG — Result bytes size for command '['--log-format', 'json', 'run-operation', 'elementary.log_macro_results', '--args', '{"macro_name": "elementary_cli.get_elementary_database_and_schema", "macro_args": {}}', '--project-dir', '/Users/sujeetkohli/Repositories/analytics_pipeline/venv/lib/python3.9/site-packages/elementary/monitor/dbt_project']' is 476
2025-10-27 16:10:33 — INFO — Elementary's database and schema: '"sujeet_data_analytics_workspace.edr"'
2025-10-27 16:10:33 — INFO — Running dbt command --log-format json run-operation elementary.log_macro_results --args {"macro_name": "elementary_cli.get_test_results", "macro_args": {"days_back": 7, "invocations_per_test": 720, "disable_passed_test_metrics": false}} --project-dir /Users/sujeetkohli/Repositories/analytics_pipeline/venv/lib/python3.9/site-packages/elementary/monitor/dbt_project
2025-10-27 16:10:40 — DEBUG — Result bytes size for command '['--log-format', 'json', 'run-operation', 'elementary.log_macro_results', '--args', '{"macro_name": "elementary_cli.get_test_results", "macro_args": {"days_back": 7, "invocations_per_test": 720, "disable_passed_test_metrics": false}}', '--project-dir', '/Users/sujeetkohli/Repositories/analytics_pipeline/venv/lib/python3.9/site-packages/elementary/monitor/dbt_project']' is 2396754
2025-10-27 16:10:40 — INFO — Running dbt command --log-format json run-operation elementary.log_macro_results --args {"macro_name": "elementary_cli.get_source_freshness_results", "macro_args": {"days_back": 7, "invocations_per_test": 720}} --project-dir /Users/sujeetkohli/Repositories/analytics_pipeline/venv/lib/python3.9/site-packages/elementary/monitor/dbt_project
2025-10-27 16:10:42 — DEBUG — Result bytes size for command '['--log-format', 'json', 'run-operation', 'elementary.log_macro_results', '--args', '{"macro_name": "elementary_cli.get_source_freshness_results", "macro_args": {"days_back": 7, "invocations_per_test": 720}}', '--project-dir', '/Users/sujeetkohli/Repositories/analytics_pipeline/venv/lib/python3.9/site-packages/elementary/monitor/dbt_project']' is 402
2025-10-27 16:10:42 — INFO — Running dbt command --log-format json run-operation elementary.log_macro_results --args {"macro_name": "elementary_cli.get_seeds", "macro_args": {}} --project-dir /Users/sujeetkohli/Repositories/analytics_pipeline/venv/lib/python3.9/site-packages/elementary/monitor/dbt_project
2025-10-27 16:10:43 — DEBUG — Result bytes size for command '['--log-format', 'json', 'run-operation', 'elementary.log_macro_results', '--args', '{"macro_name": "elementary_cli.get_seeds", "macro_args": {}}', '--project-dir', '/Users/sujeetkohli/Repositories/analytics_pipeline/venv/lib/python3.9/site-packages/elementary/monitor/dbt_project']' is 402
2025-10-27 16:10:43 — INFO — Running dbt command --log-format json run-operation elementary.log_macro_results --args {"macro_name": "elementary_cli.get_snapshots", "macro_args": {}} --project-dir /Users/sujeetkohli/Repositories/analytics_pipeline/venv/lib/python3.9/site-packages/elementary/monitor/dbt_project
2025-10-27 16:10:44 — DEBUG — Result bytes size for command '['--log-format', 'json', 'run-operation', 'elementary.log_macro_results', '--args', '{"macro_name": "elementary_cli.get_snapshots", "macro_args": {}}', '--project-dir', '/Users/sujeetkohli/Repositories/analytics_pipeline/venv/lib/python3.9/site-packages/elementary/monitor/dbt_project']' is 4868
2025-10-27 16:10:44 — INFO — Running dbt command --log-format json run-operation elementary.log_macro_results --args {"macro_name": "elementary_cli.get_models", "macro_args": {"exclude_elementary": true}} --project-dir /Users/sujeetkohli/Repositories/analytics_pipeline/venv/lib/python3.9/site-packages/elementary/monitor/dbt_project
2025-10-27 16:10:46 — DEBUG — Result bytes size for command '['--log-format', 'json', 'run-operation', 'elementary.log_macro_results', '--args', '{"macro_name": "elementary_cli.get_models", "macro_args": {"exclude_elementary": true}}', '--project-dir', '/Users/sujeetkohli/Repositories/analytics_pipeline/venv/lib/python3.9/site-packages/elementary/monitor/dbt_project']' is 63272
2025-10-27 16:10:46 — INFO — Running dbt command --log-format json run-operation elementary.log_macro_results --args {"macro_name": "elementary_cli.get_sources", "macro_args": {}} --project-dir /Users/sujeetkohli/Repositories/analytics_pipeline/venv/lib/python3.9/site-packages/elementary/monitor/dbt_project
2025-10-27 16:10:47 — DEBUG — Result bytes size for command '['--log-format', 'json', 'run-operation', 'elementary.log_macro_results', '--args', '{"macro_name": "elementary_cli.get_sources", "macro_args": {}}', '--project-dir', '/Users/sujeetkohli/Repositories/analytics_pipeline/venv/lib/python3.9/site-packages/elementary/monitor/dbt_project']' is 7170
2025-10-27 16:10:47 — INFO — Running dbt command --log-format json run-operation elementary.log_macro_results --args {"macro_name": "elementary_cli.get_exposures", "macro_args": {}} --project-dir /Users/sujeetkohli/Repositories/analytics_pipeline/venv/lib/python3.9/site-packages/elementary/monitor/dbt_project
2025-10-27 16:10:50 — DEBUG — Result bytes size for command '['--log-format', 'json', 'run-operation', 'elementary.log_macro_results', '--args', '{"macro_name": "elementary_cli.get_exposures", "macro_args": {}}', '--project-dir', '/Users/sujeetkohli/Repositories/analytics_pipeline/venv/lib/python3.9/site-packages/elementary/monitor/dbt_project']' is 402
2025-10-27 16:10:50 — INFO — Running dbt command --log-format json run-operation elementary.log_macro_results --args {"macro_name": "elementary_cli.get_singular_tests", "macro_args": {}} --project-dir /Users/sujeetkohli/Repositories/analytics_pipeline/venv/lib/python3.9/site-packages/elementary/monitor/dbt_project
2025-10-27 16:10:51 — DEBUG — Result bytes size for command '['--log-format', 'json', 'run-operation', 'elementary.log_macro_results', '--args', '{"macro_name": "elementary_cli.get_singular_tests", "macro_args": {}}', '--project-dir', '/Users/sujeetkohli/Repositories/analytics_pipeline/venv/lib/python3.9/site-packages/elementary/monitor/dbt_project']' is 1538
2025-10-27 16:10:51 — INFO — Running dbt command --log-format json run-operation elementary.log_macro_results --args {"macro_name": "elementary_cli.get_models_runs", "macro_args": {"days_back": 7, "exclude_elementary": true}} --project-dir /Users/sujeetkohli/Repositories/analytics_pipeline/venv/lib/python3.9/site-packages/elementary/monitor/dbt_project
2025-10-27 16:10:52 — DEBUG — Result bytes size for command '['--log-format', 'json', 'run-operation', 'elementary.log_macro_results', '--args', '{"macro_name": "elementary_cli.get_models_runs", "macro_args": {"days_back": 7, "exclude_elementary": true}}', '--project-dir', '/Users/sujeetkohli/Repositories/analytics_pipeline/venv/lib/python3.9/site-packages/elementary/monitor/dbt_project']' is 18050
2025-10-27 16:10:52 — INFO — Running dbt command --log-format json run-operation elementary.log_macro_results --args {"macro_name": "elementary_cli.get_dbt_models_test_coverage", "macro_args": {}} --project-dir /Users/sujeetkohli/Repositories/analytics_pipeline/venv/lib/python3.9/site-packages/elementary/monitor/dbt_project
2025-10-27 16:10:53 — DEBUG — Result bytes size for command '['--log-format', 'json', 'run-operation', 'elementary.log_macro_results', '--args', '{"macro_name": "elementary_cli.get_dbt_models_test_coverage", "macro_args": {}}', '--project-dir', '/Users/sujeetkohli/Repositories/analytics_pipeline/venv/lib/python3.9/site-packages/elementary/monitor/dbt_project']' is 7030
2025-10-27 16:10:53 — INFO — Running dbt command --log-format json run-operation elementary.log_macro_results --args {"macro_name": "elementary_cli.get_tests", "macro_args": {}} --project-dir /Users/sujeetkohli/Repositories/analytics_pipeline/venv/lib/python3.9/site-packages/elementary/monitor/dbt_project
2025-10-27 16:10:55 — DEBUG — Result bytes size for command '['--log-format', 'json', 'run-operation', 'elementary.log_macro_results', '--args', '{"macro_name": "elementary_cli.get_tests", "macro_args": {}}', '--project-dir', '/Users/sujeetkohli/Repositories/analytics_pipeline/venv/lib/python3.9/site-packages/elementary/monitor/dbt_project']' is 680926
2025-10-27 16:10:55 — INFO — Running dbt command --log-format json run-operation elementary.log_macro_results --args {"macro_name": "elementary_cli.get_nodes_depends_on_nodes", "macro_args": {"exclude_elementary": true}} --project-dir /Users/sujeetkohli/Repositories/analytics_pipeline/venv/lib/python3.9/site-packages/elementary/monitor/dbt_project
2025-10-27 16:10:57 — DEBUG — Result bytes size for command '['--log-format', 'json', 'run-operation', 'elementary.log_macro_results', '--args', '{"macro_name": "elementary_cli.get_nodes_depends_on_nodes", "macro_args": {"exclude_elementary": true}}', '--project-dir', '/Users/sujeetkohli/Repositories/analytics_pipeline/venv/lib/python3.9/site-packages/elementary/monitor/dbt_project']' is 21386
2025-10-27 16:10:57 — INFO — Running dbt command --log-format json run-operation elementary.log_macro_results --args {"macro_name": "elementary_cli.get_models_latest_invocation", "macro_args": {}} --project-dir /Users/sujeetkohli/Repositories/analytics_pipeline/venv/lib/python3.9/site-packages/elementary/monitor/dbt_project
2025-10-27 16:10:58 — DEBUG — Result bytes size for command '['--log-format', 'json', 'run-operation', 'elementary.log_macro_results', '--args', '{"macro_name": "elementary_cli.get_models_latest_invocation", "macro_args": {}}', '--project-dir', '/Users/sujeetkohli/Repositories/analytics_pipeline/venv/lib/python3.9/site-packages/elementary/monitor/dbt_project']' is 7696
2025-10-27 16:10:58 — INFO — Running dbt command --log-format json run-operation elementary.log_macro_results --args {"macro_name": "elementary_cli.get_models_latest_invocations_data", "macro_args": {}} --project-dir /Users/sujeetkohli/Repositories/analytics_pipeline/venv/lib/python3.9/site-packages/elementary/monitor/dbt_project
2025-10-27 16:11:00 — DEBUG — Result bytes size for command '['--log-format', 'json', 'run-operation', 'elementary.log_macro_results', '--args', '{"macro_name": "elementary_cli.get_models_latest_invocations_data", "macro_args": {}}', '--project-dir', '/Users/sujeetkohli/Repositories/analytics_pipeline/venv/lib/python3.9/site-packages/elementary/monitor/dbt_project']' is 1396
2025-10-27 16:33:29 — INFO — Running with edr=0.20.0
2025-10-27 16:33:29 — DEBUG — Running dbt command --log-format json run-operation elementary.log_macro_results --args {"macro_name": "elementary_cli.get_latest_invocation", "macro_args": {}} --project-dir /Users/sujeetkohli/Repositories/analytics_pipeline/venv/lib/python3.9/site-packages/elementary/monitor/dbt_project
2025-10-27 16:33:32 — DEBUG — Result bytes size for command '['--log-format', 'json', 'run-operation', 'elementary.log_macro_results', '--args', '{"macro_name": "elementary_cli.get_latest_invocation", "macro_args": {}}', '--project-dir', '/Users/sujeetkohli/Repositories/analytics_pipeline/venv/lib/python3.9/site-packages/elementary/monitor/dbt_project']' is 3886
2025-10-27 16:33:32 — DEBUG — Running dbt command --log-format json run-operation elementary.log_macro_results --args {"macro_name": "elementary_cli.get_adapter_type_and_unique_id", "macro_args": {}} --project-dir /Users/sujeetkohli/Repositories/analytics_pipeline/venv/lib/python3.9/site-packages/elementary/monitor/dbt_project
2025-10-27 16:33:32 — DEBUG — Result bytes size for command '['--log-format', 'json', 'run-operation', 'elementary.log_macro_results', '--args', '{"macro_name": "elementary_cli.get_adapter_type_and_unique_id", "macro_args": {}}', '--project-dir', '/Users/sujeetkohli/Repositories/analytics_pipeline/venv/lib/python3.9/site-packages/elementary/monitor/dbt_project']' is 518
[33;20m2025-10-27 16:33:32 — WARNING — You are using incompatible versions between edr (0.20.0) and Elementary's dbt package (0.19.4).
 To fix please update your packages.yml, and run:
dbt deps && dbt run --select elementary
[0m
2025-10-27 16:33:32 — DEBUG — Running dbt command --log-format json run-operation elementary.log_macro_results --args {"macro_name": "elementary_cli.get_elementary_database_and_schema", "macro_args": {}} --project-dir /Users/sujeetkohli/Repositories/analytics_pipeline/venv/lib/python3.9/site-packages/elementary/monitor/dbt_project
2025-10-27 16:33:33 — DEBUG — Result bytes size for command '['--log-format', 'json', 'run-operation', 'elementary.log_macro_results', '--args', '{"macro_name": "elementary_cli.get_elementary_database_and_schema", "macro_args": {}}', '--project-dir', '/Users/sujeetkohli/Repositories/analytics_pipeline/venv/lib/python3.9/site-packages/elementary/monitor/dbt_project']' is 476
2025-10-27 16:33:33 — INFO — Elementary's database and schema: '"sujeet_data_analytics_workspace.edr"'
2025-10-27 16:33:33 — INFO — Running dbt command --log-format json run-operation elementary.log_macro_results --args {"macro_name": "elementary_cli.get_test_results", "macro_args": {"days_back": 7, "invocations_per_test": 720, "disable_passed_test_metrics": false}} --project-dir /Users/sujeetkohli/Repositories/analytics_pipeline/venv/lib/python3.9/site-packages/elementary/monitor/dbt_project
2025-10-27 16:33:40 — DEBUG — Result bytes size for command '['--log-format', 'json', 'run-operation', 'elementary.log_macro_results', '--args', '{"macro_name": "elementary_cli.get_test_results", "macro_args": {"days_back": 7, "invocations_per_test": 720, "disable_passed_test_metrics": false}}', '--project-dir', '/Users/sujeetkohli/Repositories/analytics_pipeline/venv/lib/python3.9/site-packages/elementary/monitor/dbt_project']' is 3514706
2025-10-27 16:33:40 — INFO — Running dbt command --log-format json run-operation elementary.log_macro_results --args {"macro_name": "elementary_cli.get_source_freshness_results", "macro_args": {"days_back": 7, "invocations_per_test": 720}} --project-dir /Users/sujeetkohli/Repositories/analytics_pipeline/venv/lib/python3.9/site-packages/elementary/monitor/dbt_project
2025-10-27 16:33:42 — DEBUG — Result bytes size for command '['--log-format', 'json', 'run-operation', 'elementary.log_macro_results', '--args', '{"macro_name": "elementary_cli.get_source_freshness_results", "macro_args": {"days_back": 7, "invocations_per_test": 720}}', '--project-dir', '/Users/sujeetkohli/Repositories/analytics_pipeline/venv/lib/python3.9/site-packages/elementary/monitor/dbt_project']' is 402
2025-10-27 16:33:42 — INFO — Running dbt command --log-format json run-operation elementary.log_macro_results --args {"macro_name": "elementary_cli.get_seeds", "macro_args": {}} --project-dir /Users/sujeetkohli/Repositories/analytics_pipeline/venv/lib/python3.9/site-packages/elementary/monitor/dbt_project
2025-10-27 16:33:43 — DEBUG — Result bytes size for command '['--log-format', 'json', 'run-operation', 'elementary.log_macro_results', '--args', '{"macro_name": "elementary_cli.get_seeds", "macro_args": {}}', '--project-dir', '/Users/sujeetkohli/Repositories/analytics_pipeline/venv/lib/python3.9/site-packages/elementary/monitor/dbt_project']' is 402
2025-10-27 16:33:43 — INFO — Running dbt command --log-format json run-operation elementary.log_macro_results --args {"macro_name": "elementary_cli.get_snapshots", "macro_args": {}} --project-dir /Users/sujeetkohli/Repositories/analytics_pipeline/venv/lib/python3.9/site-packages/elementary/monitor/dbt_project
2025-10-27 16:33:44 — DEBUG — Result bytes size for command '['--log-format', 'json', 'run-operation', 'elementary.log_macro_results', '--args', '{"macro_name": "elementary_cli.get_snapshots", "macro_args": {}}', '--project-dir', '/Users/sujeetkohli/Repositories/analytics_pipeline/venv/lib/python3.9/site-packages/elementary/monitor/dbt_project']' is 4868
2025-10-27 16:33:44 — INFO — Running dbt command --log-format json run-operation elementary.log_macro_results --args {"macro_name": "elementary_cli.get_models", "macro_args": {"exclude_elementary": true}} --project-dir /Users/sujeetkohli/Repositories/analytics_pipeline/venv/lib/python3.9/site-packages/elementary/monitor/dbt_project
2025-10-27 16:33:46 — DEBUG — Result bytes size for command '['--log-format', 'json', 'run-operation', 'elementary.log_macro_results', '--args', '{"macro_name": "elementary_cli.get_models", "macro_args": {"exclude_elementary": true}}', '--project-dir', '/Users/sujeetkohli/Repositories/analytics_pipeline/venv/lib/python3.9/site-packages/elementary/monitor/dbt_project']' is 63272
2025-10-27 16:33:46 — INFO — Running dbt command --log-format json run-operation elementary.log_macro_results --args {"macro_name": "elementary_cli.get_sources", "macro_args": {}} --project-dir /Users/sujeetkohli/Repositories/analytics_pipeline/venv/lib/python3.9/site-packages/elementary/monitor/dbt_project
2025-10-27 16:33:47 — DEBUG — Result bytes size for command '['--log-format', 'json', 'run-operation', 'elementary.log_macro_results', '--args', '{"macro_name": "elementary_cli.get_sources", "macro_args": {}}', '--project-dir', '/Users/sujeetkohli/Repositories/analytics_pipeline/venv/lib/python3.9/site-packages/elementary/monitor/dbt_project']' is 7170
2025-10-27 16:33:47 — INFO — Running dbt command --log-format json run-operation elementary.log_macro_results --args {"macro_name": "elementary_cli.get_exposures", "macro_args": {}} --project-dir /Users/sujeetkohli/Repositories/analytics_pipeline/venv/lib/python3.9/site-packages/elementary/monitor/dbt_project
2025-10-27 16:33:49 — DEBUG — Result bytes size for command '['--log-format', 'json', 'run-operation', 'elementary.log_macro_results', '--args', '{"macro_name": "elementary_cli.get_exposures", "macro_args": {}}', '--project-dir', '/Users/sujeetkohli/Repositories/analytics_pipeline/venv/lib/python3.9/site-packages/elementary/monitor/dbt_project']' is 402
2025-10-27 16:33:49 — INFO — Running dbt command --log-format json run-operation elementary.log_macro_results --args {"macro_name": "elementary_cli.get_singular_tests", "macro_args": {}} --project-dir /Users/sujeetkohli/Repositories/analytics_pipeline/venv/lib/python3.9/site-packages/elementary/monitor/dbt_project
2025-10-27 16:33:50 — DEBUG — Result bytes size for command '['--log-format', 'json', 'run-operation', 'elementary.log_macro_results', '--args', '{"macro_name": "elementary_cli.get_singular_tests", "macro_args": {}}', '--project-dir', '/Users/sujeetkohli/Repositories/analytics_pipeline/venv/lib/python3.9/site-packages/elementary/monitor/dbt_project']' is 1538
2025-10-27 16:33:50 — INFO — Running dbt command --log-format json run-operation elementary.log_macro_results --args {"macro_name": "elementary_cli.get_models_runs", "macro_args": {"days_back": 7, "exclude_elementary": true}} --project-dir /Users/sujeetkohli/Repositories/analytics_pipeline/venv/lib/python3.9/site-packages/elementary/monitor/dbt_project
2025-10-27 16:33:52 — DEBUG — Result bytes size for command '['--log-format', 'json', 'run-operation', 'elementary.log_macro_results', '--args', '{"macro_name": "elementary_cli.get_models_runs", "macro_args": {"days_back": 7, "exclude_elementary": true}}', '--project-dir', '/Users/sujeetkohli/Repositories/analytics_pipeline/venv/lib/python3.9/site-packages/elementary/monitor/dbt_project']' is 193250
2025-10-27 16:33:52 — INFO — Running dbt command --log-format json run-operation elementary.log_macro_results --args {"macro_name": "elementary_cli.get_dbt_models_test_coverage", "macro_args": {}} --project-dir /Users/sujeetkohli/Repositories/analytics_pipeline/venv/lib/python3.9/site-packages/elementary/monitor/dbt_project
2025-10-27 16:33:53 — DEBUG — Result bytes size for command '['--log-format', 'json', 'run-operation', 'elementary.log_macro_results', '--args', '{"macro_name": "elementary_cli.get_dbt_models_test_coverage", "macro_args": {}}', '--project-dir', '/Users/sujeetkohli/Repositories/analytics_pipeline/venv/lib/python3.9/site-packages/elementary/monitor/dbt_project']' is 7030
2025-10-27 16:33:53 — INFO — Running dbt command --log-format json run-operation elementary.log_macro_results --args {"macro_name": "elementary_cli.get_tests", "macro_args": {}} --project-dir /Users/sujeetkohli/Repositories/analytics_pipeline/venv/lib/python3.9/site-packages/elementary/monitor/dbt_project
2025-10-27 16:33:55 — DEBUG — Result bytes size for command '['--log-format', 'json', 'run-operation', 'elementary.log_macro_results', '--args', '{"macro_name": "elementary_cli.get_tests", "macro_args": {}}', '--project-dir', '/Users/sujeetkohli/Repositories/analytics_pipeline/venv/lib/python3.9/site-packages/elementary/monitor/dbt_project']' is 680926
2025-10-27 16:33:56 — INFO — Running dbt command --log-format json run-operation elementary.log_macro_results --args {"macro_name": "elementary_cli.get_nodes_depends_on_nodes", "macro_args": {"exclude_elementary": true}} --project-dir /Users/sujeetkohli/Repositories/analytics_pipeline/venv/lib/python3.9/site-packages/elementary/monitor/dbt_project
2025-10-27 16:33:57 — DEBUG — Result bytes size for command '['--log-format', 'json', 'run-operation', 'elementary.log_macro_results', '--args', '{"macro_name": "elementary_cli.get_nodes_depends_on_nodes", "macro_args": {"exclude_elementary": true}}', '--project-dir', '/Users/sujeetkohli/Repositories/analytics_pipeline/venv/lib/python3.9/site-packages/elementary/monitor/dbt_project']' is 21386
2025-10-27 16:33:57 — INFO — Running dbt command --log-format json run-operation elementary.log_macro_results --args {"macro_name": "elementary_cli.get_models_latest_invocation", "macro_args": {}} --project-dir /Users/sujeetkohli/Repositories/analytics_pipeline/venv/lib/python3.9/site-packages/elementary/monitor/dbt_project
2025-10-27 16:33:58 — DEBUG — Result bytes size for command '['--log-format', 'json', 'run-operation', 'elementary.log_macro_results', '--args', '{"macro_name": "elementary_cli.get_models_latest_invocation", "macro_args": {}}', '--project-dir', '/Users/sujeetkohli/Repositories/analytics_pipeline/venv/lib/python3.9/site-packages/elementary/monitor/dbt_project']' is 17438
2025-10-27 16:33:58 — INFO — Running dbt command --log-format json run-operation elementary.log_macro_results --args {"macro_name": "elementary_cli.get_models_latest_invocations_data", "macro_args": {}} --project-dir /Users/sujeetkohli/Repositories/analytics_pipeline/venv/lib/python3.9/site-packages/elementary/monitor/dbt_project
2025-10-27 16:34:00 — DEBUG — Result bytes size for command '['--log-format', 'json', 'run-operation', 'elementary.log_macro_results', '--args', '{"macro_name": "elementary_cli.get_models_latest_invocations_data", "macro_args": {}}', '--project-dir', '/Users/sujeetkohli/Repositories/analytics_pipeline/venv/lib/python3.9/site-packages/elementary/monitor/dbt_project']' is 1288
2025-10-28 13:57:03 — INFO — Running with edr=0.20.0
2025-10-28 13:57:04 — DEBUG — Running dbt command --log-format json run-operation elementary.log_macro_results --args {"macro_name": "elementary_cli.get_latest_invocation", "macro_args": {}} --project-dir /Users/sujeetkohli/Repositories/analytics_pipeline/venv/lib/python3.9/site-packages/elementary/monitor/dbt_project
2025-10-28 14:01:23 — DEBUG — Result bytes size for command '['--log-format', 'json', 'run-operation', 'elementary.log_macro_results', '--args', '{"macro_name": "elementary_cli.get_latest_invocation", "macro_args": {}}', '--project-dir', '/Users/sujeetkohli/Repositories/analytics_pipeline/venv/lib/python3.9/site-packages/elementary/monitor/dbt_project']' is 3852
2025-10-28 14:01:23 — DEBUG — Running dbt command --log-format json run-operation elementary.log_macro_results --args {"macro_name": "elementary_cli.get_adapter_type_and_unique_id", "macro_args": {}} --project-dir /Users/sujeetkohli/Repositories/analytics_pipeline/venv/lib/python3.9/site-packages/elementary/monitor/dbt_project
2025-10-28 14:01:24 — DEBUG — Result bytes size for command '['--log-format', 'json', 'run-operation', 'elementary.log_macro_results', '--args', '{"macro_name": "elementary_cli.get_adapter_type_and_unique_id", "macro_args": {}}', '--project-dir', '/Users/sujeetkohli/Repositories/analytics_pipeline/venv/lib/python3.9/site-packages/elementary/monitor/dbt_project']' is 518
[33;20m2025-10-28 14:01:24 — WARNING — You are using incompatible versions between edr (0.20.0) and Elementary's dbt package (0.19.4).
 To fix please update your packages.yml, and run:
dbt deps && dbt run --select elementary
[0m
2025-10-28 14:01:24 — DEBUG — Running dbt command --log-format json run-operation elementary.log_macro_results --args {"macro_name": "elementary_cli.get_elementary_database_and_schema", "macro_args": {}} --project-dir /Users/sujeetkohli/Repositories/analytics_pipeline/venv/lib/python3.9/site-packages/elementary/monitor/dbt_project
2025-10-28 14:01:24 — DEBUG — Result bytes size for command '['--log-format', 'json', 'run-operation', 'elementary.log_macro_results', '--args', '{"macro_name": "elementary_cli.get_elementary_database_and_schema", "macro_args": {}}', '--project-dir', '/Users/sujeetkohli/Repositories/analytics_pipeline/venv/lib/python3.9/site-packages/elementary/monitor/dbt_project']' is 476
2025-10-28 14:01:24 — INFO — Elementary's database and schema: '"sujeet_data_analytics_workspace.edr"'
2025-10-28 14:01:24 — INFO — Running dbt command --log-format json run-operation elementary.log_macro_results --args {"macro_name": "elementary_cli.get_test_results", "macro_args": {"days_back": 7, "invocations_per_test": 720, "disable_passed_test_metrics": false}} --project-dir /Users/sujeetkohli/Repositories/analytics_pipeline/venv/lib/python3.9/site-packages/elementary/monitor/dbt_project
2025-10-28 14:01:41 — DEBUG — Result bytes size for command '['--log-format', 'json', 'run-operation', 'elementary.log_macro_results', '--args', '{"macro_name": "elementary_cli.get_test_results", "macro_args": {"days_back": 7, "invocations_per_test": 720, "disable_passed_test_metrics": false}}', '--project-dir', '/Users/sujeetkohli/Repositories/analytics_pipeline/venv/lib/python3.9/site-packages/elementary/monitor/dbt_project']' is 3514690
2025-10-28 14:01:41 — INFO — Running dbt command --log-format json run-operation elementary.log_macro_results --args {"macro_name": "elementary_cli.get_source_freshness_results", "macro_args": {"days_back": 7, "invocations_per_test": 720}} --project-dir /Users/sujeetkohli/Repositories/analytics_pipeline/venv/lib/python3.9/site-packages/elementary/monitor/dbt_project
2025-10-28 14:01:44 — DEBUG — Result bytes size for command '['--log-format', 'json', 'run-operation', 'elementary.log_macro_results', '--args', '{"macro_name": "elementary_cli.get_source_freshness_results", "macro_args": {"days_back": 7, "invocations_per_test": 720}}', '--project-dir', '/Users/sujeetkohli/Repositories/analytics_pipeline/venv/lib/python3.9/site-packages/elementary/monitor/dbt_project']' is 402
2025-10-28 14:01:44 — INFO — Running dbt command --log-format json run-operation elementary.log_macro_results --args {"macro_name": "elementary_cli.get_seeds", "macro_args": {}} --project-dir /Users/sujeetkohli/Repositories/analytics_pipeline/venv/lib/python3.9/site-packages/elementary/monitor/dbt_project
2025-10-28 14:01:45 — DEBUG — Result bytes size for command '['--log-format', 'json', 'run-operation', 'elementary.log_macro_results', '--args', '{"macro_name": "elementary_cli.get_seeds", "macro_args": {}}', '--project-dir', '/Users/sujeetkohli/Repositories/analytics_pipeline/venv/lib/python3.9/site-packages/elementary/monitor/dbt_project']' is 402
2025-10-28 14:01:45 — INFO — Running dbt command --log-format json run-operation elementary.log_macro_results --args {"macro_name": "elementary_cli.get_snapshots", "macro_args": {}} --project-dir /Users/sujeetkohli/Repositories/analytics_pipeline/venv/lib/python3.9/site-packages/elementary/monitor/dbt_project
2025-10-28 14:01:47 — DEBUG — Result bytes size for command '['--log-format', 'json', 'run-operation', 'elementary.log_macro_results', '--args', '{"macro_name": "elementary_cli.get_snapshots", "macro_args": {}}', '--project-dir', '/Users/sujeetkohli/Repositories/analytics_pipeline/venv/lib/python3.9/site-packages/elementary/monitor/dbt_project']' is 4868
2025-10-28 14:01:47 — INFO — Running dbt command --log-format json run-operation elementary.log_macro_results --args {"macro_name": "elementary_cli.get_models", "macro_args": {"exclude_elementary": true}} --project-dir /Users/sujeetkohli/Repositories/analytics_pipeline/venv/lib/python3.9/site-packages/elementary/monitor/dbt_project
2025-10-28 14:01:49 — DEBUG — Result bytes size for command '['--log-format', 'json', 'run-operation', 'elementary.log_macro_results', '--args', '{"macro_name": "elementary_cli.get_models", "macro_args": {"exclude_elementary": true}}', '--project-dir', '/Users/sujeetkohli/Repositories/analytics_pipeline/venv/lib/python3.9/site-packages/elementary/monitor/dbt_project']' is 62300
2025-10-28 14:01:49 — INFO — Running dbt command --log-format json run-operation elementary.log_macro_results --args {"macro_name": "elementary_cli.get_sources", "macro_args": {}} --project-dir /Users/sujeetkohli/Repositories/analytics_pipeline/venv/lib/python3.9/site-packages/elementary/monitor/dbt_project
2025-10-28 14:01:51 — DEBUG — Result bytes size for command '['--log-format', 'json', 'run-operation', 'elementary.log_macro_results', '--args', '{"macro_name": "elementary_cli.get_sources", "macro_args": {}}', '--project-dir', '/Users/sujeetkohli/Repositories/analytics_pipeline/venv/lib/python3.9/site-packages/elementary/monitor/dbt_project']' is 7170
2025-10-28 14:01:51 — INFO — Running dbt command --log-format json run-operation elementary.log_macro_results --args {"macro_name": "elementary_cli.get_exposures", "macro_args": {}} --project-dir /Users/sujeetkohli/Repositories/analytics_pipeline/venv/lib/python3.9/site-packages/elementary/monitor/dbt_project
2025-10-28 14:01:54 — DEBUG — Result bytes size for command '['--log-format', 'json', 'run-operation', 'elementary.log_macro_results', '--args', '{"macro_name": "elementary_cli.get_exposures", "macro_args": {}}', '--project-dir', '/Users/sujeetkohli/Repositories/analytics_pipeline/venv/lib/python3.9/site-packages/elementary/monitor/dbt_project']' is 402
2025-10-28 14:01:54 — INFO — Running dbt command --log-format json run-operation elementary.log_macro_results --args {"macro_name": "elementary_cli.get_singular_tests", "macro_args": {}} --project-dir /Users/sujeetkohli/Repositories/analytics_pipeline/venv/lib/python3.9/site-packages/elementary/monitor/dbt_project
2025-10-28 14:01:55 — DEBUG — Result bytes size for command '['--log-format', 'json', 'run-operation', 'elementary.log_macro_results', '--args', '{"macro_name": "elementary_cli.get_singular_tests", "macro_args": {}}', '--project-dir', '/Users/sujeetkohli/Repositories/analytics_pipeline/venv/lib/python3.9/site-packages/elementary/monitor/dbt_project']' is 1538
2025-10-28 14:01:55 — INFO — Running dbt command --log-format json run-operation elementary.log_macro_results --args {"macro_name": "elementary_cli.get_models_runs", "macro_args": {"days_back": 7, "exclude_elementary": true}} --project-dir /Users/sujeetkohli/Repositories/analytics_pipeline/venv/lib/python3.9/site-packages/elementary/monitor/dbt_project
2025-10-28 14:01:58 — DEBUG — Result bytes size for command '['--log-format', 'json', 'run-operation', 'elementary.log_macro_results', '--args', '{"macro_name": "elementary_cli.get_models_runs", "macro_args": {"days_back": 7, "exclude_elementary": true}}', '--project-dir', '/Users/sujeetkohli/Repositories/analytics_pipeline/venv/lib/python3.9/site-packages/elementary/monitor/dbt_project']' is 259520
2025-10-28 14:01:58 — INFO — Running dbt command --log-format json run-operation elementary.log_macro_results --args {"macro_name": "elementary_cli.get_dbt_models_test_coverage", "macro_args": {}} --project-dir /Users/sujeetkohli/Repositories/analytics_pipeline/venv/lib/python3.9/site-packages/elementary/monitor/dbt_project
2025-10-28 14:01:59 — DEBUG — Result bytes size for command '['--log-format', 'json', 'run-operation', 'elementary.log_macro_results', '--args', '{"macro_name": "elementary_cli.get_dbt_models_test_coverage", "macro_args": {}}', '--project-dir', '/Users/sujeetkohli/Repositories/analytics_pipeline/venv/lib/python3.9/site-packages/elementary/monitor/dbt_project']' is 7030
2025-10-28 14:01:59 — INFO — Running dbt command --log-format json run-operation elementary.log_macro_results --args {"macro_name": "elementary_cli.get_tests", "macro_args": {}} --project-dir /Users/sujeetkohli/Repositories/analytics_pipeline/venv/lib/python3.9/site-packages/elementary/monitor/dbt_project
2025-10-28 14:02:02 — DEBUG — Result bytes size for command '['--log-format', 'json', 'run-operation', 'elementary.log_macro_results', '--args', '{"macro_name": "elementary_cli.get_tests", "macro_args": {}}', '--project-dir', '/Users/sujeetkohli/Repositories/analytics_pipeline/venv/lib/python3.9/site-packages/elementary/monitor/dbt_project']' is 680926
2025-10-28 14:02:02 — INFO — Running dbt command --log-format json run-operation elementary.log_macro_results --args {"macro_name": "elementary_cli.get_nodes_depends_on_nodes", "macro_args": {"exclude_elementary": true}} --project-dir /Users/sujeetkohli/Repositories/analytics_pipeline/venv/lib/python3.9/site-packages/elementary/monitor/dbt_project
2025-10-28 14:02:04 — DEBUG — Result bytes size for command '['--log-format', 'json', 'run-operation', 'elementary.log_macro_results', '--args', '{"macro_name": "elementary_cli.get_nodes_depends_on_nodes", "macro_args": {"exclude_elementary": true}}', '--project-dir', '/Users/sujeetkohli/Repositories/analytics_pipeline/venv/lib/python3.9/site-packages/elementary/monitor/dbt_project']' is 21032
2025-10-28 14:02:04 — INFO — Running dbt command --log-format json run-operation elementary.log_macro_results --args {"macro_name": "elementary_cli.get_models_latest_invocation", "macro_args": {}} --project-dir /Users/sujeetkohli/Repositories/analytics_pipeline/venv/lib/python3.9/site-packages/elementary/monitor/dbt_project
2025-10-28 14:02:06 — DEBUG — Result bytes size for command '['--log-format', 'json', 'run-operation', 'elementary.log_macro_results', '--args', '{"macro_name": "elementary_cli.get_models_latest_invocation", "macro_args": {}}', '--project-dir', '/Users/sujeetkohli/Repositories/analytics_pipeline/venv/lib/python3.9/site-packages/elementary/monitor/dbt_project']' is 17204
2025-10-28 14:02:06 — INFO — Running dbt command --log-format json run-operation elementary.log_macro_results --args {"macro_name": "elementary_cli.get_models_latest_invocations_data", "macro_args": {}} --project-dir /Users/sujeetkohli/Repositories/analytics_pipeline/venv/lib/python3.9/site-packages/elementary/monitor/dbt_project
2025-10-28 14:02:08 — DEBUG — Result bytes size for command '['--log-format', 'json', 'run-operation', 'elementary.log_macro_results', '--args', '{"macro_name": "elementary_cli.get_models_latest_invocations_data", "macro_args": {}}', '--project-dir', '/Users/sujeetkohli/Repositories/analytics_pipeline/venv/lib/python3.9/site-packages/elementary/monitor/dbt_project']' is 1286
2025-10-28 14:02:30 — INFO — Running with edr=0.20.0
2025-10-28 14:02:31 — DEBUG — Running dbt command --log-format json run-operation elementary.log_macro_results --args {"macro_name": "elementary_cli.get_latest_invocation", "macro_args": {}} --project-dir /Users/sujeetkohli/Repositories/analytics_pipeline/venv/lib/python3.9/site-packages/elementary/monitor/dbt_project
2025-10-28 14:02:34 — DEBUG — Result bytes size for command '['--log-format', 'json', 'run-operation', 'elementary.log_macro_results', '--args', '{"macro_name": "elementary_cli.get_latest_invocation", "macro_args": {}}', '--project-dir', '/Users/sujeetkohli/Repositories/analytics_pipeline/venv/lib/python3.9/site-packages/elementary/monitor/dbt_project']' is 3852
2025-10-28 14:02:34 — DEBUG — Running dbt command --log-format json run-operation elementary.log_macro_results --args {"macro_name": "elementary_cli.get_adapter_type_and_unique_id", "macro_args": {}} --project-dir /Users/sujeetkohli/Repositories/analytics_pipeline/venv/lib/python3.9/site-packages/elementary/monitor/dbt_project
2025-10-28 14:02:34 — DEBUG — Result bytes size for command '['--log-format', 'json', 'run-operation', 'elementary.log_macro_results', '--args', '{"macro_name": "elementary_cli.get_adapter_type_and_unique_id", "macro_args": {}}', '--project-dir', '/Users/sujeetkohli/Repositories/analytics_pipeline/venv/lib/python3.9/site-packages/elementary/monitor/dbt_project']' is 518
[33;20m2025-10-28 14:02:34 — WARNING — You are using incompatible versions between edr (0.20.0) and Elementary's dbt package (0.19.4).
 To fix please update your packages.yml, and run:
dbt deps && dbt run --select elementary
[0m
2025-10-28 14:02:34 — DEBUG — Running dbt command --log-format json run-operation elementary.log_macro_results --args {"macro_name": "elementary_cli.get_elementary_database_and_schema", "macro_args": {}} --project-dir /Users/sujeetkohli/Repositories/analytics_pipeline/venv/lib/python3.9/site-packages/elementary/monitor/dbt_project
2025-10-28 14:02:35 — DEBUG — Result bytes size for command '['--log-format', 'json', 'run-operation', 'elementary.log_macro_results', '--args', '{"macro_name": "elementary_cli.get_elementary_database_and_schema", "macro_args": {}}', '--project-dir', '/Users/sujeetkohli/Repositories/analytics_pipeline/venv/lib/python3.9/site-packages/elementary/monitor/dbt_project']' is 476
2025-10-28 14:02:35 — INFO — Elementary's database and schema: '"sujeet_data_analytics_workspace.edr"'
2025-10-28 14:02:35 — INFO — Running dbt command --log-format json run-operation elementary.log_macro_results --args {"macro_name": "elementary_cli.get_test_results", "macro_args": {"days_back": 7, "invocations_per_test": 720, "disable_passed_test_metrics": false}} --project-dir /Users/sujeetkohli/Repositories/analytics_pipeline/venv/lib/python3.9/site-packages/elementary/monitor/dbt_project
2025-10-28 14:02:40 — DEBUG — Result bytes size for command '['--log-format', 'json', 'run-operation', 'elementary.log_macro_results', '--args', '{"macro_name": "elementary_cli.get_test_results", "macro_args": {"days_back": 7, "invocations_per_test": 720, "disable_passed_test_metrics": false}}', '--project-dir', '/Users/sujeetkohli/Repositories/analytics_pipeline/venv/lib/python3.9/site-packages/elementary/monitor/dbt_project']' is 3514690
2025-10-28 14:02:40 — INFO — Running dbt command --log-format json run-operation elementary.log_macro_results --args {"macro_name": "elementary_cli.get_source_freshness_results", "macro_args": {"days_back": 7, "invocations_per_test": 720}} --project-dir /Users/sujeetkohli/Repositories/analytics_pipeline/venv/lib/python3.9/site-packages/elementary/monitor/dbt_project
2025-10-28 14:02:42 — DEBUG — Result bytes size for command '['--log-format', 'json', 'run-operation', 'elementary.log_macro_results', '--args', '{"macro_name": "elementary_cli.get_source_freshness_results", "macro_args": {"days_back": 7, "invocations_per_test": 720}}', '--project-dir', '/Users/sujeetkohli/Repositories/analytics_pipeline/venv/lib/python3.9/site-packages/elementary/monitor/dbt_project']' is 402
2025-10-28 14:02:42 — INFO — Running dbt command --log-format json run-operation elementary.log_macro_results --args {"macro_name": "elementary_cli.get_seeds", "macro_args": {}} --project-dir /Users/sujeetkohli/Repositories/analytics_pipeline/venv/lib/python3.9/site-packages/elementary/monitor/dbt_project
2025-10-28 14:02:43 — DEBUG — Result bytes size for command '['--log-format', 'json', 'run-operation', 'elementary.log_macro_results', '--args', '{"macro_name": "elementary_cli.get_seeds", "macro_args": {}}', '--project-dir', '/Users/sujeetkohli/Repositories/analytics_pipeline/venv/lib/python3.9/site-packages/elementary/monitor/dbt_project']' is 402
2025-10-28 14:02:43 — INFO — Running dbt command --log-format json run-operation elementary.log_macro_results --args {"macro_name": "elementary_cli.get_snapshots", "macro_args": {}} --project-dir /Users/sujeetkohli/Repositories/analytics_pipeline/venv/lib/python3.9/site-packages/elementary/monitor/dbt_project
2025-10-28 14:02:44 — DEBUG — Result bytes size for command '['--log-format', 'json', 'run-operation', 'elementary.log_macro_results', '--args', '{"macro_name": "elementary_cli.get_snapshots", "macro_args": {}}', '--project-dir', '/Users/sujeetkohli/Repositories/analytics_pipeline/venv/lib/python3.9/site-packages/elementary/monitor/dbt_project']' is 4868
2025-10-28 14:02:44 — INFO — Running dbt command --log-format json run-operation elementary.log_macro_results --args {"macro_name": "elementary_cli.get_models", "macro_args": {"exclude_elementary": true}} --project-dir /Users/sujeetkohli/Repositories/analytics_pipeline/venv/lib/python3.9/site-packages/elementary/monitor/dbt_project
2025-10-28 14:02:46 — DEBUG — Result bytes size for command '['--log-format', 'json', 'run-operation', 'elementary.log_macro_results', '--args', '{"macro_name": "elementary_cli.get_models", "macro_args": {"exclude_elementary": true}}', '--project-dir', '/Users/sujeetkohli/Repositories/analytics_pipeline/venv/lib/python3.9/site-packages/elementary/monitor/dbt_project']' is 62300
2025-10-28 14:02:46 — INFO — Running dbt command --log-format json run-operation elementary.log_macro_results --args {"macro_name": "elementary_cli.get_sources", "macro_args": {}} --project-dir /Users/sujeetkohli/Repositories/analytics_pipeline/venv/lib/python3.9/site-packages/elementary/monitor/dbt_project
2025-10-28 14:02:48 — DEBUG — Result bytes size for command '['--log-format', 'json', 'run-operation', 'elementary.log_macro_results', '--args', '{"macro_name": "elementary_cli.get_sources", "macro_args": {}}', '--project-dir', '/Users/sujeetkohli/Repositories/analytics_pipeline/venv/lib/python3.9/site-packages/elementary/monitor/dbt_project']' is 7170
2025-10-28 14:02:48 — INFO — Running dbt command --log-format json run-operation elementary.log_macro_results --args {"macro_name": "elementary_cli.get_exposures", "macro_args": {}} --project-dir /Users/sujeetkohli/Repositories/analytics_pipeline/venv/lib/python3.9/site-packages/elementary/monitor/dbt_project
2025-10-28 14:02:50 — DEBUG — Result bytes size for command '['--log-format', 'json', 'run-operation', 'elementary.log_macro_results', '--args', '{"macro_name": "elementary_cli.get_exposures", "macro_args": {}}', '--project-dir', '/Users/sujeetkohli/Repositories/analytics_pipeline/venv/lib/python3.9/site-packages/elementary/monitor/dbt_project']' is 402
2025-10-28 14:02:50 — INFO — Running dbt command --log-format json run-operation elementary.log_macro_results --args {"macro_name": "elementary_cli.get_singular_tests", "macro_args": {}} --project-dir /Users/sujeetkohli/Repositories/analytics_pipeline/venv/lib/python3.9/site-packages/elementary/monitor/dbt_project
2025-10-28 14:02:51 — DEBUG — Result bytes size for command '['--log-format', 'json', 'run-operation', 'elementary.log_macro_results', '--args', '{"macro_name": "elementary_cli.get_singular_tests", "macro_args": {}}', '--project-dir', '/Users/sujeetkohli/Repositories/analytics_pipeline/venv/lib/python3.9/site-packages/elementary/monitor/dbt_project']' is 1538
2025-10-28 14:02:51 — INFO — Running dbt command --log-format json run-operation elementary.log_macro_results --args {"macro_name": "elementary_cli.get_models_runs", "macro_args": {"days_back": 7, "exclude_elementary": true}} --project-dir /Users/sujeetkohli/Repositories/analytics_pipeline/venv/lib/python3.9/site-packages/elementary/monitor/dbt_project
2025-10-28 14:02:52 — DEBUG — Result bytes size for command '['--log-format', 'json', 'run-operation', 'elementary.log_macro_results', '--args', '{"macro_name": "elementary_cli.get_models_runs", "macro_args": {"days_back": 7, "exclude_elementary": true}}', '--project-dir', '/Users/sujeetkohli/Repositories/analytics_pipeline/venv/lib/python3.9/site-packages/elementary/monitor/dbt_project']' is 259520
2025-10-28 14:02:52 — INFO — Running dbt command --log-format json run-operation elementary.log_macro_results --args {"macro_name": "elementary_cli.get_dbt_models_test_coverage", "macro_args": {}} --project-dir /Users/sujeetkohli/Repositories/analytics_pipeline/venv/lib/python3.9/site-packages/elementary/monitor/dbt_project
2025-10-28 14:02:53 — DEBUG — Result bytes size for command '['--log-format', 'json', 'run-operation', 'elementary.log_macro_results', '--args', '{"macro_name": "elementary_cli.get_dbt_models_test_coverage", "macro_args": {}}', '--project-dir', '/Users/sujeetkohli/Repositories/analytics_pipeline/venv/lib/python3.9/site-packages/elementary/monitor/dbt_project']' is 7030
2025-10-28 14:02:53 — INFO — Running dbt command --log-format json run-operation elementary.log_macro_results --args {"macro_name": "elementary_cli.get_tests", "macro_args": {}} --project-dir /Users/sujeetkohli/Repositories/analytics_pipeline/venv/lib/python3.9/site-packages/elementary/monitor/dbt_project
2025-10-28 14:02:55 — DEBUG — Result bytes size for command '['--log-format', 'json', 'run-operation', 'elementary.log_macro_results', '--args', '{"macro_name": "elementary_cli.get_tests", "macro_args": {}}', '--project-dir', '/Users/sujeetkohli/Repositories/analytics_pipeline/venv/lib/python3.9/site-packages/elementary/monitor/dbt_project']' is 680926
2025-10-28 14:02:55 — INFO — Running dbt command --log-format json run-operation elementary.log_macro_results --args {"macro_name": "elementary_cli.get_nodes_depends_on_nodes", "macro_args": {"exclude_elementary": true}} --project-dir /Users/sujeetkohli/Repositories/analytics_pipeline/venv/lib/python3.9/site-packages/elementary/monitor/dbt_project
2025-10-28 14:02:56 — DEBUG — Result bytes size for command '['--log-format', 'json', 'run-operation', 'elementary.log_macro_results', '--args', '{"macro_name": "elementary_cli.get_nodes_depends_on_nodes", "macro_args": {"exclude_elementary": true}}', '--project-dir', '/Users/sujeetkohli/Repositories/analytics_pipeline/venv/lib/python3.9/site-packages/elementary/monitor/dbt_project']' is 21032
2025-10-28 14:02:56 — INFO — Running dbt command --log-format json run-operation elementary.log_macro_results --args {"macro_name": "elementary_cli.get_models_latest_invocation", "macro_args": {}} --project-dir /Users/sujeetkohli/Repositories/analytics_pipeline/venv/lib/python3.9/site-packages/elementary/monitor/dbt_project
2025-10-28 14:02:57 — DEBUG — Result bytes size for command '['--log-format', 'json', 'run-operation', 'elementary.log_macro_results', '--args', '{"macro_name": "elementary_cli.get_models_latest_invocation", "macro_args": {}}', '--project-dir', '/Users/sujeetkohli/Repositories/analytics_pipeline/venv/lib/python3.9/site-packages/elementary/monitor/dbt_project']' is 17204
2025-10-28 14:02:57 — INFO — Running dbt command --log-format json run-operation elementary.log_macro_results --args {"macro_name": "elementary_cli.get_models_latest_invocations_data", "macro_args": {}} --project-dir /Users/sujeetkohli/Repositories/analytics_pipeline/venv/lib/python3.9/site-packages/elementary/monitor/dbt_project
2025-10-28 14:02:58 — DEBUG — Result bytes size for command '['--log-format', 'json', 'run-operation', 'elementary.log_macro_results', '--args', '{"macro_name": "elementary_cli.get_models_latest_invocations_data", "macro_args": {}}', '--project-dir', '/Users/sujeetkohli/Repositories/analytics_pipeline/venv/lib/python3.9/site-packages/elementary/monitor/dbt_project']' is 1286
