[0m14:07:00.333444 [debug] [MainThread]: Sending event: {'category': 'dbt', 'action': 'invocation', 'label': 'start', 'context': [<snowplow_tracker.self_describing_json.SelfDescribingJson object at 0x107dba1f0>, <snowplow_tracker.self_describing_json.SelfDescribingJson object at 0x108e37280>, <snowplow_tracker.self_describing_json.SelfDescribingJson object at 0x108e37550>]}


============================== 14:07:00.335411 | 723e96f4-18db-495e-9cd5-e7b9b488df02 ==============================
[0m14:07:00.335411 [info ] [MainThread]: Running with dbt=1.10.11
[0m14:07:00.335716 [debug] [MainThread]: running dbt with arguments {'no_print': 'None', 'profiles_dir': '/Users/sujeetkohli/Repositories/analytics_pipeline/look_dbt', 'cache_selected_only': 'False', 'target_path': 'None', 'use_experimental_parser': 'False', 'introspect': 'True', 'send_anonymous_usage_stats': 'True', 'empty': 'None', 'fail_fast': 'False', 'debug': 'False', 'invocation_command': 'dbt debug', 'printer_width': '80', 'log_cache_events': 'False', 'static_parser': 'True', 'warn_error_options': 'WarnErrorOptionsV2(error=[], warn=[], silence=[])', 'quiet': 'False', 'version_check': 'True', 'use_colors': 'True', 'write_json': 'True', 'warn_error': 'None', 'indirect_selection': 'eager', 'log_format': 'default', 'partial_parse': 'True', 'log_path': '/Users/sujeetkohli/Repositories/analytics_pipeline/look_dbt/logs'}
[0m14:07:00.339901 [info ] [MainThread]: dbt version: 1.10.11
[0m14:07:00.340093 [info ] [MainThread]: python version: 3.9.6
[0m14:07:00.340248 [info ] [MainThread]: python path: /Users/sujeetkohli/Repositories/analytics_pipeline/venv/bin/python3
[0m14:07:00.340430 [info ] [MainThread]: os info: macOS-15.6-arm64-arm-64bit
[0m14:07:00.681801 [debug] [MainThread]: Spark adapter: Setting pyhive.hive logging to ERROR
[0m14:07:00.682075 [debug] [MainThread]: Spark adapter: Setting thrift.transport logging to ERROR
[0m14:07:00.682239 [debug] [MainThread]: Spark adapter: Setting thrift.protocol logging to ERROR
[0m14:07:02.526078 [info ] [MainThread]: Using profiles dir at /Users/sujeetkohli/Repositories/analytics_pipeline/look_dbt
[0m14:07:02.526389 [info ] [MainThread]: Using profiles.yml file at /Users/sujeetkohli/Repositories/analytics_pipeline/look_dbt/profiles.yml
[0m14:07:02.526571 [info ] [MainThread]: Using dbt_project.yml file at /Users/sujeetkohli/Repositories/analytics_pipeline/look_dbt/dbt_project.yml
[0m14:07:02.526747 [info ] [MainThread]: adapter type: databricks
[0m14:07:02.526907 [info ] [MainThread]: adapter version: 1.10.12
[0m14:07:02.529433 [error] [MainThread]: Encountered an error:
Compilation Error
  Could not render {{ var("silver_schema") }}: Required var 'silver_schema' not found in config:
  Vars supplied to <Configuration> = {}
[0m14:07:02.531278 [debug] [MainThread]: Resource report: {"command_name": "debug", "command_success": false, "command_wall_clock_time": 2.2342389, "process_in_blocks": "0", "process_kernel_time": 0.179585, "process_mem_max_rss": "198918144", "process_out_blocks": "0", "process_user_time": 1.26854}
[0m14:07:02.531480 [debug] [MainThread]: Command `dbt debug` failed at 14:07:02.531438 after 2.23 seconds
[0m14:07:02.531657 [debug] [MainThread]: Sending event: {'category': 'dbt', 'action': 'invocation', 'label': 'end', 'context': [<snowplow_tracker.self_describing_json.SelfDescribingJson object at 0x107dba1f0>, <snowplow_tracker.self_describing_json.SelfDescribingJson object at 0x11061fb20>, <snowplow_tracker.self_describing_json.SelfDescribingJson object at 0x11061f940>]}
[0m14:07:02.531843 [debug] [MainThread]: Flushing usage events
[0m14:07:02.648157 [debug] [MainThread]: An error was encountered while trying to flush usage events
[0m14:10:52.975860 [debug] [MainThread]: Sending event: {'category': 'dbt', 'action': 'invocation', 'label': 'start', 'context': [<snowplow_tracker.self_describing_json.SelfDescribingJson object at 0x106d12280>, <snowplow_tracker.self_describing_json.SelfDescribingJson object at 0x110085eb0>, <snowplow_tracker.self_describing_json.SelfDescribingJson object at 0x110085b80>]}


============================== 14:10:52.978471 | a4ce65d0-8906-4d53-b10f-55ff16a78e16 ==============================
[0m14:10:52.978471 [info ] [MainThread]: Running with dbt=1.10.11
[0m14:10:52.978790 [debug] [MainThread]: running dbt with arguments {'fail_fast': 'False', 'introspect': 'True', 'log_cache_events': 'False', 'log_path': '/Users/sujeetkohli/Repositories/analytics_pipeline/look_dbt/logs', 'log_format': 'default', 'send_anonymous_usage_stats': 'True', 'write_json': 'True', 'use_colors': 'True', 'use_experimental_parser': 'False', 'target_path': 'None', 'warn_error': 'None', 'profiles_dir': '/Users/sujeetkohli/Repositories/analytics_pipeline/look_dbt', 'indirect_selection': 'eager', 'cache_selected_only': 'False', 'quiet': 'False', 'static_parser': 'True', 'debug': 'False', 'warn_error_options': 'WarnErrorOptionsV2(error=[], warn=[], silence=[])', 'printer_width': '80', 'no_print': 'None', 'invocation_command': 'dbt deps', 'version_check': 'True', 'partial_parse': 'True', 'empty': 'None'}
[0m14:10:53.043820 [debug] [MainThread]: Sending event: {'category': 'dbt', 'action': 'project_id', 'label': 'a4ce65d0-8906-4d53-b10f-55ff16a78e16', 'context': [<snowplow_tracker.self_describing_json.SelfDescribingJson object at 0x11006a070>]}
[0m14:10:53.053187 [debug] [MainThread]: Set downloads directory='/var/folders/91/q9cjcjv14_7_8r9grj8321lr0000gn/T/dbt-downloads-ui32p8q7'
[0m14:10:53.053396 [error] [MainThread]: Encountered an error:
">=1.3.0,<2.0.0" is not a valid semantic version.
[0m14:10:53.062272 [error] [MainThread]: Traceback (most recent call last):
  File "/Users/sujeetkohli/Repositories/analytics_pipeline/venv/lib/python3.9/site-packages/dbt/cli/requires.py", line 178, in wrapper
    result, success = func(*args, **kwargs)
  File "/Users/sujeetkohli/Repositories/analytics_pipeline/venv/lib/python3.9/site-packages/dbt/cli/requires.py", line 128, in wrapper
    return func(*args, **kwargs)
  File "/Users/sujeetkohli/Repositories/analytics_pipeline/venv/lib/python3.9/site-packages/dbt/cli/requires.py", line 254, in wrapper
    return func(*args, **kwargs)
  File "/Users/sujeetkohli/Repositories/analytics_pipeline/venv/lib/python3.9/site-packages/dbt/cli/requires.py", line 303, in wrapper
    return func(*args, **kwargs)
  File "/Users/sujeetkohli/Repositories/analytics_pipeline/venv/lib/python3.9/site-packages/dbt/cli/main.py", line 461, in deps
    results = task.run()
  File "/Users/sujeetkohli/Repositories/analytics_pipeline/venv/lib/python3.9/site-packages/dbt/task/deps.py", line 215, in run
    self.lock()
  File "/Users/sujeetkohli/Repositories/analytics_pipeline/venv/lib/python3.9/site-packages/dbt/task/deps.py", line 187, in lock
    resolved_deps = resolve_packages(packages, self.project, self.cli_vars)
  File "/Users/sujeetkohli/Repositories/analytics_pipeline/venv/lib/python3.9/site-packages/dbt/deps/resolver.py", line 121, in resolve_packages
    pending = PackageListing.from_contracts(packages)
  File "/Users/sujeetkohli/Repositories/analytics_pipeline/venv/lib/python3.9/site-packages/dbt/deps/resolver.py", line 91, in from_contracts
    self.update_from(src)
  File "/Users/sujeetkohli/Repositories/analytics_pipeline/venv/lib/python3.9/site-packages/dbt/deps/resolver.py", line 83, in update_from
    pkg = RegistryUnpinnedPackage.from_contract(contract)
  File "/Users/sujeetkohli/Repositories/analytics_pipeline/venv/lib/python3.9/site-packages/dbt/deps/registry.py", line 83, in from_contract
    versions = [semver.VersionSpecifier.from_version_string(v) for v in raw_version]
  File "/Users/sujeetkohli/Repositories/analytics_pipeline/venv/lib/python3.9/site-packages/dbt/deps/registry.py", line 83, in <listcomp>
    versions = [semver.VersionSpecifier.from_version_string(v) for v in raw_version]
  File "/Users/sujeetkohli/Repositories/analytics_pipeline/venv/lib/python3.9/site-packages/dbt_common/semver.py", line 99, in from_version_string
    raise dbt_common.exceptions.base.SemverError(
dbt_common.exceptions.base.SemverError: ">=1.3.0,<2.0.0" is not a valid semantic version.

[0m14:10:53.063827 [debug] [MainThread]: Resource report: {"command_name": "deps", "command_success": false, "command_wall_clock_time": 0.12566796, "process_in_blocks": "0", "process_kernel_time": 0.102689, "process_mem_max_rss": "100139008", "process_out_blocks": "0", "process_user_time": 0.695938}
[0m14:10:53.064048 [debug] [MainThread]: Command `dbt deps` failed at 14:10:53.064001 after 0.13 seconds
[0m14:10:53.064232 [debug] [MainThread]: Sending event: {'category': 'dbt', 'action': 'invocation', 'label': 'end', 'context': [<snowplow_tracker.self_describing_json.SelfDescribingJson object at 0x106d12280>, <snowplow_tracker.self_describing_json.SelfDescribingJson object at 0x1102959d0>, <snowplow_tracker.self_describing_json.SelfDescribingJson object at 0x110295d60>]}
[0m14:10:53.064421 [debug] [MainThread]: Flushing usage events
[0m14:10:53.373733 [debug] [MainThread]: An error was encountered while trying to flush usage events
[0m14:12:33.290245 [debug] [MainThread]: Sending event: {'category': 'dbt', 'action': 'invocation', 'label': 'start', 'context': [<snowplow_tracker.self_describing_json.SelfDescribingJson object at 0x1062521c0>, <snowplow_tracker.self_describing_json.SelfDescribingJson object at 0x1073d0220>, <snowplow_tracker.self_describing_json.SelfDescribingJson object at 0x1073d04f0>]}


============================== 14:12:33.292629 | b3a38a76-ef6e-4777-84a5-369ed0373fab ==============================
[0m14:12:33.292629 [info ] [MainThread]: Running with dbt=1.10.11
[0m14:12:33.292926 [debug] [MainThread]: running dbt with arguments {'indirect_selection': 'eager', 'printer_width': '80', 'use_experimental_parser': 'False', 'debug': 'False', 'warn_error_options': 'WarnErrorOptionsV2(error=[], warn=[], silence=[])', 'introspect': 'True', 'log_format': 'default', 'version_check': 'True', 'static_parser': 'True', 'profiles_dir': '/Users/sujeetkohli/Repositories/analytics_pipeline/look_dbt', 'use_colors': 'True', 'target_path': 'None', 'invocation_command': 'dbt deps', 'quiet': 'False', 'fail_fast': 'False', 'empty': 'None', 'log_path': '/Users/sujeetkohli/Repositories/analytics_pipeline/look_dbt/logs', 'cache_selected_only': 'False', 'partial_parse': 'True', 'warn_error': 'None', 'no_print': 'None', 'send_anonymous_usage_stats': 'True', 'log_cache_events': 'False', 'write_json': 'True'}
[0m14:12:33.337652 [error] [MainThread]: Encountered an error:
'version'
[0m14:12:33.343499 [error] [MainThread]: Traceback (most recent call last):
  File "/Users/sujeetkohli/Repositories/analytics_pipeline/venv/lib/python3.9/site-packages/dbt/cli/requires.py", line 178, in wrapper
    result, success = func(*args, **kwargs)
  File "/Users/sujeetkohli/Repositories/analytics_pipeline/venv/lib/python3.9/site-packages/dbt/cli/requires.py", line 128, in wrapper
    return func(*args, **kwargs)
  File "/Users/sujeetkohli/Repositories/analytics_pipeline/venv/lib/python3.9/site-packages/dbt/cli/requires.py", line 254, in wrapper
    return func(*args, **kwargs)
  File "/Users/sujeetkohli/Repositories/analytics_pipeline/venv/lib/python3.9/site-packages/dbt/cli/requires.py", line 290, in wrapper
    project = load_project(
  File "/Users/sujeetkohli/Repositories/analytics_pipeline/venv/lib/python3.9/site-packages/dbt/config/runtime.py", line 58, in load_project
    project = Project.from_project_root(
  File "/Users/sujeetkohli/Repositories/analytics_pipeline/venv/lib/python3.9/site-packages/dbt/config/project.py", line 771, in from_project_root
    return partial.render(renderer)
  File "/Users/sujeetkohli/Repositories/analytics_pipeline/venv/lib/python3.9/site-packages/dbt/config/project.py", line 337, in render
    return self.create_project(rendered)
  File "/Users/sujeetkohli/Repositories/analytics_pipeline/venv/lib/python3.9/site-packages/dbt/config/project.py", line 484, in create_project
    packages: PackageConfig = package_config_from_data(
  File "/Users/sujeetkohli/Repositories/analytics_pipeline/venv/lib/python3.9/site-packages/dbt/config/project.py", line 148, in package_config_from_data
    PackageConfig.validate(packages_data)
  File "/Users/sujeetkohli/Repositories/analytics_pipeline/venv/lib/python3.9/site-packages/dbt/contracts/project.py", line 141, in validate
    if not package["version"]:
KeyError: 'version'

[0m14:12:33.344926 [debug] [MainThread]: Resource report: {"command_name": "deps", "command_success": false, "command_wall_clock_time": 0.09101658, "process_in_blocks": "0", "process_kernel_time": 0.085952, "process_mem_max_rss": "99483648", "process_out_blocks": "0", "process_user_time": 0.683483}
[0m14:12:33.345178 [debug] [MainThread]: Command `dbt deps` failed at 14:12:33.345127 after 0.09 seconds
[0m14:12:33.345375 [debug] [MainThread]: Sending event: {'category': 'dbt', 'action': 'invocation', 'label': 'end', 'context': [<snowplow_tracker.self_describing_json.SelfDescribingJson object at 0x1062521c0>, <snowplow_tracker.self_describing_json.SelfDescribingJson object at 0x107371160>, <snowplow_tracker.self_describing_json.SelfDescribingJson object at 0x1075bf670>]}
[0m14:12:33.345583 [debug] [MainThread]: Flushing usage events
[0m14:12:33.479816 [debug] [MainThread]: An error was encountered while trying to flush usage events
[0m14:13:10.353276 [debug] [MainThread]: Sending event: {'category': 'dbt', 'action': 'invocation', 'label': 'start', 'context': [<snowplow_tracker.self_describing_json.SelfDescribingJson object at 0x105f4e250>, <snowplow_tracker.self_describing_json.SelfDescribingJson object at 0x106fc1e80>, <snowplow_tracker.self_describing_json.SelfDescribingJson object at 0x106fc1b80>]}


============================== 14:13:10.355786 | 173a6350-189e-40d5-a57e-0da812afe4e7 ==============================
[0m14:13:10.355786 [info ] [MainThread]: Running with dbt=1.10.11
[0m14:13:10.356099 [debug] [MainThread]: running dbt with arguments {'partial_parse': 'True', 'invocation_command': 'dbt deps', 'use_colors': 'True', 'target_path': 'None', 'warn_error': 'None', 'log_path': '/Users/sujeetkohli/Repositories/analytics_pipeline/look_dbt/logs', 'printer_width': '80', 'cache_selected_only': 'False', 'version_check': 'True', 'fail_fast': 'False', 'no_print': 'None', 'static_parser': 'True', 'write_json': 'True', 'introspect': 'True', 'log_format': 'default', 'warn_error_options': 'WarnErrorOptionsV2(error=[], warn=[], silence=[])', 'debug': 'False', 'indirect_selection': 'eager', 'log_cache_events': 'False', 'use_experimental_parser': 'False', 'quiet': 'False', 'send_anonymous_usage_stats': 'True', 'profiles_dir': '/Users/sujeetkohli/Repositories/analytics_pipeline/look_dbt', 'empty': 'None'}
[0m14:13:10.401323 [error] [MainThread]: Encountered an error:
'version'
[0m14:13:10.407716 [error] [MainThread]: Traceback (most recent call last):
  File "/Users/sujeetkohli/Repositories/analytics_pipeline/venv/lib/python3.9/site-packages/dbt/cli/requires.py", line 178, in wrapper
    result, success = func(*args, **kwargs)
  File "/Users/sujeetkohli/Repositories/analytics_pipeline/venv/lib/python3.9/site-packages/dbt/cli/requires.py", line 128, in wrapper
    return func(*args, **kwargs)
  File "/Users/sujeetkohli/Repositories/analytics_pipeline/venv/lib/python3.9/site-packages/dbt/cli/requires.py", line 254, in wrapper
    return func(*args, **kwargs)
  File "/Users/sujeetkohli/Repositories/analytics_pipeline/venv/lib/python3.9/site-packages/dbt/cli/requires.py", line 290, in wrapper
    project = load_project(
  File "/Users/sujeetkohli/Repositories/analytics_pipeline/venv/lib/python3.9/site-packages/dbt/config/runtime.py", line 58, in load_project
    project = Project.from_project_root(
  File "/Users/sujeetkohli/Repositories/analytics_pipeline/venv/lib/python3.9/site-packages/dbt/config/project.py", line 771, in from_project_root
    return partial.render(renderer)
  File "/Users/sujeetkohli/Repositories/analytics_pipeline/venv/lib/python3.9/site-packages/dbt/config/project.py", line 337, in render
    return self.create_project(rendered)
  File "/Users/sujeetkohli/Repositories/analytics_pipeline/venv/lib/python3.9/site-packages/dbt/config/project.py", line 484, in create_project
    packages: PackageConfig = package_config_from_data(
  File "/Users/sujeetkohli/Repositories/analytics_pipeline/venv/lib/python3.9/site-packages/dbt/config/project.py", line 148, in package_config_from_data
    PackageConfig.validate(packages_data)
  File "/Users/sujeetkohli/Repositories/analytics_pipeline/venv/lib/python3.9/site-packages/dbt/contracts/project.py", line 141, in validate
    if not package["version"]:
KeyError: 'version'

[0m14:13:10.409178 [debug] [MainThread]: Resource report: {"command_name": "deps", "command_success": false, "command_wall_clock_time": 0.09260767, "process_in_blocks": "0", "process_kernel_time": 0.08732, "process_mem_max_rss": "99942400", "process_out_blocks": "0", "process_user_time": 0.67524}
[0m14:13:10.409448 [debug] [MainThread]: Command `dbt deps` failed at 14:13:10.409392 after 0.09 seconds
[0m14:13:10.409663 [debug] [MainThread]: Sending event: {'category': 'dbt', 'action': 'invocation', 'label': 'end', 'context': [<snowplow_tracker.self_describing_json.SelfDescribingJson object at 0x105f4e250>, <snowplow_tracker.self_describing_json.SelfDescribingJson object at 0x107075bb0>, <snowplow_tracker.self_describing_json.SelfDescribingJson object at 0x107075f70>]}
[0m14:13:10.409878 [debug] [MainThread]: Flushing usage events
[0m14:13:10.525098 [debug] [MainThread]: An error was encountered while trying to flush usage events
[0m14:16:14.467470 [debug] [MainThread]: Sending event: {'category': 'dbt', 'action': 'invocation', 'label': 'start', 'context': [<snowplow_tracker.self_describing_json.SelfDescribingJson object at 0x103cfe250>, <snowplow_tracker.self_describing_json.SelfDescribingJson object at 0x105085e80>, <snowplow_tracker.self_describing_json.SelfDescribingJson object at 0x105085b80>]}


============================== 14:16:14.469987 | 63fa930f-6c10-41ac-a745-b4cb6e29de48 ==============================
[0m14:16:14.469987 [info ] [MainThread]: Running with dbt=1.10.11
[0m14:16:14.470291 [debug] [MainThread]: running dbt with arguments {'static_parser': 'True', 'version_check': 'True', 'send_anonymous_usage_stats': 'True', 'invocation_command': 'dbt deps', 'write_json': 'True', 'fail_fast': 'False', 'no_print': 'None', 'warn_error': 'None', 'use_colors': 'True', 'empty': 'None', 'quiet': 'False', 'introspect': 'True', 'warn_error_options': 'WarnErrorOptionsV2(error=[], warn=[], silence=[])', 'indirect_selection': 'eager', 'log_path': '/Users/sujeetkohli/Repositories/analytics_pipeline/look_dbt/logs', 'partial_parse': 'True', 'use_experimental_parser': 'False', 'target_path': 'None', 'log_format': 'default', 'cache_selected_only': 'False', 'log_cache_events': 'False', 'printer_width': '80', 'debug': 'False', 'profiles_dir': '/Users/sujeetkohli/Repositories/analytics_pipeline/look_dbt'}
[0m14:16:14.540667 [debug] [MainThread]: Sending event: {'category': 'dbt', 'action': 'project_id', 'label': '63fa930f-6c10-41ac-a745-b4cb6e29de48', 'context': [<snowplow_tracker.self_describing_json.SelfDescribingJson object at 0x10506a880>]}
[0m14:16:14.550376 [debug] [MainThread]: Set downloads directory='/var/folders/91/q9cjcjv14_7_8r9grj8321lr0000gn/T/dbt-downloads-_ptuhehi'
[0m14:16:14.550658 [debug] [MainThread]: Making package index registry request: GET https://hub.getdbt.com/api/v1/index.json
[0m14:16:14.966578 [debug] [MainThread]: Response from registry index: GET https://hub.getdbt.com/api/v1/index.json 200
[0m14:16:14.968840 [debug] [MainThread]: Making package registry request: GET https://hub.getdbt.com/api/v1/dbt-labs/dbt_utils.json
[0m14:16:15.067307 [debug] [MainThread]: Response from registry: GET https://hub.getdbt.com/api/v1/dbt-labs/dbt_utils.json 200
[0m14:16:15.076261 [error] [MainThread]: Encountered an error:
Could not find a matching compatible version for package dbt-labs/dbt_utils
  Requested range: =1.4.0, =1.4.0
  Compatible versions: ['0.0.1', '0.1.0', '0.1.1', '0.1.2', '0.1.3', '0.1.4', '0.1.5', '0.1.6', '0.1.7', '0.1.8', '0.1.9', '0.1.10', '0.1.11', '0.1.12', '0.1.13', '0.1.14', '0.1.15', '0.1.16', '0.1.17', '0.1.18', '0.1.19', '0.1.20', '0.1.21', '0.1.22', '0.1.23', '0.1.24', '0.1.25', '0.2.0', '0.2.1', '0.2.2', '0.2.3', '0.2.4', '0.2.5', '0.3.0', '0.4.0', '0.4.1', '0.5.0', '0.8.0', '0.8.1', '0.8.2', '0.8.3', '0.8.4', '0.8.5', '0.8.6', '0.9.0', '0.9.1', '0.9.2', '0.9.5', '0.9.6', '1.0.0', '1.1.0', '1.1.1', '1.2.0', '1.3.0', '1.3.1']

  Not shown: package versions incompatible with installed version of dbt-core
  To include them, run 'dbt --no-version-check deps'
[0m14:16:15.096645 [error] [MainThread]: Traceback (most recent call last):
  File "/Users/sujeetkohli/Repositories/analytics_pipeline/venv/lib/python3.9/site-packages/dbt/cli/requires.py", line 178, in wrapper
    result, success = func(*args, **kwargs)
  File "/Users/sujeetkohli/Repositories/analytics_pipeline/venv/lib/python3.9/site-packages/dbt/cli/requires.py", line 128, in wrapper
    return func(*args, **kwargs)
  File "/Users/sujeetkohli/Repositories/analytics_pipeline/venv/lib/python3.9/site-packages/dbt/cli/requires.py", line 254, in wrapper
    return func(*args, **kwargs)
  File "/Users/sujeetkohli/Repositories/analytics_pipeline/venv/lib/python3.9/site-packages/dbt/cli/requires.py", line 303, in wrapper
    return func(*args, **kwargs)
  File "/Users/sujeetkohli/Repositories/analytics_pipeline/venv/lib/python3.9/site-packages/dbt/cli/main.py", line 461, in deps
    results = task.run()
  File "/Users/sujeetkohli/Repositories/analytics_pipeline/venv/lib/python3.9/site-packages/dbt/task/deps.py", line 215, in run
    self.lock()
  File "/Users/sujeetkohli/Repositories/analytics_pipeline/venv/lib/python3.9/site-packages/dbt/task/deps.py", line 187, in lock
    resolved_deps = resolve_packages(packages, self.project, self.cli_vars)
  File "/Users/sujeetkohli/Repositories/analytics_pipeline/venv/lib/python3.9/site-packages/dbt/deps/resolver.py", line 131, in resolve_packages
    target = final[package].resolved().fetch_metadata(project, renderer)
  File "/Users/sujeetkohli/Repositories/analytics_pipeline/venv/lib/python3.9/site-packages/dbt/deps/registry.py", line 124, in resolved
    raise PackageVersionNotFoundError(
dbt.exceptions.PackageVersionNotFoundError: Could not find a matching compatible version for package dbt-labs/dbt_utils
  Requested range: =1.4.0, =1.4.0
  Compatible versions: ['0.0.1', '0.1.0', '0.1.1', '0.1.2', '0.1.3', '0.1.4', '0.1.5', '0.1.6', '0.1.7', '0.1.8', '0.1.9', '0.1.10', '0.1.11', '0.1.12', '0.1.13', '0.1.14', '0.1.15', '0.1.16', '0.1.17', '0.1.18', '0.1.19', '0.1.20', '0.1.21', '0.1.22', '0.1.23', '0.1.24', '0.1.25', '0.2.0', '0.2.1', '0.2.2', '0.2.3', '0.2.4', '0.2.5', '0.3.0', '0.4.0', '0.4.1', '0.5.0', '0.8.0', '0.8.1', '0.8.2', '0.8.3', '0.8.4', '0.8.5', '0.8.6', '0.9.0', '0.9.1', '0.9.2', '0.9.5', '0.9.6', '1.0.0', '1.1.0', '1.1.1', '1.2.0', '1.3.0', '1.3.1']

  Not shown: package versions incompatible with installed version of dbt-core
  To include them, run 'dbt --no-version-check deps'

[0m14:16:15.099240 [debug] [MainThread]: Resource report: {"command_name": "deps", "command_success": false, "command_wall_clock_time": 0.6693806, "process_in_blocks": "0", "process_kernel_time": 0.10844, "process_mem_max_rss": "104660992", "process_out_blocks": "0", "process_user_time": 0.741856}
[0m14:16:15.099639 [debug] [MainThread]: Command `dbt deps` failed at 14:16:15.099556 after 0.67 seconds
[0m14:16:15.099978 [debug] [MainThread]: Sending event: {'category': 'dbt', 'action': 'invocation', 'label': 'end', 'context': [<snowplow_tracker.self_describing_json.SelfDescribingJson object at 0x103cfe250>, <snowplow_tracker.self_describing_json.SelfDescribingJson object at 0x1053a3220>, <snowplow_tracker.self_describing_json.SelfDescribingJson object at 0x1053a3160>]}
[0m14:16:15.100307 [debug] [MainThread]: Flushing usage events
[0m14:16:15.244968 [debug] [MainThread]: An error was encountered while trying to flush usage events
[0m14:18:30.498776 [debug] [MainThread]: Sending event: {'category': 'dbt', 'action': 'invocation', 'label': 'start', 'context': [<snowplow_tracker.self_describing_json.SelfDescribingJson object at 0x103c9e1f0>, <snowplow_tracker.self_describing_json.SelfDescribingJson object at 0x104d1c280>, <snowplow_tracker.self_describing_json.SelfDescribingJson object at 0x104d1c550>]}


============================== 14:18:30.501271 | 86d26ac3-1f7c-4e14-8f11-a1994fbc2f61 ==============================
[0m14:18:30.501271 [info ] [MainThread]: Running with dbt=1.10.11
[0m14:18:30.501568 [debug] [MainThread]: running dbt with arguments {'use_colors': 'True', 'version_check': 'True', 'target_path': 'None', 'log_cache_events': 'False', 'introspect': 'True', 'static_parser': 'True', 'write_json': 'True', 'profiles_dir': '/Users/sujeetkohli/Repositories/analytics_pipeline/look_dbt', 'warn_error': 'None', 'indirect_selection': 'eager', 'invocation_command': 'dbt deps', 'fail_fast': 'False', 'warn_error_options': 'WarnErrorOptionsV2(error=[], warn=[], silence=[])', 'use_experimental_parser': 'False', 'log_path': '/Users/sujeetkohli/Repositories/analytics_pipeline/look_dbt/logs', 'no_print': 'None', 'partial_parse': 'True', 'quiet': 'False', 'debug': 'False', 'cache_selected_only': 'False', 'empty': 'None', 'log_format': 'default', 'printer_width': '80', 'send_anonymous_usage_stats': 'True'}
[0m14:18:30.566608 [debug] [MainThread]: Sending event: {'category': 'dbt', 'action': 'project_id', 'label': '86d26ac3-1f7c-4e14-8f11-a1994fbc2f61', 'context': [<snowplow_tracker.self_describing_json.SelfDescribingJson object at 0x104cf4100>]}
[0m14:18:30.576651 [debug] [MainThread]: Set downloads directory='/var/folders/91/q9cjcjv14_7_8r9grj8321lr0000gn/T/dbt-downloads-4wk3wc4a'
[0m14:18:30.576935 [debug] [MainThread]: Making package index registry request: GET https://hub.getdbt.com/api/v1/index.json
[0m14:18:31.023358 [debug] [MainThread]: Response from registry index: GET https://hub.getdbt.com/api/v1/index.json 200
[0m14:18:31.024748 [debug] [MainThread]: Making package registry request: GET https://hub.getdbt.com/api/v1/dbt-labs/dbt_utils.json
[0m14:18:31.123289 [debug] [MainThread]: Response from registry: GET https://hub.getdbt.com/api/v1/dbt-labs/dbt_utils.json 200
[0m14:18:31.135769 [debug] [MainThread]: Making package registry request: GET https://hub.getdbt.com/api/v1/calogica/dbt_expectations.json
[0m14:18:31.238762 [debug] [MainThread]: Response from registry: GET https://hub.getdbt.com/api/v1/calogica/dbt_expectations.json 200
[0m14:18:31.241431 [warn ] [MainThread]: [[33mWARNING[0m]: Deprecated functionality
The `calogica/dbt_expectations` package is deprecated in favor of
`metaplane/dbt_expectations`. Please update your `packages.yml` configuration to
use `metaplane/dbt_expectations` instead.
[0m14:18:31.242490 [debug] [MainThread]: Sending event: {'category': 'dbt', 'action': 'deprecation', 'label': '86d26ac3-1f7c-4e14-8f11-a1994fbc2f61', 'property_': 'warn', 'context': [<snowplow_tracker.self_describing_json.SelfDescribingJson object at 0x104f2e370>]}
[0m14:18:31.252724 [error] [MainThread]: Encountered an error:
Could not find a matching compatible version for package calogica/dbt_expectations
  Requested range: =0.12.1, =0.12.1
  Compatible versions: ['0.5.0', '0.5.1', '0.5.2', '0.5.3', '0.5.4', '0.5.5', '0.5.6', '0.5.7', '0.5.8', '0.6.0', '0.6.1', '0.7.0', '0.8.0', '0.8.1', '0.8.2', '0.8.3', '0.8.4', '0.8.5', '0.9.0', '0.10.0', '0.10.1', '0.10.2', '0.10.3', '0.10.4']

  Not shown: package versions incompatible with installed version of dbt-core
  To include them, run 'dbt --no-version-check deps'
[0m14:18:31.272703 [error] [MainThread]: Traceback (most recent call last):
  File "/Users/sujeetkohli/Repositories/analytics_pipeline/venv/lib/python3.9/site-packages/dbt/cli/requires.py", line 178, in wrapper
    result, success = func(*args, **kwargs)
  File "/Users/sujeetkohli/Repositories/analytics_pipeline/venv/lib/python3.9/site-packages/dbt/cli/requires.py", line 128, in wrapper
    return func(*args, **kwargs)
  File "/Users/sujeetkohli/Repositories/analytics_pipeline/venv/lib/python3.9/site-packages/dbt/cli/requires.py", line 254, in wrapper
    return func(*args, **kwargs)
  File "/Users/sujeetkohli/Repositories/analytics_pipeline/venv/lib/python3.9/site-packages/dbt/cli/requires.py", line 303, in wrapper
    return func(*args, **kwargs)
  File "/Users/sujeetkohli/Repositories/analytics_pipeline/venv/lib/python3.9/site-packages/dbt/cli/main.py", line 461, in deps
    results = task.run()
  File "/Users/sujeetkohli/Repositories/analytics_pipeline/venv/lib/python3.9/site-packages/dbt/task/deps.py", line 215, in run
    self.lock()
  File "/Users/sujeetkohli/Repositories/analytics_pipeline/venv/lib/python3.9/site-packages/dbt/task/deps.py", line 187, in lock
    resolved_deps = resolve_packages(packages, self.project, self.cli_vars)
  File "/Users/sujeetkohli/Repositories/analytics_pipeline/venv/lib/python3.9/site-packages/dbt/deps/resolver.py", line 131, in resolve_packages
    target = final[package].resolved().fetch_metadata(project, renderer)
  File "/Users/sujeetkohli/Repositories/analytics_pipeline/venv/lib/python3.9/site-packages/dbt/deps/registry.py", line 124, in resolved
    raise PackageVersionNotFoundError(
dbt.exceptions.PackageVersionNotFoundError: Could not find a matching compatible version for package calogica/dbt_expectations
  Requested range: =0.12.1, =0.12.1
  Compatible versions: ['0.5.0', '0.5.1', '0.5.2', '0.5.3', '0.5.4', '0.5.5', '0.5.6', '0.5.7', '0.5.8', '0.6.0', '0.6.1', '0.7.0', '0.8.0', '0.8.1', '0.8.2', '0.8.3', '0.8.4', '0.8.5', '0.9.0', '0.10.0', '0.10.1', '0.10.2', '0.10.3', '0.10.4']

  Not shown: package versions incompatible with installed version of dbt-core
  To include them, run 'dbt --no-version-check deps'

[0m14:18:31.273493 [warn ] [MainThread]: [[33mWARNING[0m][DeprecationsSummary]: Deprecated functionality
Summary of encountered deprecations:
- PackageRedirectDeprecation: 1 occurrence
To see all deprecation instances instead of just the first occurrence of each,
run command again with the `--show-all-deprecations` flag. You may also need to
run with `--no-partial-parse` as some deprecations are only encountered during
parsing.
[0m14:18:31.275563 [debug] [MainThread]: Resource report: {"command_name": "deps", "command_success": false, "command_wall_clock_time": 0.8138977, "process_in_blocks": "0", "process_kernel_time": 0.10309, "process_mem_max_rss": "104251392", "process_out_blocks": "0", "process_user_time": 0.764988}
[0m14:18:31.275959 [debug] [MainThread]: Command `dbt deps` failed at 14:18:31.275876 after 0.81 seconds
[0m14:18:31.276282 [debug] [MainThread]: Sending event: {'category': 'dbt', 'action': 'invocation', 'label': 'end', 'context': [<snowplow_tracker.self_describing_json.SelfDescribingJson object at 0x103c9e1f0>, <snowplow_tracker.self_describing_json.SelfDescribingJson object at 0x104f2e460>, <snowplow_tracker.self_describing_json.SelfDescribingJson object at 0x104f2e0d0>]}
[0m14:18:31.276609 [debug] [MainThread]: Flushing usage events
[0m14:18:31.555737 [debug] [MainThread]: An error was encountered while trying to flush usage events
[0m14:18:52.789303 [debug] [MainThread]: Sending event: {'category': 'dbt', 'action': 'invocation', 'label': 'start', 'context': [<snowplow_tracker.self_describing_json.SelfDescribingJson object at 0x106d6a1c0>, <snowplow_tracker.self_describing_json.SelfDescribingJson object at 0x112150220>, <snowplow_tracker.self_describing_json.SelfDescribingJson object at 0x1121504f0>]}


============================== 14:18:52.791770 | a2e3ace9-ee3d-4521-b5bc-6af23278d5ca ==============================
[0m14:18:52.791770 [info ] [MainThread]: Running with dbt=1.10.11
[0m14:18:52.792071 [debug] [MainThread]: running dbt with arguments {'log_path': '/Users/sujeetkohli/Repositories/analytics_pipeline/look_dbt/logs', 'use_experimental_parser': 'False', 'log_format': 'default', 'log_cache_events': 'False', 'debug': 'False', 'version_check': 'True', 'empty': 'None', 'static_parser': 'True', 'quiet': 'False', 'profiles_dir': '/Users/sujeetkohli/Repositories/analytics_pipeline/look_dbt', 'fail_fast': 'False', 'send_anonymous_usage_stats': 'True', 'indirect_selection': 'eager', 'warn_error_options': 'WarnErrorOptionsV2(error=[], warn=[], silence=[])', 'write_json': 'True', 'invocation_command': 'dbt deps', 'use_colors': 'True', 'no_print': 'None', 'partial_parse': 'True', 'printer_width': '80', 'cache_selected_only': 'False', 'introspect': 'True', 'target_path': 'None', 'warn_error': 'None'}
[0m14:18:52.857380 [debug] [MainThread]: Sending event: {'category': 'dbt', 'action': 'project_id', 'label': 'a2e3ace9-ee3d-4521-b5bc-6af23278d5ca', 'context': [<snowplow_tracker.self_describing_json.SelfDescribingJson object at 0x11211aeb0>]}
[0m14:18:52.867497 [debug] [MainThread]: Set downloads directory='/var/folders/91/q9cjcjv14_7_8r9grj8321lr0000gn/T/dbt-downloads-nojyai1d'
[0m14:18:52.867761 [debug] [MainThread]: Making package index registry request: GET https://hub.getdbt.com/api/v1/index.json
[0m14:18:52.962933 [debug] [MainThread]: Response from registry index: GET https://hub.getdbt.com/api/v1/index.json 200
[0m14:18:52.963389 [debug] [MainThread]: Making package registry request: GET https://hub.getdbt.com/api/v1/dbt-labs/dbt_utils.json
[0m14:18:53.054101 [debug] [MainThread]: Response from registry: GET https://hub.getdbt.com/api/v1/dbt-labs/dbt_utils.json 200
[0m14:18:53.059509 [debug] [MainThread]: Making package registry request: GET https://hub.getdbt.com/api/v1/calogica/dbt_expectations.json
[0m14:18:53.147472 [debug] [MainThread]: Response from registry: GET https://hub.getdbt.com/api/v1/calogica/dbt_expectations.json 200
[0m14:18:53.149206 [warn ] [MainThread]: [[33mWARNING[0m]: Deprecated functionality
The `calogica/dbt_expectations` package is deprecated in favor of
`metaplane/dbt_expectations`. Please update your `packages.yml` configuration to
use `metaplane/dbt_expectations` instead.
[0m14:18:53.149953 [debug] [MainThread]: Sending event: {'category': 'dbt', 'action': 'deprecation', 'label': 'a2e3ace9-ee3d-4521-b5bc-6af23278d5ca', 'property_': 'warn', 'context': [<snowplow_tracker.self_describing_json.SelfDescribingJson object at 0x112363760>]}
[0m14:18:53.157909 [error] [MainThread]: Encountered an error:
Could not find a matching compatible version for package calogica/dbt_expectations
  Requested range: =0.12.1, =0.12.1
  Compatible versions: ['0.5.0', '0.5.1', '0.5.2', '0.5.3', '0.5.4', '0.5.5', '0.5.6', '0.5.7', '0.5.8', '0.6.0', '0.6.1', '0.7.0', '0.8.0', '0.8.1', '0.8.2', '0.8.3', '0.8.4', '0.8.5', '0.9.0', '0.10.0', '0.10.1', '0.10.2', '0.10.3', '0.10.4']

  Not shown: package versions incompatible with installed version of dbt-core
  To include them, run 'dbt --no-version-check deps'
[0m14:18:53.173434 [error] [MainThread]: Traceback (most recent call last):
  File "/Users/sujeetkohli/Repositories/analytics_pipeline/venv/lib/python3.9/site-packages/dbt/cli/requires.py", line 178, in wrapper
    result, success = func(*args, **kwargs)
  File "/Users/sujeetkohli/Repositories/analytics_pipeline/venv/lib/python3.9/site-packages/dbt/cli/requires.py", line 128, in wrapper
    return func(*args, **kwargs)
  File "/Users/sujeetkohli/Repositories/analytics_pipeline/venv/lib/python3.9/site-packages/dbt/cli/requires.py", line 254, in wrapper
    return func(*args, **kwargs)
  File "/Users/sujeetkohli/Repositories/analytics_pipeline/venv/lib/python3.9/site-packages/dbt/cli/requires.py", line 303, in wrapper
    return func(*args, **kwargs)
  File "/Users/sujeetkohli/Repositories/analytics_pipeline/venv/lib/python3.9/site-packages/dbt/cli/main.py", line 461, in deps
    results = task.run()
  File "/Users/sujeetkohli/Repositories/analytics_pipeline/venv/lib/python3.9/site-packages/dbt/task/deps.py", line 215, in run
    self.lock()
  File "/Users/sujeetkohli/Repositories/analytics_pipeline/venv/lib/python3.9/site-packages/dbt/task/deps.py", line 187, in lock
    resolved_deps = resolve_packages(packages, self.project, self.cli_vars)
  File "/Users/sujeetkohli/Repositories/analytics_pipeline/venv/lib/python3.9/site-packages/dbt/deps/resolver.py", line 131, in resolve_packages
    target = final[package].resolved().fetch_metadata(project, renderer)
  File "/Users/sujeetkohli/Repositories/analytics_pipeline/venv/lib/python3.9/site-packages/dbt/deps/registry.py", line 124, in resolved
    raise PackageVersionNotFoundError(
dbt.exceptions.PackageVersionNotFoundError: Could not find a matching compatible version for package calogica/dbt_expectations
  Requested range: =0.12.1, =0.12.1
  Compatible versions: ['0.5.0', '0.5.1', '0.5.2', '0.5.3', '0.5.4', '0.5.5', '0.5.6', '0.5.7', '0.5.8', '0.6.0', '0.6.1', '0.7.0', '0.8.0', '0.8.1', '0.8.2', '0.8.3', '0.8.4', '0.8.5', '0.9.0', '0.10.0', '0.10.1', '0.10.2', '0.10.3', '0.10.4']

  Not shown: package versions incompatible with installed version of dbt-core
  To include them, run 'dbt --no-version-check deps'

[0m14:18:53.174032 [warn ] [MainThread]: [[33mWARNING[0m][DeprecationsSummary]: Deprecated functionality
Summary of encountered deprecations:
- PackageRedirectDeprecation: 1 occurrence
To see all deprecation instances instead of just the first occurrence of each,
run command again with the `--show-all-deprecations` flag. You may also need to
run with `--no-partial-parse` as some deprecations are only encountered during
parsing.
[0m14:18:53.175346 [debug] [MainThread]: Resource report: {"command_name": "deps", "command_success": false, "command_wall_clock_time": 0.42316312, "process_in_blocks": "0", "process_kernel_time": 0.091615, "process_mem_max_rss": "103972864", "process_out_blocks": "0", "process_user_time": 0.74791}
[0m14:18:53.175572 [debug] [MainThread]: Command `dbt deps` failed at 14:18:53.175521 after 0.42 seconds
[0m14:18:53.175766 [debug] [MainThread]: Sending event: {'category': 'dbt', 'action': 'invocation', 'label': 'end', 'context': [<snowplow_tracker.self_describing_json.SelfDescribingJson object at 0x106d6a1c0>, <snowplow_tracker.self_describing_json.SelfDescribingJson object at 0x112363430>, <snowplow_tracker.self_describing_json.SelfDescribingJson object at 0x112363880>]}
[0m14:18:53.175952 [debug] [MainThread]: Flushing usage events
[0m14:18:53.304872 [debug] [MainThread]: An error was encountered while trying to flush usage events
[0m14:19:01.678904 [debug] [MainThread]: Sending event: {'category': 'dbt', 'action': 'invocation', 'label': 'start', 'context': [<snowplow_tracker.self_describing_json.SelfDescribingJson object at 0x10561e220>, <snowplow_tracker.self_describing_json.SelfDescribingJson object at 0x106690f70>, <snowplow_tracker.self_describing_json.SelfDescribingJson object at 0x106690a30>]}


============================== 14:19:01.680831 | d6160674-ddce-4593-85f6-d5b541373a78 ==============================
[0m14:19:01.680831 [info ] [MainThread]: Running with dbt=1.10.11
[0m14:19:01.681142 [debug] [MainThread]: running dbt with arguments {'log_format': 'default', 'debug': 'False', 'partial_parse': 'True', 'empty': 'None', 'write_json': 'True', 'fail_fast': 'False', 'version_check': 'True', 'introspect': 'True', 'printer_width': '80', 'log_cache_events': 'False', 'target_path': 'None', 'cache_selected_only': 'False', 'quiet': 'False', 'indirect_selection': 'eager', 'warn_error_options': 'WarnErrorOptionsV2(error=[], warn=[], silence=[])', 'no_print': 'None', 'use_experimental_parser': 'False', 'warn_error': 'None', 'use_colors': 'True', 'log_path': '/Users/sujeetkohli/Repositories/analytics_pipeline/look_dbt/logs', 'send_anonymous_usage_stats': 'True', 'profiles_dir': '/Users/sujeetkohli/Repositories/analytics_pipeline/look_dbt', 'static_parser': 'True', 'invocation_command': 'dbt deps'}
[0m14:19:01.746044 [debug] [MainThread]: Sending event: {'category': 'dbt', 'action': 'project_id', 'label': 'd6160674-ddce-4593-85f6-d5b541373a78', 'context': [<snowplow_tracker.self_describing_json.SelfDescribingJson object at 0x106673e50>]}
[0m14:19:01.752451 [debug] [MainThread]: Set downloads directory='/var/folders/91/q9cjcjv14_7_8r9grj8321lr0000gn/T/dbt-downloads-xa659oyj'
[0m14:19:01.752708 [debug] [MainThread]: Making package index registry request: GET https://hub.getdbt.com/api/v1/index.json
[0m14:19:01.854606 [debug] [MainThread]: Response from registry index: GET https://hub.getdbt.com/api/v1/index.json 200
[0m14:19:01.855144 [debug] [MainThread]: Making package registry request: GET https://hub.getdbt.com/api/v1/dbt-labs/dbt_utils.json
[0m14:19:01.956719 [debug] [MainThread]: Response from registry: GET https://hub.getdbt.com/api/v1/dbt-labs/dbt_utils.json 200
[0m14:19:01.970562 [debug] [MainThread]: Making package registry request: GET https://hub.getdbt.com/api/v1/calogica/dbt_expectations.json
[0m14:19:02.064278 [debug] [MainThread]: Response from registry: GET https://hub.getdbt.com/api/v1/calogica/dbt_expectations.json 200
[0m14:19:02.067551 [warn ] [MainThread]: [[33mWARNING[0m]: Deprecated functionality
The `calogica/dbt_expectations` package is deprecated in favor of
`metaplane/dbt_expectations`. Please update your `packages.yml` configuration to
use `metaplane/dbt_expectations` instead.
[0m14:19:02.068681 [debug] [MainThread]: Sending event: {'category': 'dbt', 'action': 'deprecation', 'label': 'd6160674-ddce-4593-85f6-d5b541373a78', 'property_': 'warn', 'context': [<snowplow_tracker.self_describing_json.SelfDescribingJson object at 0x1068aeee0>]}
[0m14:19:02.078307 [debug] [MainThread]: Making package registry request: GET https://hub.getdbt.com/api/v1/dbt-labs/codegen.json
[0m14:19:02.183859 [debug] [MainThread]: Response from registry: GET https://hub.getdbt.com/api/v1/dbt-labs/codegen.json 200
[0m14:19:02.190448 [debug] [MainThread]: Making package registry request: GET https://hub.getdbt.com/api/v1/elementary-data/elementary.json
[0m14:19:02.294779 [debug] [MainThread]: Response from registry: GET https://hub.getdbt.com/api/v1/elementary-data/elementary.json 200
[0m14:19:02.310148 [error] [MainThread]: Encountered an error:
Could not find a matching compatible version for package elementary-data/elementary
  Requested range: =0.13.4, =0.13.4
  Compatible versions: ['0.1.1', '0.2.1', '0.3.0', '0.3.2', '0.3.4', '0.3.6', '0.3.8', '0.3.10', '0.3.12', '0.3.14', '0.3.15', '0.3.16', '0.4.0', '0.4.1', '0.4.2', '0.4.5', '0.4.6', '0.4.7', '0.4.8', '0.4.9', '0.4.10', '0.4.11', '0.4.12', '0.5.0', '0.5.1', '0.5.2', '0.5.3', '0.5.4', '0.5.5', '0.6.0', '0.6.1', '0.6.2', '0.6.3', '0.6.4', '0.6.5', '0.6.6', '0.6.7', '0.6.8', '0.6.9', '0.6.10', '0.6.11', '0.6.12', '0.6.13', '0.7.0', '0.7.1', '0.7.2', '0.7.3', '0.7.4', '0.7.5', '0.7.6', '0.7.7', '0.7.8', '0.8.0', '0.8.1', '0.8.2', '0.8.3', '0.8.4', '0.9.0', '0.9.1', '0.9.2', '0.9.3', '0.9.4', '0.10.0', '0.10.1', '0.10.2', '0.10.3', '0.11.0', '0.11.1', '0.11.2', '0.12.0', '0.12.1', '0.12.2', '0.13.0', '0.13.1', '0.13.2', '0.14.0', '0.14.1', '0.15.0', '0.15.1', '0.15.2', '0.16.0', '0.16.1', '0.16.2', '0.16.3', '0.16.4', '0.17.0', '0.18.0', '0.18.1', '0.18.2', '0.18.3', '0.19.0', '0.19.1', '0.19.2', '0.19.3', '0.19.4']

  Not shown: package versions incompatible with installed version of dbt-core
  To include them, run 'dbt --no-version-check deps'
[0m14:19:02.326528 [error] [MainThread]: Traceback (most recent call last):
  File "/Users/sujeetkohli/Repositories/analytics_pipeline/venv/lib/python3.9/site-packages/dbt/cli/requires.py", line 178, in wrapper
    result, success = func(*args, **kwargs)
  File "/Users/sujeetkohli/Repositories/analytics_pipeline/venv/lib/python3.9/site-packages/dbt/cli/requires.py", line 128, in wrapper
    return func(*args, **kwargs)
  File "/Users/sujeetkohli/Repositories/analytics_pipeline/venv/lib/python3.9/site-packages/dbt/cli/requires.py", line 254, in wrapper
    return func(*args, **kwargs)
  File "/Users/sujeetkohli/Repositories/analytics_pipeline/venv/lib/python3.9/site-packages/dbt/cli/requires.py", line 303, in wrapper
    return func(*args, **kwargs)
  File "/Users/sujeetkohli/Repositories/analytics_pipeline/venv/lib/python3.9/site-packages/dbt/cli/main.py", line 461, in deps
    results = task.run()
  File "/Users/sujeetkohli/Repositories/analytics_pipeline/venv/lib/python3.9/site-packages/dbt/task/deps.py", line 215, in run
    self.lock()
  File "/Users/sujeetkohli/Repositories/analytics_pipeline/venv/lib/python3.9/site-packages/dbt/task/deps.py", line 187, in lock
    resolved_deps = resolve_packages(packages, self.project, self.cli_vars)
  File "/Users/sujeetkohli/Repositories/analytics_pipeline/venv/lib/python3.9/site-packages/dbt/deps/resolver.py", line 131, in resolve_packages
    target = final[package].resolved().fetch_metadata(project, renderer)
  File "/Users/sujeetkohli/Repositories/analytics_pipeline/venv/lib/python3.9/site-packages/dbt/deps/registry.py", line 124, in resolved
    raise PackageVersionNotFoundError(
dbt.exceptions.PackageVersionNotFoundError: Could not find a matching compatible version for package elementary-data/elementary
  Requested range: =0.13.4, =0.13.4
  Compatible versions: ['0.1.1', '0.2.1', '0.3.0', '0.3.2', '0.3.4', '0.3.6', '0.3.8', '0.3.10', '0.3.12', '0.3.14', '0.3.15', '0.3.16', '0.4.0', '0.4.1', '0.4.2', '0.4.5', '0.4.6', '0.4.7', '0.4.8', '0.4.9', '0.4.10', '0.4.11', '0.4.12', '0.5.0', '0.5.1', '0.5.2', '0.5.3', '0.5.4', '0.5.5', '0.6.0', '0.6.1', '0.6.2', '0.6.3', '0.6.4', '0.6.5', '0.6.6', '0.6.7', '0.6.8', '0.6.9', '0.6.10', '0.6.11', '0.6.12', '0.6.13', '0.7.0', '0.7.1', '0.7.2', '0.7.3', '0.7.4', '0.7.5', '0.7.6', '0.7.7', '0.7.8', '0.8.0', '0.8.1', '0.8.2', '0.8.3', '0.8.4', '0.9.0', '0.9.1', '0.9.2', '0.9.3', '0.9.4', '0.10.0', '0.10.1', '0.10.2', '0.10.3', '0.11.0', '0.11.1', '0.11.2', '0.12.0', '0.12.1', '0.12.2', '0.13.0', '0.13.1', '0.13.2', '0.14.0', '0.14.1', '0.15.0', '0.15.1', '0.15.2', '0.16.0', '0.16.1', '0.16.2', '0.16.3', '0.16.4', '0.17.0', '0.18.0', '0.18.1', '0.18.2', '0.18.3', '0.19.0', '0.19.1', '0.19.2', '0.19.3', '0.19.4']

  Not shown: package versions incompatible with installed version of dbt-core
  To include them, run 'dbt --no-version-check deps'

[0m14:19:02.327432 [warn ] [MainThread]: [[33mWARNING[0m][DeprecationsSummary]: Deprecated functionality
Summary of encountered deprecations:
- PackageRedirectDeprecation: 1 occurrence
To see all deprecation instances instead of just the first occurrence of each,
run command again with the `--show-all-deprecations` flag. You may also need to
run with `--no-partial-parse` as some deprecations are only encountered during
parsing.
[0m14:19:02.329506 [debug] [MainThread]: Resource report: {"command_name": "deps", "command_success": false, "command_wall_clock_time": 0.68487906, "process_in_blocks": "0", "process_kernel_time": 0.079974, "process_mem_max_rss": "104972288", "process_out_blocks": "0", "process_user_time": 0.811453}
[0m14:19:02.329913 [debug] [MainThread]: Command `dbt deps` failed at 14:19:02.329829 after 0.69 seconds
[0m14:19:02.330246 [debug] [MainThread]: Sending event: {'category': 'dbt', 'action': 'invocation', 'label': 'end', 'context': [<snowplow_tracker.self_describing_json.SelfDescribingJson object at 0x10561e220>, <snowplow_tracker.self_describing_json.SelfDescribingJson object at 0x10678c7f0>, <snowplow_tracker.self_describing_json.SelfDescribingJson object at 0x104484bb0>]}
[0m14:19:02.330590 [debug] [MainThread]: Flushing usage events
[0m14:19:02.438651 [debug] [MainThread]: An error was encountered while trying to flush usage events
[0m14:19:20.086517 [debug] [MainThread]: Sending event: {'category': 'dbt', 'action': 'invocation', 'label': 'start', 'context': [<snowplow_tracker.self_describing_json.SelfDescribingJson object at 0x1030f61f0>, <snowplow_tracker.self_describing_json.SelfDescribingJson object at 0x104174280>, <snowplow_tracker.self_describing_json.SelfDescribingJson object at 0x104174550>]}


============================== 14:19:20.088809 | c97e0b70-a485-41db-b578-769fcb911e69 ==============================
[0m14:19:20.088809 [info ] [MainThread]: Running with dbt=1.10.11
[0m14:19:20.089116 [debug] [MainThread]: running dbt with arguments {'cache_selected_only': 'False', 'no_print': 'None', 'target_path': 'None', 'fail_fast': 'False', 'use_experimental_parser': 'False', 'partial_parse': 'True', 'version_check': 'True', 'log_path': '/Users/sujeetkohli/Repositories/analytics_pipeline/look_dbt/logs', 'debug': 'False', 'invocation_command': 'dbt deps', 'profiles_dir': '/Users/sujeetkohli/Repositories/analytics_pipeline/look_dbt', 'quiet': 'False', 'log_format': 'default', 'introspect': 'True', 'warn_error': 'None', 'warn_error_options': 'WarnErrorOptionsV2(error=[], warn=[], silence=[])', 'printer_width': '80', 'use_colors': 'True', 'write_json': 'True', 'indirect_selection': 'eager', 'log_cache_events': 'False', 'static_parser': 'True', 'send_anonymous_usage_stats': 'True', 'empty': 'None'}
[0m14:19:20.154788 [debug] [MainThread]: Sending event: {'category': 'dbt', 'action': 'project_id', 'label': 'c97e0b70-a485-41db-b578-769fcb911e69', 'context': [<snowplow_tracker.self_describing_json.SelfDescribingJson object at 0x101892790>]}
[0m14:19:20.164278 [debug] [MainThread]: Set downloads directory='/var/folders/91/q9cjcjv14_7_8r9grj8321lr0000gn/T/dbt-downloads-x_m67a4w'
[0m14:19:20.164559 [debug] [MainThread]: Making package index registry request: GET https://hub.getdbt.com/api/v1/index.json
[0m14:19:20.274071 [debug] [MainThread]: Response from registry index: GET https://hub.getdbt.com/api/v1/index.json 200
[0m14:19:20.274629 [debug] [MainThread]: Making package registry request: GET https://hub.getdbt.com/api/v1/dbt-labs/dbt_utils.json
[0m14:19:20.362091 [debug] [MainThread]: Response from registry: GET https://hub.getdbt.com/api/v1/dbt-labs/dbt_utils.json 200
[0m14:19:20.373031 [debug] [MainThread]: Making package registry request: GET https://hub.getdbt.com/api/v1/calogica/dbt_expectations.json
[0m14:19:20.477223 [debug] [MainThread]: Response from registry: GET https://hub.getdbt.com/api/v1/calogica/dbt_expectations.json 200
[0m14:19:20.478230 [warn ] [MainThread]: [[33mWARNING[0m]: Deprecated functionality
The `calogica/dbt_expectations` package is deprecated in favor of
`metaplane/dbt_expectations`. Please update your `packages.yml` configuration to
use `metaplane/dbt_expectations` instead.
[0m14:19:20.478646 [debug] [MainThread]: Sending event: {'category': 'dbt', 'action': 'deprecation', 'label': 'c97e0b70-a485-41db-b578-769fcb911e69', 'property_': 'warn', 'context': [<snowplow_tracker.self_describing_json.SelfDescribingJson object at 0x104386f70>]}
[0m14:19:20.483116 [debug] [MainThread]: Making package registry request: GET https://hub.getdbt.com/api/v1/dbt-labs/codegen.json
[0m14:19:20.572061 [debug] [MainThread]: Response from registry: GET https://hub.getdbt.com/api/v1/dbt-labs/codegen.json 200
[0m14:19:20.574410 [debug] [MainThread]: Making package registry request: GET https://hub.getdbt.com/api/v1/elementary-data/elementary.json
[0m14:19:20.680810 [debug] [MainThread]: Response from registry: GET https://hub.getdbt.com/api/v1/elementary-data/elementary.json 200
[0m14:19:20.695563 [error] [MainThread]: Encountered an error:
Package equalexperts/dbt-unit-testing was not found in the package index
[0m14:19:20.706098 [error] [MainThread]: Traceback (most recent call last):
  File "/Users/sujeetkohli/Repositories/analytics_pipeline/venv/lib/python3.9/site-packages/dbt/cli/requires.py", line 178, in wrapper
    result, success = func(*args, **kwargs)
  File "/Users/sujeetkohli/Repositories/analytics_pipeline/venv/lib/python3.9/site-packages/dbt/cli/requires.py", line 128, in wrapper
    return func(*args, **kwargs)
  File "/Users/sujeetkohli/Repositories/analytics_pipeline/venv/lib/python3.9/site-packages/dbt/cli/requires.py", line 254, in wrapper
    return func(*args, **kwargs)
  File "/Users/sujeetkohli/Repositories/analytics_pipeline/venv/lib/python3.9/site-packages/dbt/cli/requires.py", line 303, in wrapper
    return func(*args, **kwargs)
  File "/Users/sujeetkohli/Repositories/analytics_pipeline/venv/lib/python3.9/site-packages/dbt/cli/main.py", line 461, in deps
    results = task.run()
  File "/Users/sujeetkohli/Repositories/analytics_pipeline/venv/lib/python3.9/site-packages/dbt/task/deps.py", line 215, in run
    self.lock()
  File "/Users/sujeetkohli/Repositories/analytics_pipeline/venv/lib/python3.9/site-packages/dbt/task/deps.py", line 187, in lock
    resolved_deps = resolve_packages(packages, self.project, self.cli_vars)
  File "/Users/sujeetkohli/Repositories/analytics_pipeline/venv/lib/python3.9/site-packages/dbt/deps/resolver.py", line 131, in resolve_packages
    target = final[package].resolved().fetch_metadata(project, renderer)
  File "/Users/sujeetkohli/Repositories/analytics_pipeline/venv/lib/python3.9/site-packages/dbt/deps/registry.py", line 98, in resolved
    self._check_in_index()
  File "/Users/sujeetkohli/Repositories/analytics_pipeline/venv/lib/python3.9/site-packages/dbt/deps/registry.py", line 77, in _check_in_index
    raise PackageNotFoundError(self.package)
dbt.exceptions.PackageNotFoundError: Package equalexperts/dbt-unit-testing was not found in the package index

[0m14:19:20.706647 [warn ] [MainThread]: [[33mWARNING[0m][DeprecationsSummary]: Deprecated functionality
Summary of encountered deprecations:
- PackageRedirectDeprecation: 1 occurrence
To see all deprecation instances instead of just the first occurrence of each,
run command again with the `--show-all-deprecations` flag. You may also need to
run with `--no-partial-parse` as some deprecations are only encountered during
parsing.
[0m14:19:20.708026 [debug] [MainThread]: Resource report: {"command_name": "deps", "command_success": false, "command_wall_clock_time": 0.6599173, "process_in_blocks": "0", "process_kernel_time": 0.090286, "process_mem_max_rss": "104824832", "process_out_blocks": "0", "process_user_time": 0.762656}
[0m14:19:20.708282 [debug] [MainThread]: Command `dbt deps` failed at 14:19:20.708225 after 0.66 seconds
[0m14:19:20.708489 [debug] [MainThread]: Sending event: {'category': 'dbt', 'action': 'invocation', 'label': 'end', 'context': [<snowplow_tracker.self_describing_json.SelfDescribingJson object at 0x1030f61f0>, <snowplow_tracker.self_describing_json.SelfDescribingJson object at 0x1044378e0>, <snowplow_tracker.self_describing_json.SelfDescribingJson object at 0x104437d60>]}
[0m14:19:20.708692 [debug] [MainThread]: Flushing usage events
[0m14:19:20.875139 [debug] [MainThread]: An error was encountered while trying to flush usage events
[0m14:20:36.062290 [debug] [MainThread]: Sending event: {'category': 'dbt', 'action': 'invocation', 'label': 'start', 'context': [<snowplow_tracker.self_describing_json.SelfDescribingJson object at 0x121312280>, <snowplow_tracker.self_describing_json.SelfDescribingJson object at 0x122d85eb0>, <snowplow_tracker.self_describing_json.SelfDescribingJson object at 0x122d85b80>]}


============================== 14:20:36.064801 | 68cd4a56-9ba1-40a3-b78c-12608ff0fb45 ==============================
[0m14:20:36.064801 [info ] [MainThread]: Running with dbt=1.10.11
[0m14:20:36.065104 [debug] [MainThread]: running dbt with arguments {'debug': 'False', 'write_json': 'True', 'invocation_command': 'dbt deps', 'send_anonymous_usage_stats': 'True', 'profiles_dir': '/Users/sujeetkohli/Repositories/analytics_pipeline/look_dbt', 'indirect_selection': 'eager', 'empty': 'None', 'warn_error': 'None', 'version_check': 'True', 'use_colors': 'True', 'no_print': 'None', 'log_path': '/Users/sujeetkohli/Repositories/analytics_pipeline/look_dbt/logs', 'static_parser': 'True', 'warn_error_options': 'WarnErrorOptionsV2(error=[], warn=[], silence=[])', 'log_format': 'default', 'cache_selected_only': 'False', 'printer_width': '80', 'log_cache_events': 'False', 'use_experimental_parser': 'False', 'target_path': 'None', 'quiet': 'False', 'fail_fast': 'False', 'partial_parse': 'True', 'introspect': 'True'}
[0m14:20:36.129746 [debug] [MainThread]: Sending event: {'category': 'dbt', 'action': 'project_id', 'label': '68cd4a56-9ba1-40a3-b78c-12608ff0fb45', 'context': [<snowplow_tracker.self_describing_json.SelfDescribingJson object at 0x122d6a070>]}
[0m14:20:36.139491 [debug] [MainThread]: Set downloads directory='/var/folders/91/q9cjcjv14_7_8r9grj8321lr0000gn/T/dbt-downloads-fgfplweq'
[0m14:20:36.139773 [debug] [MainThread]: Making package index registry request: GET https://hub.getdbt.com/api/v1/index.json
[0m14:20:36.369153 [debug] [MainThread]: Response from registry index: GET https://hub.getdbt.com/api/v1/index.json 200
[0m14:20:36.370506 [debug] [MainThread]: Making package registry request: GET https://hub.getdbt.com/api/v1/dbt-labs/dbt_utils.json
[0m14:20:36.468940 [debug] [MainThread]: Response from registry: GET https://hub.getdbt.com/api/v1/dbt-labs/dbt_utils.json 200
[0m14:20:36.482237 [debug] [MainThread]: Making package registry request: GET https://hub.getdbt.com/api/v1/metaplane/dbt_expectations.json
[0m14:20:36.597798 [debug] [MainThread]: Response from registry: GET https://hub.getdbt.com/api/v1/metaplane/dbt_expectations.json 200
[0m14:20:36.607283 [debug] [MainThread]: Making package registry request: GET https://hub.getdbt.com/api/v1/dbt-labs/codegen.json
[0m14:20:36.685940 [debug] [MainThread]: Response from registry: GET https://hub.getdbt.com/api/v1/dbt-labs/codegen.json 200
[0m14:20:36.692118 [debug] [MainThread]: Making package registry request: GET https://hub.getdbt.com/api/v1/elementary-data/elementary.json
[0m14:20:36.803910 [debug] [MainThread]: Response from registry: GET https://hub.getdbt.com/api/v1/elementary-data/elementary.json 200
[0m14:20:36.818214 [error] [MainThread]: Encountered an error:
Package equalexperts/dbt-unit-testing was not found in the package index
[0m14:20:36.836118 [error] [MainThread]: Traceback (most recent call last):
  File "/Users/sujeetkohli/Repositories/analytics_pipeline/venv/lib/python3.9/site-packages/dbt/cli/requires.py", line 178, in wrapper
    result, success = func(*args, **kwargs)
  File "/Users/sujeetkohli/Repositories/analytics_pipeline/venv/lib/python3.9/site-packages/dbt/cli/requires.py", line 128, in wrapper
    return func(*args, **kwargs)
  File "/Users/sujeetkohli/Repositories/analytics_pipeline/venv/lib/python3.9/site-packages/dbt/cli/requires.py", line 254, in wrapper
    return func(*args, **kwargs)
  File "/Users/sujeetkohli/Repositories/analytics_pipeline/venv/lib/python3.9/site-packages/dbt/cli/requires.py", line 303, in wrapper
    return func(*args, **kwargs)
  File "/Users/sujeetkohli/Repositories/analytics_pipeline/venv/lib/python3.9/site-packages/dbt/cli/main.py", line 461, in deps
    results = task.run()
  File "/Users/sujeetkohli/Repositories/analytics_pipeline/venv/lib/python3.9/site-packages/dbt/task/deps.py", line 215, in run
    self.lock()
  File "/Users/sujeetkohli/Repositories/analytics_pipeline/venv/lib/python3.9/site-packages/dbt/task/deps.py", line 187, in lock
    resolved_deps = resolve_packages(packages, self.project, self.cli_vars)
  File "/Users/sujeetkohli/Repositories/analytics_pipeline/venv/lib/python3.9/site-packages/dbt/deps/resolver.py", line 131, in resolve_packages
    target = final[package].resolved().fetch_metadata(project, renderer)
  File "/Users/sujeetkohli/Repositories/analytics_pipeline/venv/lib/python3.9/site-packages/dbt/deps/registry.py", line 98, in resolved
    self._check_in_index()
  File "/Users/sujeetkohli/Repositories/analytics_pipeline/venv/lib/python3.9/site-packages/dbt/deps/registry.py", line 77, in _check_in_index
    raise PackageNotFoundError(self.package)
dbt.exceptions.PackageNotFoundError: Package equalexperts/dbt-unit-testing was not found in the package index

[0m14:20:36.838558 [debug] [MainThread]: Resource report: {"command_name": "deps", "command_success": false, "command_wall_clock_time": 0.8137021, "process_in_blocks": "0", "process_kernel_time": 0.106768, "process_mem_max_rss": "105021440", "process_out_blocks": "0", "process_user_time": 0.785345}
[0m14:20:36.838989 [debug] [MainThread]: Command `dbt deps` failed at 14:20:36.838909 after 0.81 seconds
[0m14:20:36.839311 [debug] [MainThread]: Sending event: {'category': 'dbt', 'action': 'invocation', 'label': 'end', 'context': [<snowplow_tracker.self_describing_json.SelfDescribingJson object at 0x121312280>, <snowplow_tracker.self_describing_json.SelfDescribingJson object at 0x123953ac0>, <snowplow_tracker.self_describing_json.SelfDescribingJson object at 0x123953c70>]}
[0m14:20:36.839659 [debug] [MainThread]: Flushing usage events
[0m14:20:36.987922 [debug] [MainThread]: An error was encountered while trying to flush usage events
[0m14:26:12.554128 [debug] [MainThread]: Sending event: {'category': 'dbt', 'action': 'invocation', 'label': 'start', 'context': [<snowplow_tracker.self_describing_json.SelfDescribingJson object at 0x107d8e190>, <snowplow_tracker.self_describing_json.SelfDescribingJson object at 0x108e0c250>, <snowplow_tracker.self_describing_json.SelfDescribingJson object at 0x108e0c520>]}


============================== 14:26:12.556803 | 2d766728-ccb5-4eba-ad36-7cb758a17865 ==============================
[0m14:26:12.556803 [info ] [MainThread]: Running with dbt=1.10.11
[0m14:26:12.557111 [debug] [MainThread]: running dbt with arguments {'warn_error_options': 'WarnErrorOptionsV2(error=[], warn=[], silence=[])', 'log_path': '/Users/sujeetkohli/Repositories/analytics_pipeline/look_dbt/logs', 'indirect_selection': 'eager', 'introspect': 'True', 'printer_width': '80', 'version_check': 'True', 'target_path': 'None', 'partial_parse': 'True', 'empty': 'None', 'fail_fast': 'False', 'use_colors': 'True', 'invocation_command': 'dbt deps', 'cache_selected_only': 'False', 'log_cache_events': 'False', 'no_print': 'None', 'warn_error': 'None', 'write_json': 'True', 'debug': 'False', 'quiet': 'False', 'send_anonymous_usage_stats': 'True', 'use_experimental_parser': 'False', 'profiles_dir': '/Users/sujeetkohli/Repositories/analytics_pipeline/look_dbt', 'log_format': 'default', 'static_parser': 'True'}
[0m14:26:12.627370 [debug] [MainThread]: Sending event: {'category': 'dbt', 'action': 'project_id', 'label': '2d766728-ccb5-4eba-ad36-7cb758a17865', 'context': [<snowplow_tracker.self_describing_json.SelfDescribingJson object at 0x108042400>]}
[0m14:26:12.637921 [debug] [MainThread]: Set downloads directory='/var/folders/91/q9cjcjv14_7_8r9grj8321lr0000gn/T/dbt-downloads-9fceow2x'
[0m14:26:12.638282 [debug] [MainThread]: Making package index registry request: GET https://hub.getdbt.com/api/v1/index.json
[0m14:26:13.036733 [debug] [MainThread]: Response from registry index: GET https://hub.getdbt.com/api/v1/index.json 200
[0m14:26:13.039079 [debug] [MainThread]: Making package registry request: GET https://hub.getdbt.com/api/v1/dbt-labs/dbt_utils.json
[0m14:26:13.144954 [debug] [MainThread]: Response from registry: GET https://hub.getdbt.com/api/v1/dbt-labs/dbt_utils.json 200
[0m14:26:13.160099 [debug] [MainThread]: Making package registry request: GET https://hub.getdbt.com/api/v1/metaplane/dbt_expectations.json
[0m14:26:13.302915 [debug] [MainThread]: Response from registry: GET https://hub.getdbt.com/api/v1/metaplane/dbt_expectations.json 200
[0m14:26:13.314813 [debug] [MainThread]: Making package registry request: GET https://hub.getdbt.com/api/v1/dbt-labs/codegen.json
[0m14:26:13.432032 [debug] [MainThread]: Response from registry: GET https://hub.getdbt.com/api/v1/dbt-labs/codegen.json 200
[0m14:26:13.437054 [debug] [MainThread]: Making package registry request: GET https://hub.getdbt.com/api/v1/elementary-data/elementary.json
[0m14:26:13.551387 [debug] [MainThread]: Response from registry: GET https://hub.getdbt.com/api/v1/elementary-data/elementary.json 200
[0m14:26:13.563588 [error] [MainThread]: Encountered an error:
Package equalexperts/dbt-unit-testing was not found in the package index
[0m14:26:13.581750 [error] [MainThread]: Traceback (most recent call last):
  File "/Users/sujeetkohli/Repositories/analytics_pipeline/venv/lib/python3.9/site-packages/dbt/cli/requires.py", line 178, in wrapper
    result, success = func(*args, **kwargs)
  File "/Users/sujeetkohli/Repositories/analytics_pipeline/venv/lib/python3.9/site-packages/dbt/cli/requires.py", line 128, in wrapper
    return func(*args, **kwargs)
  File "/Users/sujeetkohli/Repositories/analytics_pipeline/venv/lib/python3.9/site-packages/dbt/cli/requires.py", line 254, in wrapper
    return func(*args, **kwargs)
  File "/Users/sujeetkohli/Repositories/analytics_pipeline/venv/lib/python3.9/site-packages/dbt/cli/requires.py", line 303, in wrapper
    return func(*args, **kwargs)
  File "/Users/sujeetkohli/Repositories/analytics_pipeline/venv/lib/python3.9/site-packages/dbt/cli/main.py", line 461, in deps
    results = task.run()
  File "/Users/sujeetkohli/Repositories/analytics_pipeline/venv/lib/python3.9/site-packages/dbt/task/deps.py", line 215, in run
    self.lock()
  File "/Users/sujeetkohli/Repositories/analytics_pipeline/venv/lib/python3.9/site-packages/dbt/task/deps.py", line 187, in lock
    resolved_deps = resolve_packages(packages, self.project, self.cli_vars)
  File "/Users/sujeetkohli/Repositories/analytics_pipeline/venv/lib/python3.9/site-packages/dbt/deps/resolver.py", line 131, in resolve_packages
    target = final[package].resolved().fetch_metadata(project, renderer)
  File "/Users/sujeetkohli/Repositories/analytics_pipeline/venv/lib/python3.9/site-packages/dbt/deps/registry.py", line 98, in resolved
    self._check_in_index()
  File "/Users/sujeetkohli/Repositories/analytics_pipeline/venv/lib/python3.9/site-packages/dbt/deps/registry.py", line 77, in _check_in_index
    raise PackageNotFoundError(self.package)
dbt.exceptions.PackageNotFoundError: Package equalexperts/dbt-unit-testing was not found in the package index

[0m14:26:13.584355 [debug] [MainThread]: Resource report: {"command_name": "deps", "command_success": false, "command_wall_clock_time": 1.0695668, "process_in_blocks": "0", "process_kernel_time": 0.129669, "process_mem_max_rss": "105185280", "process_out_blocks": "0", "process_user_time": 0.810512}
[0m14:26:13.584765 [debug] [MainThread]: Command `dbt deps` failed at 14:26:13.584676 after 1.07 seconds
[0m14:26:13.585088 [debug] [MainThread]: Sending event: {'category': 'dbt', 'action': 'invocation', 'label': 'end', 'context': [<snowplow_tracker.self_describing_json.SelfDescribingJson object at 0x107d8e190>, <snowplow_tracker.self_describing_json.SelfDescribingJson object at 0x1068828e0>, <snowplow_tracker.self_describing_json.SelfDescribingJson object at 0x1090cf130>]}
[0m14:26:13.585425 [debug] [MainThread]: Flushing usage events
[0m14:26:13.794593 [debug] [MainThread]: An error was encountered while trying to flush usage events
[0m14:26:21.990457 [debug] [MainThread]: Sending event: {'category': 'dbt', 'action': 'invocation', 'label': 'start', 'context': [<snowplow_tracker.self_describing_json.SelfDescribingJson object at 0x10558a1f0>, <snowplow_tracker.self_describing_json.SelfDescribingJson object at 0x106608280>, <snowplow_tracker.self_describing_json.SelfDescribingJson object at 0x106608550>]}


============================== 14:26:21.992870 | fe72e2d9-fc7f-4651-9aab-3daef7dd03f7 ==============================
[0m14:26:21.992870 [info ] [MainThread]: Running with dbt=1.10.11
[0m14:26:21.993170 [debug] [MainThread]: running dbt with arguments {'fail_fast': 'False', 'invocation_command': 'dbt deps', 'warn_error': 'None', 'use_experimental_parser': 'False', 'partial_parse': 'True', 'use_colors': 'True', 'profiles_dir': '/Users/sujeetkohli/Repositories/analytics_pipeline/look_dbt', 'log_format': 'default', 'introspect': 'True', 'target_path': 'None', 'log_cache_events': 'False', 'quiet': 'False', 'cache_selected_only': 'False', 'send_anonymous_usage_stats': 'True', 'write_json': 'True', 'indirect_selection': 'eager', 'debug': 'False', 'version_check': 'True', 'no_print': 'None', 'warn_error_options': 'WarnErrorOptionsV2(error=[], warn=[], silence=[])', 'printer_width': '80', 'empty': 'None', 'static_parser': 'True', 'log_path': '/Users/sujeetkohli/Repositories/analytics_pipeline/look_dbt/logs'}
[0m14:26:22.057678 [debug] [MainThread]: Sending event: {'category': 'dbt', 'action': 'project_id', 'label': 'fe72e2d9-fc7f-4651-9aab-3daef7dd03f7', 'context': [<snowplow_tracker.self_describing_json.SelfDescribingJson object at 0x103cfe790>]}
[0m14:26:22.067768 [debug] [MainThread]: Set downloads directory='/var/folders/91/q9cjcjv14_7_8r9grj8321lr0000gn/T/dbt-downloads-m87dcjfr'
[0m14:26:22.068034 [debug] [MainThread]: Making package index registry request: GET https://hub.getdbt.com/api/v1/index.json
[0m14:26:22.158721 [debug] [MainThread]: Response from registry index: GET https://hub.getdbt.com/api/v1/index.json 200
[0m14:26:22.159215 [debug] [MainThread]: Making package registry request: GET https://hub.getdbt.com/api/v1/dbt-labs/dbt_utils.json
[0m14:26:22.250954 [debug] [MainThread]: Response from registry: GET https://hub.getdbt.com/api/v1/dbt-labs/dbt_utils.json 200
[0m14:26:22.258721 [debug] [MainThread]: Making package registry request: GET https://hub.getdbt.com/api/v1/metaplane/dbt_expectations.json
[0m14:26:22.366843 [debug] [MainThread]: Response from registry: GET https://hub.getdbt.com/api/v1/metaplane/dbt_expectations.json 200
[0m14:26:22.372939 [debug] [MainThread]: Making package registry request: GET https://hub.getdbt.com/api/v1/dbt-labs/codegen.json
[0m14:26:22.452208 [debug] [MainThread]: Response from registry: GET https://hub.getdbt.com/api/v1/dbt-labs/codegen.json 200
[0m14:26:22.457218 [debug] [MainThread]: Making package registry request: GET https://hub.getdbt.com/api/v1/elementary-data/elementary.json
[0m14:26:22.558776 [debug] [MainThread]: Response from registry: GET https://hub.getdbt.com/api/v1/elementary-data/elementary.json 200
[0m14:26:22.574576 [error] [MainThread]: Encountered an error:
Package EqualExperts/dbt-unit-testing was not found in the package index
[0m14:26:22.592267 [error] [MainThread]: Traceback (most recent call last):
  File "/Users/sujeetkohli/Repositories/analytics_pipeline/venv/lib/python3.9/site-packages/dbt/cli/requires.py", line 178, in wrapper
    result, success = func(*args, **kwargs)
  File "/Users/sujeetkohli/Repositories/analytics_pipeline/venv/lib/python3.9/site-packages/dbt/cli/requires.py", line 128, in wrapper
    return func(*args, **kwargs)
  File "/Users/sujeetkohli/Repositories/analytics_pipeline/venv/lib/python3.9/site-packages/dbt/cli/requires.py", line 254, in wrapper
    return func(*args, **kwargs)
  File "/Users/sujeetkohli/Repositories/analytics_pipeline/venv/lib/python3.9/site-packages/dbt/cli/requires.py", line 303, in wrapper
    return func(*args, **kwargs)
  File "/Users/sujeetkohli/Repositories/analytics_pipeline/venv/lib/python3.9/site-packages/dbt/cli/main.py", line 461, in deps
    results = task.run()
  File "/Users/sujeetkohli/Repositories/analytics_pipeline/venv/lib/python3.9/site-packages/dbt/task/deps.py", line 215, in run
    self.lock()
  File "/Users/sujeetkohli/Repositories/analytics_pipeline/venv/lib/python3.9/site-packages/dbt/task/deps.py", line 187, in lock
    resolved_deps = resolve_packages(packages, self.project, self.cli_vars)
  File "/Users/sujeetkohli/Repositories/analytics_pipeline/venv/lib/python3.9/site-packages/dbt/deps/resolver.py", line 131, in resolve_packages
    target = final[package].resolved().fetch_metadata(project, renderer)
  File "/Users/sujeetkohli/Repositories/analytics_pipeline/venv/lib/python3.9/site-packages/dbt/deps/registry.py", line 98, in resolved
    self._check_in_index()
  File "/Users/sujeetkohli/Repositories/analytics_pipeline/venv/lib/python3.9/site-packages/dbt/deps/registry.py", line 77, in _check_in_index
    raise PackageNotFoundError(self.package)
dbt.exceptions.PackageNotFoundError: Package EqualExperts/dbt-unit-testing was not found in the package index

[0m14:26:22.594553 [debug] [MainThread]: Resource report: {"command_name": "deps", "command_success": false, "command_wall_clock_time": 0.6406774, "process_in_blocks": "0", "process_kernel_time": 0.08805, "process_mem_max_rss": "103563264", "process_out_blocks": "0", "process_user_time": 0.76649}
[0m14:26:22.594968 [debug] [MainThread]: Command `dbt deps` failed at 14:26:22.594881 after 0.64 seconds
[0m14:26:22.595288 [debug] [MainThread]: Sending event: {'category': 'dbt', 'action': 'invocation', 'label': 'end', 'context': [<snowplow_tracker.self_describing_json.SelfDescribingJson object at 0x10558a1f0>, <snowplow_tracker.self_describing_json.SelfDescribingJson object at 0x1068cbf70>, <snowplow_tracker.self_describing_json.SelfDescribingJson object at 0x1068cbdf0>]}
[0m14:26:22.595624 [debug] [MainThread]: Flushing usage events
[0m14:26:22.720552 [debug] [MainThread]: An error was encountered while trying to flush usage events
[0m14:26:36.700389 [debug] [MainThread]: Sending event: {'category': 'dbt', 'action': 'invocation', 'label': 'start', 'context': [<snowplow_tracker.self_describing_json.SelfDescribingJson object at 0x105a92280>, <snowplow_tracker.self_describing_json.SelfDescribingJson object at 0x106e05eb0>, <snowplow_tracker.self_describing_json.SelfDescribingJson object at 0x106e05b80>]}


============================== 14:26:36.703014 | 047837ae-e181-440b-a241-f4e424daaa80 ==============================
[0m14:26:36.703014 [info ] [MainThread]: Running with dbt=1.10.11
[0m14:26:36.703378 [debug] [MainThread]: running dbt with arguments {'cache_selected_only': 'False', 'no_print': 'None', 'warn_error_options': 'WarnErrorOptionsV2(error=[], warn=[], silence=[])', 'warn_error': 'None', 'quiet': 'False', 'log_format': 'default', 'send_anonymous_usage_stats': 'True', 'fail_fast': 'False', 'log_path': '/Users/sujeetkohli/Repositories/analytics_pipeline/look_dbt/logs', 'invocation_command': 'dbt deps', 'profiles_dir': '/Users/sujeetkohli/Repositories/analytics_pipeline/look_dbt', 'log_cache_events': 'False', 'printer_width': '80', 'version_check': 'True', 'target_path': 'None', 'introspect': 'True', 'debug': 'False', 'use_colors': 'True', 'use_experimental_parser': 'False', 'write_json': 'True', 'indirect_selection': 'eager', 'empty': 'None', 'static_parser': 'True', 'partial_parse': 'True'}
[0m14:26:36.768137 [debug] [MainThread]: Sending event: {'category': 'dbt', 'action': 'project_id', 'label': '047837ae-e181-440b-a241-f4e424daaa80', 'context': [<snowplow_tracker.self_describing_json.SelfDescribingJson object at 0x106dea070>]}
[0m14:26:36.778233 [debug] [MainThread]: Set downloads directory='/var/folders/91/q9cjcjv14_7_8r9grj8321lr0000gn/T/dbt-downloads-513pp8qh'
[0m14:26:36.778519 [debug] [MainThread]: Making package index registry request: GET https://hub.getdbt.com/api/v1/index.json
[0m14:26:36.901672 [debug] [MainThread]: Response from registry index: GET https://hub.getdbt.com/api/v1/index.json 200
[0m14:26:36.902365 [debug] [MainThread]: Making package registry request: GET https://hub.getdbt.com/api/v1/dbt-labs/dbt_utils.json
[0m14:26:37.002568 [debug] [MainThread]: Response from registry: GET https://hub.getdbt.com/api/v1/dbt-labs/dbt_utils.json 200
[0m14:26:37.008987 [debug] [MainThread]: Making package registry request: GET https://hub.getdbt.com/api/v1/metaplane/dbt_expectations.json
[0m14:26:37.097188 [debug] [MainThread]: Response from registry: GET https://hub.getdbt.com/api/v1/metaplane/dbt_expectations.json 200
[0m14:26:37.102316 [debug] [MainThread]: Making package registry request: GET https://hub.getdbt.com/api/v1/dbt-labs/codegen.json
[0m14:26:37.194343 [debug] [MainThread]: Response from registry: GET https://hub.getdbt.com/api/v1/dbt-labs/codegen.json 200
[0m14:26:37.199696 [debug] [MainThread]: Making package registry request: GET https://hub.getdbt.com/api/v1/elementary-data/elementary.json
[0m14:26:37.286839 [debug] [MainThread]: Response from registry: GET https://hub.getdbt.com/api/v1/elementary-data/elementary.json 200
[0m14:26:37.301910 [debug] [MainThread]: Making package registry request: GET https://hub.getdbt.com/api/v1/EqualExperts/dbt_unit_testing.json
[0m14:26:37.442663 [debug] [MainThread]: Response from registry: GET https://hub.getdbt.com/api/v1/EqualExperts/dbt_unit_testing.json 200
[0m14:26:37.449073 [debug] [MainThread]: Making package registry request: GET https://hub.getdbt.com/api/v1/calogica/dbt_date.json
[0m14:26:37.552214 [debug] [MainThread]: Response from registry: GET https://hub.getdbt.com/api/v1/calogica/dbt_date.json 200
[0m14:26:37.555370 [warn ] [MainThread]: [[33mWARNING[0m]: Deprecated functionality
The `calogica/dbt_date` package is deprecated in favor of
`godatadriven/dbt_date`. Please update your `packages.yml` configuration to use
`godatadriven/dbt_date` instead.
[0m14:26:37.556413 [debug] [MainThread]: Sending event: {'category': 'dbt', 'action': 'deprecation', 'label': '047837ae-e181-440b-a241-f4e424daaa80', 'property_': 'warn', 'context': [<snowplow_tracker.self_describing_json.SelfDescribingJson object at 0x1070d3520>]}
[0m14:26:37.592277 [info ] [MainThread]: Updating lock file in file path: /Users/sujeetkohli/Repositories/analytics_pipeline/look_dbt/package-lock.yml
[0m14:26:37.596967 [debug] [MainThread]: Set downloads directory='/var/folders/91/q9cjcjv14_7_8r9grj8321lr0000gn/T/dbt-downloads-qdmofr4s'
[0m14:26:37.610389 [info ] [MainThread]: Installing dbt-labs/dbt_utils
[0m14:26:37.998648 [info ] [MainThread]: Installed from version 1.3.1
[0m14:26:37.998930 [info ] [MainThread]: Up to date!
[0m14:26:37.999160 [debug] [MainThread]: Sending event: {'category': 'dbt', 'action': 'package', 'label': '047837ae-e181-440b-a241-f4e424daaa80', 'property_': 'install', 'context': [<snowplow_tracker.self_describing_json.SelfDescribingJson object at 0x107022a00>, <snowplow_tracker.self_describing_json.SelfDescribingJson object at 0x107015c70>]}
[0m14:26:37.999412 [info ] [MainThread]: Installing metaplane/dbt_expectations
[0m14:26:38.505588 [info ] [MainThread]: Installed from version 0.10.4
[0m14:26:38.505865 [info ] [MainThread]: Updated version available: 0.10.9
[0m14:26:38.506071 [debug] [MainThread]: Sending event: {'category': 'dbt', 'action': 'package', 'label': '047837ae-e181-440b-a241-f4e424daaa80', 'property_': 'install', 'context': [<snowplow_tracker.self_describing_json.SelfDescribingJson object at 0x1070d39a0>, <snowplow_tracker.self_describing_json.SelfDescribingJson object at 0x1070d3d90>]}
[0m14:26:38.506295 [info ] [MainThread]: Installing dbt-labs/codegen
[0m14:26:38.711971 [info ] [MainThread]: Installed from version 0.12.1
[0m14:26:38.712280 [info ] [MainThread]: Updated version available: 0.13.1
[0m14:26:38.712498 [debug] [MainThread]: Sending event: {'category': 'dbt', 'action': 'package', 'label': '047837ae-e181-440b-a241-f4e424daaa80', 'property_': 'install', 'context': [<snowplow_tracker.self_describing_json.SelfDescribingJson object at 0x1070d31f0>, <snowplow_tracker.self_describing_json.SelfDescribingJson object at 0x1070d36d0>]}
[0m14:26:38.712740 [info ] [MainThread]: Installing elementary-data/elementary
[0m14:26:39.061461 [info ] [MainThread]: Installed from version 0.19.4
[0m14:26:39.061721 [info ] [MainThread]: Up to date!
[0m14:26:39.061934 [debug] [MainThread]: Sending event: {'category': 'dbt', 'action': 'package', 'label': '047837ae-e181-440b-a241-f4e424daaa80', 'property_': 'install', 'context': [<snowplow_tracker.self_describing_json.SelfDescribingJson object at 0x107015c10>, <snowplow_tracker.self_describing_json.SelfDescribingJson object at 0x1070d3ac0>]}
[0m14:26:39.062166 [info ] [MainThread]: Installing EqualExperts/dbt_unit_testing
[0m14:26:39.268778 [info ] [MainThread]: Installed from version 0.4.20
[0m14:26:39.269122 [info ] [MainThread]: Up to date!
[0m14:26:39.269376 [debug] [MainThread]: Sending event: {'category': 'dbt', 'action': 'package', 'label': '047837ae-e181-440b-a241-f4e424daaa80', 'property_': 'install', 'context': [<snowplow_tracker.self_describing_json.SelfDescribingJson object at 0x1070d3cd0>, <snowplow_tracker.self_describing_json.SelfDescribingJson object at 0x1070d3580>]}
[0m14:26:39.269640 [info ] [MainThread]: Installing calogica/dbt_date
[0m14:26:39.413855 [info ] [MainThread]: Installed from version 0.10.1
[0m14:26:39.414139 [info ] [MainThread]: Up to date!
[0m14:26:39.414351 [debug] [MainThread]: Sending event: {'category': 'dbt', 'action': 'package', 'label': '047837ae-e181-440b-a241-f4e424daaa80', 'property_': 'install', 'context': [<snowplow_tracker.self_describing_json.SelfDescribingJson object at 0x1070d3790>, <snowplow_tracker.self_describing_json.SelfDescribingJson object at 0x1070d1ca0>]}
[0m14:26:39.414585 [info ] [MainThread]: 
[0m14:26:39.414774 [info ] [MainThread]: Updates available for packages: ['metaplane/dbt_expectations', 'dbt-labs/codegen']                 
Update your versions in packages.yml, then run dbt deps
[0m14:26:39.416066 [warn ] [MainThread]: [[33mWARNING[0m][DeprecationsSummary]: Deprecated functionality
Summary of encountered deprecations:
- PackageRedirectDeprecation: 1 occurrence
To see all deprecation instances instead of just the first occurrence of each,
run command again with the `--show-all-deprecations` flag. You may also need to
run with `--no-partial-parse` as some deprecations are only encountered during
parsing.
[0m14:26:39.417477 [debug] [MainThread]: Resource report: {"command_name": "deps", "command_success": true, "command_wall_clock_time": 2.7542362, "process_in_blocks": "0", "process_kernel_time": 0.292531, "process_mem_max_rss": "114278400", "process_out_blocks": "0", "process_user_time": 1.040978}
[0m14:26:39.417722 [debug] [MainThread]: Command `dbt deps` succeeded at 14:26:39.417672 after 2.75 seconds
[0m14:26:39.417929 [debug] [MainThread]: Sending event: {'category': 'dbt', 'action': 'invocation', 'label': 'end', 'context': [<snowplow_tracker.self_describing_json.SelfDescribingJson object at 0x105a92280>, <snowplow_tracker.self_describing_json.SelfDescribingJson object at 0x106dd8880>, <snowplow_tracker.self_describing_json.SelfDescribingJson object at 0x107015a60>]}
[0m14:26:39.418130 [debug] [MainThread]: Flushing usage events
[0m14:26:39.653546 [debug] [MainThread]: An error was encountered while trying to flush usage events
