[2025-10-28T17:34:10.478+0000] {processor.py:161} INFO - Started process (PID=83) to work on /opt/airflow/dags/databricks_pipeline_dag.py
[2025-10-28T17:34:10.478+0000] {processor.py:830} INFO - Processing file /opt/airflow/dags/databricks_pipeline_dag.py for tasks to queue
[2025-10-28T17:34:10.480+0000] {logging_mixin.py:188} INFO - [2025-10-28T17:34:10.480+0000] {dagbag.py:545} INFO - Filling up the DagBag from /opt/airflow/dags/databricks_pipeline_dag.py
[2025-10-28T17:34:10.498+0000] {processor.py:840} INFO - DAG(s) 'databricks_end_to_end_portfolio' retrieved from /opt/airflow/dags/databricks_pipeline_dag.py
[2025-10-28T17:34:10.619+0000] {logging_mixin.py:188} INFO - [2025-10-28T17:34:10.618+0000] {override.py:1858} INFO - Created Permission View: can read on DAG:databricks_end_to_end_portfolio
[2025-10-28T17:34:10.622+0000] {logging_mixin.py:188} INFO - [2025-10-28T17:34:10.622+0000] {override.py:1858} INFO - Created Permission View: can edit on DAG:databricks_end_to_end_portfolio
[2025-10-28T17:34:10.624+0000] {logging_mixin.py:188} INFO - [2025-10-28T17:34:10.624+0000] {override.py:1858} INFO - Created Permission View: can delete on DAG:databricks_end_to_end_portfolio
[2025-10-28T17:34:10.624+0000] {logging_mixin.py:188} INFO - [2025-10-28T17:34:10.624+0000] {dag.py:3089} INFO - Sync 1 DAGs
[2025-10-28T17:34:10.628+0000] {logging_mixin.py:188} INFO - [2025-10-28T17:34:10.628+0000] {dag.py:3111} INFO - Creating ORM DAG for databricks_end_to_end_portfolio
[2025-10-28T17:34:10.628+0000] {logging_mixin.py:188} INFO - [2025-10-28T17:34:10.628+0000] {dag.py:3947} INFO - Setting next_dagrun for databricks_end_to_end_portfolio to None, run_after=None
[2025-10-28T17:34:10.635+0000] {processor.py:183} INFO - Processing /opt/airflow/dags/databricks_pipeline_dag.py took 0.162 seconds
[2025-10-28T17:34:40.714+0000] {processor.py:161} INFO - Started process (PID=84) to work on /opt/airflow/dags/databricks_pipeline_dag.py
[2025-10-28T17:34:40.715+0000] {processor.py:830} INFO - Processing file /opt/airflow/dags/databricks_pipeline_dag.py for tasks to queue
[2025-10-28T17:34:40.716+0000] {logging_mixin.py:188} INFO - [2025-10-28T17:34:40.716+0000] {dagbag.py:545} INFO - Filling up the DagBag from /opt/airflow/dags/databricks_pipeline_dag.py
[2025-10-28T17:34:40.723+0000] {processor.py:840} INFO - DAG(s) 'databricks_end_to_end_portfolio' retrieved from /opt/airflow/dags/databricks_pipeline_dag.py
[2025-10-28T17:34:40.739+0000] {logging_mixin.py:188} INFO - [2025-10-28T17:34:40.739+0000] {dag.py:3089} INFO - Sync 1 DAGs
[2025-10-28T17:34:40.744+0000] {logging_mixin.py:188} INFO - [2025-10-28T17:34:40.744+0000] {dag.py:3947} INFO - Setting next_dagrun for databricks_end_to_end_portfolio to None, run_after=None
[2025-10-28T17:34:40.752+0000] {processor.py:183} INFO - Processing /opt/airflow/dags/databricks_pipeline_dag.py took 0.042 seconds
[2025-10-28T17:35:10.935+0000] {processor.py:161} INFO - Started process (PID=85) to work on /opt/airflow/dags/databricks_pipeline_dag.py
[2025-10-28T17:35:10.936+0000] {processor.py:830} INFO - Processing file /opt/airflow/dags/databricks_pipeline_dag.py for tasks to queue
[2025-10-28T17:35:10.937+0000] {logging_mixin.py:188} INFO - [2025-10-28T17:35:10.937+0000] {dagbag.py:545} INFO - Filling up the DagBag from /opt/airflow/dags/databricks_pipeline_dag.py
[2025-10-28T17:35:10.945+0000] {processor.py:840} INFO - DAG(s) 'databricks_end_to_end_portfolio' retrieved from /opt/airflow/dags/databricks_pipeline_dag.py
[2025-10-28T17:35:10.960+0000] {logging_mixin.py:188} INFO - [2025-10-28T17:35:10.960+0000] {dag.py:3089} INFO - Sync 1 DAGs
[2025-10-28T17:35:10.966+0000] {logging_mixin.py:188} INFO - [2025-10-28T17:35:10.966+0000] {dag.py:3947} INFO - Setting next_dagrun for databricks_end_to_end_portfolio to None, run_after=None
[2025-10-28T17:35:10.973+0000] {processor.py:183} INFO - Processing /opt/airflow/dags/databricks_pipeline_dag.py took 0.042 seconds
[2025-10-28T17:35:41.168+0000] {processor.py:161} INFO - Started process (PID=86) to work on /opt/airflow/dags/databricks_pipeline_dag.py
[2025-10-28T17:35:41.170+0000] {processor.py:830} INFO - Processing file /opt/airflow/dags/databricks_pipeline_dag.py for tasks to queue
[2025-10-28T17:35:41.172+0000] {logging_mixin.py:188} INFO - [2025-10-28T17:35:41.172+0000] {dagbag.py:545} INFO - Filling up the DagBag from /opt/airflow/dags/databricks_pipeline_dag.py
[2025-10-28T17:35:41.185+0000] {processor.py:840} INFO - DAG(s) 'databricks_end_to_end_portfolio' retrieved from /opt/airflow/dags/databricks_pipeline_dag.py
[2025-10-28T17:35:41.213+0000] {logging_mixin.py:188} INFO - [2025-10-28T17:35:41.213+0000] {dag.py:3089} INFO - Sync 1 DAGs
[2025-10-28T17:35:41.223+0000] {logging_mixin.py:188} INFO - [2025-10-28T17:35:41.223+0000] {dag.py:3947} INFO - Setting next_dagrun for databricks_end_to_end_portfolio to None, run_after=None
[2025-10-28T17:35:41.233+0000] {processor.py:183} INFO - Processing /opt/airflow/dags/databricks_pipeline_dag.py took 0.073 seconds
[2025-10-28T17:36:11.383+0000] {processor.py:161} INFO - Started process (PID=87) to work on /opt/airflow/dags/databricks_pipeline_dag.py
[2025-10-28T17:36:11.384+0000] {processor.py:830} INFO - Processing file /opt/airflow/dags/databricks_pipeline_dag.py for tasks to queue
[2025-10-28T17:36:11.385+0000] {logging_mixin.py:188} INFO - [2025-10-28T17:36:11.385+0000] {dagbag.py:545} INFO - Filling up the DagBag from /opt/airflow/dags/databricks_pipeline_dag.py
[2025-10-28T17:36:11.390+0000] {processor.py:840} INFO - DAG(s) 'databricks_end_to_end_portfolio' retrieved from /opt/airflow/dags/databricks_pipeline_dag.py
[2025-10-28T17:36:11.407+0000] {logging_mixin.py:188} INFO - [2025-10-28T17:36:11.407+0000] {dag.py:3089} INFO - Sync 1 DAGs
[2025-10-28T17:36:11.413+0000] {logging_mixin.py:188} INFO - [2025-10-28T17:36:11.413+0000] {dag.py:3947} INFO - Setting next_dagrun for databricks_end_to_end_portfolio to None, run_after=None
[2025-10-28T17:36:11.422+0000] {processor.py:183} INFO - Processing /opt/airflow/dags/databricks_pipeline_dag.py took 0.042 seconds
[2025-10-28T17:36:41.670+0000] {processor.py:161} INFO - Started process (PID=88) to work on /opt/airflow/dags/databricks_pipeline_dag.py
[2025-10-28T17:36:41.671+0000] {processor.py:830} INFO - Processing file /opt/airflow/dags/databricks_pipeline_dag.py for tasks to queue
[2025-10-28T17:36:41.672+0000] {logging_mixin.py:188} INFO - [2025-10-28T17:36:41.672+0000] {dagbag.py:545} INFO - Filling up the DagBag from /opt/airflow/dags/databricks_pipeline_dag.py
[2025-10-28T17:36:41.683+0000] {processor.py:840} INFO - DAG(s) 'databricks_end_to_end_portfolio' retrieved from /opt/airflow/dags/databricks_pipeline_dag.py
[2025-10-28T17:36:41.702+0000] {logging_mixin.py:188} INFO - [2025-10-28T17:36:41.702+0000] {dag.py:3089} INFO - Sync 1 DAGs
[2025-10-28T17:36:41.709+0000] {logging_mixin.py:188} INFO - [2025-10-28T17:36:41.709+0000] {dag.py:3947} INFO - Setting next_dagrun for databricks_end_to_end_portfolio to None, run_after=None
[2025-10-28T17:36:41.720+0000] {processor.py:183} INFO - Processing /opt/airflow/dags/databricks_pipeline_dag.py took 0.055 seconds
[2025-10-28T17:37:11.947+0000] {processor.py:161} INFO - Started process (PID=89) to work on /opt/airflow/dags/databricks_pipeline_dag.py
[2025-10-28T17:37:11.948+0000] {processor.py:830} INFO - Processing file /opt/airflow/dags/databricks_pipeline_dag.py for tasks to queue
[2025-10-28T17:37:11.949+0000] {logging_mixin.py:188} INFO - [2025-10-28T17:37:11.949+0000] {dagbag.py:545} INFO - Filling up the DagBag from /opt/airflow/dags/databricks_pipeline_dag.py
[2025-10-28T17:37:11.958+0000] {processor.py:840} INFO - DAG(s) 'databricks_end_to_end_portfolio' retrieved from /opt/airflow/dags/databricks_pipeline_dag.py
[2025-10-28T17:37:11.976+0000] {logging_mixin.py:188} INFO - [2025-10-28T17:37:11.976+0000] {dag.py:3089} INFO - Sync 1 DAGs
[2025-10-28T17:37:11.981+0000] {logging_mixin.py:188} INFO - [2025-10-28T17:37:11.981+0000] {dag.py:3947} INFO - Setting next_dagrun for databricks_end_to_end_portfolio to None, run_after=None
[2025-10-28T17:37:11.989+0000] {processor.py:183} INFO - Processing /opt/airflow/dags/databricks_pipeline_dag.py took 0.046 seconds
[2025-10-28T17:37:42.135+0000] {processor.py:161} INFO - Started process (PID=90) to work on /opt/airflow/dags/databricks_pipeline_dag.py
[2025-10-28T17:37:42.136+0000] {processor.py:830} INFO - Processing file /opt/airflow/dags/databricks_pipeline_dag.py for tasks to queue
[2025-10-28T17:37:42.137+0000] {logging_mixin.py:188} INFO - [2025-10-28T17:37:42.137+0000] {dagbag.py:545} INFO - Filling up the DagBag from /opt/airflow/dags/databricks_pipeline_dag.py
[2025-10-28T17:37:42.143+0000] {processor.py:840} INFO - DAG(s) 'databricks_end_to_end_portfolio' retrieved from /opt/airflow/dags/databricks_pipeline_dag.py
[2025-10-28T17:37:42.157+0000] {logging_mixin.py:188} INFO - [2025-10-28T17:37:42.157+0000] {dag.py:3089} INFO - Sync 1 DAGs
[2025-10-28T17:37:42.162+0000] {logging_mixin.py:188} INFO - [2025-10-28T17:37:42.162+0000] {dag.py:3947} INFO - Setting next_dagrun for databricks_end_to_end_portfolio to None, run_after=None
[2025-10-28T17:37:42.169+0000] {processor.py:183} INFO - Processing /opt/airflow/dags/databricks_pipeline_dag.py took 0.038 seconds
[2025-10-28T17:38:12.344+0000] {processor.py:161} INFO - Started process (PID=91) to work on /opt/airflow/dags/databricks_pipeline_dag.py
[2025-10-28T17:38:12.345+0000] {processor.py:830} INFO - Processing file /opt/airflow/dags/databricks_pipeline_dag.py for tasks to queue
[2025-10-28T17:38:12.346+0000] {logging_mixin.py:188} INFO - [2025-10-28T17:38:12.346+0000] {dagbag.py:545} INFO - Filling up the DagBag from /opt/airflow/dags/databricks_pipeline_dag.py
[2025-10-28T17:38:12.351+0000] {processor.py:840} INFO - DAG(s) 'databricks_end_to_end_portfolio' retrieved from /opt/airflow/dags/databricks_pipeline_dag.py
[2025-10-28T17:38:12.366+0000] {logging_mixin.py:188} INFO - [2025-10-28T17:38:12.366+0000] {dag.py:3089} INFO - Sync 1 DAGs
[2025-10-28T17:38:12.372+0000] {logging_mixin.py:188} INFO - [2025-10-28T17:38:12.372+0000] {dag.py:3947} INFO - Setting next_dagrun for databricks_end_to_end_portfolio to None, run_after=None
[2025-10-28T17:38:12.380+0000] {processor.py:183} INFO - Processing /opt/airflow/dags/databricks_pipeline_dag.py took 0.040 seconds
[2025-10-28T17:38:42.610+0000] {processor.py:161} INFO - Started process (PID=92) to work on /opt/airflow/dags/databricks_pipeline_dag.py
[2025-10-28T17:38:42.613+0000] {processor.py:830} INFO - Processing file /opt/airflow/dags/databricks_pipeline_dag.py for tasks to queue
[2025-10-28T17:38:42.616+0000] {logging_mixin.py:188} INFO - [2025-10-28T17:38:42.616+0000] {dagbag.py:545} INFO - Filling up the DagBag from /opt/airflow/dags/databricks_pipeline_dag.py
[2025-10-28T17:38:42.633+0000] {processor.py:840} INFO - DAG(s) 'databricks_end_to_end_portfolio' retrieved from /opt/airflow/dags/databricks_pipeline_dag.py
[2025-10-28T17:38:42.660+0000] {logging_mixin.py:188} INFO - [2025-10-28T17:38:42.659+0000] {dag.py:3089} INFO - Sync 1 DAGs
[2025-10-28T17:38:42.667+0000] {logging_mixin.py:188} INFO - [2025-10-28T17:38:42.667+0000] {dag.py:3947} INFO - Setting next_dagrun for databricks_end_to_end_portfolio to None, run_after=None
[2025-10-28T17:38:42.675+0000] {processor.py:183} INFO - Processing /opt/airflow/dags/databricks_pipeline_dag.py took 0.075 seconds
[2025-10-28T17:40:31.299+0000] {processor.py:161} INFO - Started process (PID=83) to work on /opt/airflow/dags/databricks_pipeline_dag.py
[2025-10-28T17:40:31.301+0000] {processor.py:830} INFO - Processing file /opt/airflow/dags/databricks_pipeline_dag.py for tasks to queue
[2025-10-28T17:40:31.301+0000] {logging_mixin.py:188} INFO - [2025-10-28T17:40:31.301+0000] {dagbag.py:545} INFO - Filling up the DagBag from /opt/airflow/dags/databricks_pipeline_dag.py
[2025-10-28T17:40:31.313+0000] {processor.py:840} INFO - DAG(s) 'databricks_end_to_end_portfolio' retrieved from /opt/airflow/dags/databricks_pipeline_dag.py
[2025-10-28T17:40:31.418+0000] {logging_mixin.py:188} INFO - [2025-10-28T17:40:31.418+0000] {override.py:1858} INFO - Created Permission View: can delete on DAG:databricks_end_to_end_portfolio
[2025-10-28T17:40:31.421+0000] {logging_mixin.py:188} INFO - [2025-10-28T17:40:31.421+0000] {override.py:1858} INFO - Created Permission View: can read on DAG:databricks_end_to_end_portfolio
[2025-10-28T17:40:31.423+0000] {logging_mixin.py:188} INFO - [2025-10-28T17:40:31.423+0000] {override.py:1858} INFO - Created Permission View: can edit on DAG:databricks_end_to_end_portfolio
[2025-10-28T17:40:31.424+0000] {logging_mixin.py:188} INFO - [2025-10-28T17:40:31.424+0000] {dag.py:3089} INFO - Sync 1 DAGs
[2025-10-28T17:40:31.428+0000] {logging_mixin.py:188} INFO - [2025-10-28T17:40:31.428+0000] {dag.py:3111} INFO - Creating ORM DAG for databricks_end_to_end_portfolio
[2025-10-28T17:40:31.428+0000] {logging_mixin.py:188} INFO - [2025-10-28T17:40:31.428+0000] {dag.py:3947} INFO - Setting next_dagrun for databricks_end_to_end_portfolio to None, run_after=None
[2025-10-28T17:40:31.435+0000] {processor.py:183} INFO - Processing /opt/airflow/dags/databricks_pipeline_dag.py took 0.138 seconds
[2025-10-28T17:41:01.484+0000] {processor.py:161} INFO - Started process (PID=84) to work on /opt/airflow/dags/databricks_pipeline_dag.py
[2025-10-28T17:41:01.484+0000] {processor.py:830} INFO - Processing file /opt/airflow/dags/databricks_pipeline_dag.py for tasks to queue
[2025-10-28T17:41:01.485+0000] {logging_mixin.py:188} INFO - [2025-10-28T17:41:01.485+0000] {dagbag.py:545} INFO - Filling up the DagBag from /opt/airflow/dags/databricks_pipeline_dag.py
[2025-10-28T17:41:01.491+0000] {processor.py:840} INFO - DAG(s) 'databricks_end_to_end_portfolio' retrieved from /opt/airflow/dags/databricks_pipeline_dag.py
[2025-10-28T17:41:01.498+0000] {logging_mixin.py:188} INFO - [2025-10-28T17:41:01.498+0000] {dag.py:3089} INFO - Sync 1 DAGs
[2025-10-28T17:41:01.506+0000] {logging_mixin.py:188} INFO - [2025-10-28T17:41:01.506+0000] {dag.py:3947} INFO - Setting next_dagrun for databricks_end_to_end_portfolio to None, run_after=None
[2025-10-28T17:41:01.513+0000] {processor.py:183} INFO - Processing /opt/airflow/dags/databricks_pipeline_dag.py took 0.032 seconds
[2025-10-28T17:41:31.681+0000] {processor.py:161} INFO - Started process (PID=85) to work on /opt/airflow/dags/databricks_pipeline_dag.py
[2025-10-28T17:41:31.681+0000] {processor.py:830} INFO - Processing file /opt/airflow/dags/databricks_pipeline_dag.py for tasks to queue
[2025-10-28T17:41:31.683+0000] {logging_mixin.py:188} INFO - [2025-10-28T17:41:31.683+0000] {dagbag.py:545} INFO - Filling up the DagBag from /opt/airflow/dags/databricks_pipeline_dag.py
[2025-10-28T17:41:31.690+0000] {processor.py:840} INFO - DAG(s) 'databricks_end_to_end_portfolio' retrieved from /opt/airflow/dags/databricks_pipeline_dag.py
[2025-10-28T17:41:31.745+0000] {logging_mixin.py:188} INFO - [2025-10-28T17:41:31.745+0000] {dag.py:3089} INFO - Sync 1 DAGs
[2025-10-28T17:41:31.749+0000] {logging_mixin.py:188} INFO - [2025-10-28T17:41:31.749+0000] {dag.py:3947} INFO - Setting next_dagrun for databricks_end_to_end_portfolio to None, run_after=None
[2025-10-28T17:41:31.757+0000] {processor.py:183} INFO - Processing /opt/airflow/dags/databricks_pipeline_dag.py took 0.081 seconds
[2025-10-28T17:42:01.970+0000] {processor.py:161} INFO - Started process (PID=86) to work on /opt/airflow/dags/databricks_pipeline_dag.py
[2025-10-28T17:42:01.971+0000] {processor.py:830} INFO - Processing file /opt/airflow/dags/databricks_pipeline_dag.py for tasks to queue
[2025-10-28T17:42:01.973+0000] {logging_mixin.py:188} INFO - [2025-10-28T17:42:01.973+0000] {dagbag.py:545} INFO - Filling up the DagBag from /opt/airflow/dags/databricks_pipeline_dag.py
[2025-10-28T17:42:01.985+0000] {processor.py:840} INFO - DAG(s) 'databricks_end_to_end_portfolio' retrieved from /opt/airflow/dags/databricks_pipeline_dag.py
[2025-10-28T17:42:02.008+0000] {logging_mixin.py:188} INFO - [2025-10-28T17:42:02.007+0000] {dag.py:3089} INFO - Sync 1 DAGs
[2025-10-28T17:42:02.015+0000] {logging_mixin.py:188} INFO - [2025-10-28T17:42:02.015+0000] {dag.py:3947} INFO - Setting next_dagrun for databricks_end_to_end_portfolio to None, run_after=None
[2025-10-28T17:42:02.024+0000] {processor.py:183} INFO - Processing /opt/airflow/dags/databricks_pipeline_dag.py took 0.066 seconds
[2025-10-28T17:42:32.187+0000] {processor.py:161} INFO - Started process (PID=87) to work on /opt/airflow/dags/databricks_pipeline_dag.py
[2025-10-28T17:42:32.187+0000] {processor.py:830} INFO - Processing file /opt/airflow/dags/databricks_pipeline_dag.py for tasks to queue
[2025-10-28T17:42:32.188+0000] {logging_mixin.py:188} INFO - [2025-10-28T17:42:32.188+0000] {dagbag.py:545} INFO - Filling up the DagBag from /opt/airflow/dags/databricks_pipeline_dag.py
[2025-10-28T17:42:32.194+0000] {processor.py:840} INFO - DAG(s) 'databricks_end_to_end_portfolio' retrieved from /opt/airflow/dags/databricks_pipeline_dag.py
[2025-10-28T17:42:32.212+0000] {logging_mixin.py:188} INFO - [2025-10-28T17:42:32.212+0000] {dag.py:3089} INFO - Sync 1 DAGs
[2025-10-28T17:42:32.218+0000] {logging_mixin.py:188} INFO - [2025-10-28T17:42:32.218+0000] {dag.py:3947} INFO - Setting next_dagrun for databricks_end_to_end_portfolio to None, run_after=None
[2025-10-28T17:42:32.227+0000] {processor.py:183} INFO - Processing /opt/airflow/dags/databricks_pipeline_dag.py took 0.044 seconds
[2025-10-28T17:43:02.449+0000] {processor.py:161} INFO - Started process (PID=88) to work on /opt/airflow/dags/databricks_pipeline_dag.py
[2025-10-28T17:43:02.449+0000] {processor.py:830} INFO - Processing file /opt/airflow/dags/databricks_pipeline_dag.py for tasks to queue
[2025-10-28T17:43:02.451+0000] {logging_mixin.py:188} INFO - [2025-10-28T17:43:02.450+0000] {dagbag.py:545} INFO - Filling up the DagBag from /opt/airflow/dags/databricks_pipeline_dag.py
[2025-10-28T17:43:02.457+0000] {processor.py:840} INFO - DAG(s) 'databricks_end_to_end_portfolio' retrieved from /opt/airflow/dags/databricks_pipeline_dag.py
[2025-10-28T17:43:02.475+0000] {logging_mixin.py:188} INFO - [2025-10-28T17:43:02.475+0000] {dag.py:3089} INFO - Sync 1 DAGs
[2025-10-28T17:43:02.481+0000] {logging_mixin.py:188} INFO - [2025-10-28T17:43:02.481+0000] {dag.py:3947} INFO - Setting next_dagrun for databricks_end_to_end_portfolio to None, run_after=None
[2025-10-28T17:43:02.488+0000] {processor.py:183} INFO - Processing /opt/airflow/dags/databricks_pipeline_dag.py took 0.043 seconds
[2025-10-28T17:43:32.648+0000] {processor.py:161} INFO - Started process (PID=89) to work on /opt/airflow/dags/databricks_pipeline_dag.py
[2025-10-28T17:43:32.648+0000] {processor.py:830} INFO - Processing file /opt/airflow/dags/databricks_pipeline_dag.py for tasks to queue
[2025-10-28T17:43:32.649+0000] {logging_mixin.py:188} INFO - [2025-10-28T17:43:32.649+0000] {dagbag.py:545} INFO - Filling up the DagBag from /opt/airflow/dags/databricks_pipeline_dag.py
[2025-10-28T17:43:32.656+0000] {processor.py:840} INFO - DAG(s) 'databricks_end_to_end_portfolio' retrieved from /opt/airflow/dags/databricks_pipeline_dag.py
[2025-10-28T17:43:32.673+0000] {logging_mixin.py:188} INFO - [2025-10-28T17:43:32.673+0000] {dag.py:3089} INFO - Sync 1 DAGs
[2025-10-28T17:43:32.679+0000] {logging_mixin.py:188} INFO - [2025-10-28T17:43:32.678+0000] {dag.py:3947} INFO - Setting next_dagrun for databricks_end_to_end_portfolio to None, run_after=None
[2025-10-28T17:43:32.685+0000] {processor.py:183} INFO - Processing /opt/airflow/dags/databricks_pipeline_dag.py took 0.042 seconds
[2025-10-28T17:44:02.875+0000] {processor.py:161} INFO - Started process (PID=90) to work on /opt/airflow/dags/databricks_pipeline_dag.py
[2025-10-28T17:44:02.876+0000] {processor.py:830} INFO - Processing file /opt/airflow/dags/databricks_pipeline_dag.py for tasks to queue
[2025-10-28T17:44:02.879+0000] {logging_mixin.py:188} INFO - [2025-10-28T17:44:02.878+0000] {dagbag.py:545} INFO - Filling up the DagBag from /opt/airflow/dags/databricks_pipeline_dag.py
[2025-10-28T17:44:02.895+0000] {processor.py:840} INFO - DAG(s) 'databricks_end_to_end_portfolio' retrieved from /opt/airflow/dags/databricks_pipeline_dag.py
[2025-10-28T17:44:02.924+0000] {logging_mixin.py:188} INFO - [2025-10-28T17:44:02.924+0000] {dag.py:3089} INFO - Sync 1 DAGs
[2025-10-28T17:44:02.933+0000] {logging_mixin.py:188} INFO - [2025-10-28T17:44:02.933+0000] {dag.py:3947} INFO - Setting next_dagrun for databricks_end_to_end_portfolio to None, run_after=None
[2025-10-28T17:44:02.942+0000] {processor.py:183} INFO - Processing /opt/airflow/dags/databricks_pipeline_dag.py took 0.074 seconds
[2025-10-28T17:44:33.123+0000] {processor.py:161} INFO - Started process (PID=91) to work on /opt/airflow/dags/databricks_pipeline_dag.py
[2025-10-28T17:44:33.124+0000] {processor.py:830} INFO - Processing file /opt/airflow/dags/databricks_pipeline_dag.py for tasks to queue
[2025-10-28T17:44:33.125+0000] {logging_mixin.py:188} INFO - [2025-10-28T17:44:33.125+0000] {dagbag.py:545} INFO - Filling up the DagBag from /opt/airflow/dags/databricks_pipeline_dag.py
[2025-10-28T17:44:33.132+0000] {processor.py:840} INFO - DAG(s) 'databricks_end_to_end_portfolio' retrieved from /opt/airflow/dags/databricks_pipeline_dag.py
[2025-10-28T17:44:33.148+0000] {logging_mixin.py:188} INFO - [2025-10-28T17:44:33.148+0000] {dag.py:3089} INFO - Sync 1 DAGs
[2025-10-28T17:44:33.155+0000] {logging_mixin.py:188} INFO - [2025-10-28T17:44:33.155+0000] {dag.py:3947} INFO - Setting next_dagrun for databricks_end_to_end_portfolio to None, run_after=None
[2025-10-28T17:44:33.163+0000] {processor.py:183} INFO - Processing /opt/airflow/dags/databricks_pipeline_dag.py took 0.044 seconds
[2025-10-28T17:45:03.373+0000] {processor.py:161} INFO - Started process (PID=92) to work on /opt/airflow/dags/databricks_pipeline_dag.py
[2025-10-28T17:45:03.373+0000] {processor.py:830} INFO - Processing file /opt/airflow/dags/databricks_pipeline_dag.py for tasks to queue
[2025-10-28T17:45:03.374+0000] {logging_mixin.py:188} INFO - [2025-10-28T17:45:03.374+0000] {dagbag.py:545} INFO - Filling up the DagBag from /opt/airflow/dags/databricks_pipeline_dag.py
[2025-10-28T17:45:03.381+0000] {processor.py:840} INFO - DAG(s) 'databricks_end_to_end_portfolio' retrieved from /opt/airflow/dags/databricks_pipeline_dag.py
[2025-10-28T17:45:03.397+0000] {logging_mixin.py:188} INFO - [2025-10-28T17:45:03.397+0000] {dag.py:3089} INFO - Sync 1 DAGs
[2025-10-28T17:45:03.403+0000] {logging_mixin.py:188} INFO - [2025-10-28T17:45:03.403+0000] {dag.py:3947} INFO - Setting next_dagrun for databricks_end_to_end_portfolio to None, run_after=None
[2025-10-28T17:45:03.410+0000] {processor.py:183} INFO - Processing /opt/airflow/dags/databricks_pipeline_dag.py took 0.042 seconds
[2025-10-28T17:45:33.624+0000] {processor.py:161} INFO - Started process (PID=93) to work on /opt/airflow/dags/databricks_pipeline_dag.py
[2025-10-28T17:45:33.625+0000] {processor.py:830} INFO - Processing file /opt/airflow/dags/databricks_pipeline_dag.py for tasks to queue
[2025-10-28T17:45:33.626+0000] {logging_mixin.py:188} INFO - [2025-10-28T17:45:33.626+0000] {dagbag.py:545} INFO - Filling up the DagBag from /opt/airflow/dags/databricks_pipeline_dag.py
[2025-10-28T17:45:33.633+0000] {processor.py:840} INFO - DAG(s) 'databricks_end_to_end_portfolio' retrieved from /opt/airflow/dags/databricks_pipeline_dag.py
[2025-10-28T17:45:33.652+0000] {logging_mixin.py:188} INFO - [2025-10-28T17:45:33.652+0000] {dag.py:3089} INFO - Sync 1 DAGs
[2025-10-28T17:45:33.658+0000] {logging_mixin.py:188} INFO - [2025-10-28T17:45:33.658+0000] {dag.py:3947} INFO - Setting next_dagrun for databricks_end_to_end_portfolio to None, run_after=None
[2025-10-28T17:45:33.666+0000] {processor.py:183} INFO - Processing /opt/airflow/dags/databricks_pipeline_dag.py took 0.046 seconds
[2025-10-28T17:46:03.871+0000] {processor.py:161} INFO - Started process (PID=94) to work on /opt/airflow/dags/databricks_pipeline_dag.py
[2025-10-28T17:46:03.872+0000] {processor.py:830} INFO - Processing file /opt/airflow/dags/databricks_pipeline_dag.py for tasks to queue
[2025-10-28T17:46:03.873+0000] {logging_mixin.py:188} INFO - [2025-10-28T17:46:03.873+0000] {dagbag.py:545} INFO - Filling up the DagBag from /opt/airflow/dags/databricks_pipeline_dag.py
[2025-10-28T17:46:03.879+0000] {processor.py:840} INFO - DAG(s) 'databricks_end_to_end_portfolio' retrieved from /opt/airflow/dags/databricks_pipeline_dag.py
[2025-10-28T17:46:03.896+0000] {logging_mixin.py:188} INFO - [2025-10-28T17:46:03.896+0000] {dag.py:3089} INFO - Sync 1 DAGs
[2025-10-28T17:46:03.902+0000] {logging_mixin.py:188} INFO - [2025-10-28T17:46:03.902+0000] {dag.py:3947} INFO - Setting next_dagrun for databricks_end_to_end_portfolio to None, run_after=None
[2025-10-28T17:46:03.911+0000] {processor.py:183} INFO - Processing /opt/airflow/dags/databricks_pipeline_dag.py took 0.043 seconds
[2025-10-28T17:46:34.117+0000] {processor.py:161} INFO - Started process (PID=95) to work on /opt/airflow/dags/databricks_pipeline_dag.py
[2025-10-28T17:46:34.117+0000] {processor.py:830} INFO - Processing file /opt/airflow/dags/databricks_pipeline_dag.py for tasks to queue
[2025-10-28T17:46:34.118+0000] {logging_mixin.py:188} INFO - [2025-10-28T17:46:34.118+0000] {dagbag.py:545} INFO - Filling up the DagBag from /opt/airflow/dags/databricks_pipeline_dag.py
[2025-10-28T17:46:34.126+0000] {processor.py:840} INFO - DAG(s) 'databricks_end_to_end_portfolio' retrieved from /opt/airflow/dags/databricks_pipeline_dag.py
[2025-10-28T17:46:34.144+0000] {logging_mixin.py:188} INFO - [2025-10-28T17:46:34.144+0000] {dag.py:3089} INFO - Sync 1 DAGs
[2025-10-28T17:46:34.152+0000] {logging_mixin.py:188} INFO - [2025-10-28T17:46:34.152+0000] {dag.py:3947} INFO - Setting next_dagrun for databricks_end_to_end_portfolio to None, run_after=None
[2025-10-28T17:46:34.160+0000] {processor.py:183} INFO - Processing /opt/airflow/dags/databricks_pipeline_dag.py took 0.047 seconds
[2025-10-28T17:47:04.346+0000] {processor.py:161} INFO - Started process (PID=96) to work on /opt/airflow/dags/databricks_pipeline_dag.py
[2025-10-28T17:47:04.347+0000] {processor.py:830} INFO - Processing file /opt/airflow/dags/databricks_pipeline_dag.py for tasks to queue
[2025-10-28T17:47:04.348+0000] {logging_mixin.py:188} INFO - [2025-10-28T17:47:04.348+0000] {dagbag.py:545} INFO - Filling up the DagBag from /opt/airflow/dags/databricks_pipeline_dag.py
[2025-10-28T17:47:04.355+0000] {processor.py:840} INFO - DAG(s) 'databricks_end_to_end_portfolio' retrieved from /opt/airflow/dags/databricks_pipeline_dag.py
[2025-10-28T17:47:04.373+0000] {logging_mixin.py:188} INFO - [2025-10-28T17:47:04.373+0000] {dag.py:3089} INFO - Sync 1 DAGs
[2025-10-28T17:47:04.379+0000] {logging_mixin.py:188} INFO - [2025-10-28T17:47:04.379+0000] {dag.py:3947} INFO - Setting next_dagrun for databricks_end_to_end_portfolio to None, run_after=None
[2025-10-28T17:47:04.386+0000] {processor.py:183} INFO - Processing /opt/airflow/dags/databricks_pipeline_dag.py took 0.046 seconds
[2025-10-28T17:47:34.608+0000] {processor.py:161} INFO - Started process (PID=97) to work on /opt/airflow/dags/databricks_pipeline_dag.py
[2025-10-28T17:47:34.609+0000] {processor.py:830} INFO - Processing file /opt/airflow/dags/databricks_pipeline_dag.py for tasks to queue
[2025-10-28T17:47:34.610+0000] {logging_mixin.py:188} INFO - [2025-10-28T17:47:34.610+0000] {dagbag.py:545} INFO - Filling up the DagBag from /opt/airflow/dags/databricks_pipeline_dag.py
[2025-10-28T17:47:34.617+0000] {processor.py:840} INFO - DAG(s) 'databricks_end_to_end_portfolio' retrieved from /opt/airflow/dags/databricks_pipeline_dag.py
[2025-10-28T17:47:34.634+0000] {logging_mixin.py:188} INFO - [2025-10-28T17:47:34.634+0000] {dag.py:3089} INFO - Sync 1 DAGs
[2025-10-28T17:47:34.639+0000] {logging_mixin.py:188} INFO - [2025-10-28T17:47:34.639+0000] {dag.py:3947} INFO - Setting next_dagrun for databricks_end_to_end_portfolio to None, run_after=None
[2025-10-28T17:47:34.646+0000] {processor.py:183} INFO - Processing /opt/airflow/dags/databricks_pipeline_dag.py took 0.043 seconds
[2025-10-28T17:48:04.887+0000] {processor.py:161} INFO - Started process (PID=98) to work on /opt/airflow/dags/databricks_pipeline_dag.py
[2025-10-28T17:48:04.887+0000] {processor.py:830} INFO - Processing file /opt/airflow/dags/databricks_pipeline_dag.py for tasks to queue
[2025-10-28T17:48:04.889+0000] {logging_mixin.py:188} INFO - [2025-10-28T17:48:04.889+0000] {dagbag.py:545} INFO - Filling up the DagBag from /opt/airflow/dags/databricks_pipeline_dag.py
[2025-10-28T17:48:04.900+0000] {processor.py:840} INFO - DAG(s) 'databricks_end_to_end_portfolio' retrieved from /opt/airflow/dags/databricks_pipeline_dag.py
[2025-10-28T17:48:04.920+0000] {logging_mixin.py:188} INFO - [2025-10-28T17:48:04.920+0000] {dag.py:3089} INFO - Sync 1 DAGs
[2025-10-28T17:48:04.927+0000] {logging_mixin.py:188} INFO - [2025-10-28T17:48:04.927+0000] {dag.py:3947} INFO - Setting next_dagrun for databricks_end_to_end_portfolio to None, run_after=None
[2025-10-28T17:48:04.935+0000] {processor.py:183} INFO - Processing /opt/airflow/dags/databricks_pipeline_dag.py took 0.053 seconds
[2025-10-28T17:48:35.177+0000] {processor.py:161} INFO - Started process (PID=99) to work on /opt/airflow/dags/databricks_pipeline_dag.py
[2025-10-28T17:48:35.177+0000] {processor.py:830} INFO - Processing file /opt/airflow/dags/databricks_pipeline_dag.py for tasks to queue
[2025-10-28T17:48:35.180+0000] {logging_mixin.py:188} INFO - [2025-10-28T17:48:35.179+0000] {dagbag.py:545} INFO - Filling up the DagBag from /opt/airflow/dags/databricks_pipeline_dag.py
[2025-10-28T17:48:35.196+0000] {processor.py:840} INFO - DAG(s) 'databricks_end_to_end_portfolio' retrieved from /opt/airflow/dags/databricks_pipeline_dag.py
[2025-10-28T17:48:35.222+0000] {logging_mixin.py:188} INFO - [2025-10-28T17:48:35.222+0000] {dag.py:3089} INFO - Sync 1 DAGs
[2025-10-28T17:48:35.229+0000] {logging_mixin.py:188} INFO - [2025-10-28T17:48:35.229+0000] {dag.py:3947} INFO - Setting next_dagrun for databricks_end_to_end_portfolio to None, run_after=None
[2025-10-28T17:48:35.238+0000] {processor.py:183} INFO - Processing /opt/airflow/dags/databricks_pipeline_dag.py took 0.069 seconds
[2025-10-28T17:49:05.391+0000] {processor.py:161} INFO - Started process (PID=100) to work on /opt/airflow/dags/databricks_pipeline_dag.py
[2025-10-28T17:49:05.392+0000] {processor.py:830} INFO - Processing file /opt/airflow/dags/databricks_pipeline_dag.py for tasks to queue
[2025-10-28T17:49:05.393+0000] {logging_mixin.py:188} INFO - [2025-10-28T17:49:05.393+0000] {dagbag.py:545} INFO - Filling up the DagBag from /opt/airflow/dags/databricks_pipeline_dag.py
[2025-10-28T17:49:05.399+0000] {processor.py:840} INFO - DAG(s) 'databricks_end_to_end_portfolio' retrieved from /opt/airflow/dags/databricks_pipeline_dag.py
[2025-10-28T17:49:05.421+0000] {logging_mixin.py:188} INFO - [2025-10-28T17:49:05.420+0000] {dag.py:3089} INFO - Sync 1 DAGs
[2025-10-28T17:49:05.427+0000] {logging_mixin.py:188} INFO - [2025-10-28T17:49:05.427+0000] {dag.py:3947} INFO - Setting next_dagrun for databricks_end_to_end_portfolio to None, run_after=None
[2025-10-28T17:49:05.437+0000] {processor.py:183} INFO - Processing /opt/airflow/dags/databricks_pipeline_dag.py took 0.048 seconds
[2025-10-28T17:49:35.692+0000] {processor.py:161} INFO - Started process (PID=101) to work on /opt/airflow/dags/databricks_pipeline_dag.py
[2025-10-28T17:49:35.693+0000] {processor.py:830} INFO - Processing file /opt/airflow/dags/databricks_pipeline_dag.py for tasks to queue
[2025-10-28T17:49:35.697+0000] {logging_mixin.py:188} INFO - [2025-10-28T17:49:35.696+0000] {dagbag.py:545} INFO - Filling up the DagBag from /opt/airflow/dags/databricks_pipeline_dag.py
[2025-10-28T17:49:35.713+0000] {processor.py:840} INFO - DAG(s) 'databricks_end_to_end_portfolio' retrieved from /opt/airflow/dags/databricks_pipeline_dag.py
[2025-10-28T17:49:35.742+0000] {logging_mixin.py:188} INFO - [2025-10-28T17:49:35.742+0000] {dag.py:3089} INFO - Sync 1 DAGs
[2025-10-28T17:49:35.753+0000] {logging_mixin.py:188} INFO - [2025-10-28T17:49:35.753+0000] {dag.py:3947} INFO - Setting next_dagrun for databricks_end_to_end_portfolio to None, run_after=None
[2025-10-28T17:49:35.764+0000] {processor.py:183} INFO - Processing /opt/airflow/dags/databricks_pipeline_dag.py took 0.080 seconds
[2025-10-28T17:50:05.958+0000] {processor.py:161} INFO - Started process (PID=102) to work on /opt/airflow/dags/databricks_pipeline_dag.py
[2025-10-28T17:50:05.959+0000] {processor.py:830} INFO - Processing file /opt/airflow/dags/databricks_pipeline_dag.py for tasks to queue
[2025-10-28T17:50:05.961+0000] {logging_mixin.py:188} INFO - [2025-10-28T17:50:05.960+0000] {dagbag.py:545} INFO - Filling up the DagBag from /opt/airflow/dags/databricks_pipeline_dag.py
[2025-10-28T17:50:05.970+0000] {processor.py:840} INFO - DAG(s) 'databricks_end_to_end_portfolio' retrieved from /opt/airflow/dags/databricks_pipeline_dag.py
[2025-10-28T17:50:05.993+0000] {logging_mixin.py:188} INFO - [2025-10-28T17:50:05.993+0000] {dag.py:3089} INFO - Sync 1 DAGs
[2025-10-28T17:50:06.001+0000] {logging_mixin.py:188} INFO - [2025-10-28T17:50:06.000+0000] {dag.py:3947} INFO - Setting next_dagrun for databricks_end_to_end_portfolio to None, run_after=None
[2025-10-28T17:50:06.008+0000] {processor.py:183} INFO - Processing /opt/airflow/dags/databricks_pipeline_dag.py took 0.058 seconds
[2025-10-28T17:50:36.234+0000] {processor.py:161} INFO - Started process (PID=103) to work on /opt/airflow/dags/databricks_pipeline_dag.py
[2025-10-28T17:50:36.235+0000] {processor.py:830} INFO - Processing file /opt/airflow/dags/databricks_pipeline_dag.py for tasks to queue
[2025-10-28T17:50:36.240+0000] {logging_mixin.py:188} INFO - [2025-10-28T17:50:36.239+0000] {dagbag.py:545} INFO - Filling up the DagBag from /opt/airflow/dags/databricks_pipeline_dag.py
[2025-10-28T17:50:36.259+0000] {processor.py:840} INFO - DAG(s) 'databricks_end_to_end_portfolio' retrieved from /opt/airflow/dags/databricks_pipeline_dag.py
[2025-10-28T17:50:36.294+0000] {logging_mixin.py:188} INFO - [2025-10-28T17:50:36.293+0000] {dag.py:3089} INFO - Sync 1 DAGs
[2025-10-28T17:50:36.304+0000] {logging_mixin.py:188} INFO - [2025-10-28T17:50:36.304+0000] {dag.py:3947} INFO - Setting next_dagrun for databricks_end_to_end_portfolio to None, run_after=None
[2025-10-28T17:50:36.324+0000] {processor.py:183} INFO - Processing /opt/airflow/dags/databricks_pipeline_dag.py took 0.100 seconds
[2025-10-28T17:51:06.490+0000] {processor.py:161} INFO - Started process (PID=104) to work on /opt/airflow/dags/databricks_pipeline_dag.py
[2025-10-28T17:51:06.491+0000] {processor.py:830} INFO - Processing file /opt/airflow/dags/databricks_pipeline_dag.py for tasks to queue
[2025-10-28T17:51:06.494+0000] {logging_mixin.py:188} INFO - [2025-10-28T17:51:06.494+0000] {dagbag.py:545} INFO - Filling up the DagBag from /opt/airflow/dags/databricks_pipeline_dag.py
[2025-10-28T17:51:06.511+0000] {processor.py:840} INFO - DAG(s) 'databricks_end_to_end_portfolio' retrieved from /opt/airflow/dags/databricks_pipeline_dag.py
[2025-10-28T17:51:06.541+0000] {logging_mixin.py:188} INFO - [2025-10-28T17:51:06.541+0000] {dag.py:3089} INFO - Sync 1 DAGs
[2025-10-28T17:51:06.551+0000] {logging_mixin.py:188} INFO - [2025-10-28T17:51:06.551+0000] {dag.py:3947} INFO - Setting next_dagrun for databricks_end_to_end_portfolio to None, run_after=None
[2025-10-28T17:51:06.560+0000] {processor.py:183} INFO - Processing /opt/airflow/dags/databricks_pipeline_dag.py took 0.081 seconds
[2025-10-28T17:51:36.765+0000] {processor.py:161} INFO - Started process (PID=105) to work on /opt/airflow/dags/databricks_pipeline_dag.py
[2025-10-28T17:51:36.765+0000] {processor.py:830} INFO - Processing file /opt/airflow/dags/databricks_pipeline_dag.py for tasks to queue
[2025-10-28T17:51:36.766+0000] {logging_mixin.py:188} INFO - [2025-10-28T17:51:36.766+0000] {dagbag.py:545} INFO - Filling up the DagBag from /opt/airflow/dags/databricks_pipeline_dag.py
[2025-10-28T17:51:36.772+0000] {processor.py:840} INFO - DAG(s) 'databricks_end_to_end_portfolio' retrieved from /opt/airflow/dags/databricks_pipeline_dag.py
[2025-10-28T17:51:36.789+0000] {logging_mixin.py:188} INFO - [2025-10-28T17:51:36.789+0000] {dag.py:3089} INFO - Sync 1 DAGs
[2025-10-28T17:51:36.794+0000] {logging_mixin.py:188} INFO - [2025-10-28T17:51:36.794+0000] {dag.py:3947} INFO - Setting next_dagrun for databricks_end_to_end_portfolio to None, run_after=None
[2025-10-28T17:51:36.801+0000] {processor.py:183} INFO - Processing /opt/airflow/dags/databricks_pipeline_dag.py took 0.040 seconds
[2025-10-28T17:52:07.006+0000] {processor.py:161} INFO - Started process (PID=106) to work on /opt/airflow/dags/databricks_pipeline_dag.py
[2025-10-28T17:52:07.007+0000] {processor.py:830} INFO - Processing file /opt/airflow/dags/databricks_pipeline_dag.py for tasks to queue
[2025-10-28T17:52:07.008+0000] {logging_mixin.py:188} INFO - [2025-10-28T17:52:07.008+0000] {dagbag.py:545} INFO - Filling up the DagBag from /opt/airflow/dags/databricks_pipeline_dag.py
[2025-10-28T17:52:07.013+0000] {processor.py:840} INFO - DAG(s) 'databricks_end_to_end_portfolio' retrieved from /opt/airflow/dags/databricks_pipeline_dag.py
[2025-10-28T17:52:07.028+0000] {logging_mixin.py:188} INFO - [2025-10-28T17:52:07.028+0000] {dag.py:3089} INFO - Sync 1 DAGs
[2025-10-28T17:52:07.034+0000] {logging_mixin.py:188} INFO - [2025-10-28T17:52:07.034+0000] {dag.py:3947} INFO - Setting next_dagrun for databricks_end_to_end_portfolio to None, run_after=None
[2025-10-28T17:52:07.042+0000] {processor.py:183} INFO - Processing /opt/airflow/dags/databricks_pipeline_dag.py took 0.039 seconds
[2025-10-28T17:52:37.265+0000] {processor.py:161} INFO - Started process (PID=107) to work on /opt/airflow/dags/databricks_pipeline_dag.py
[2025-10-28T17:52:37.266+0000] {processor.py:830} INFO - Processing file /opt/airflow/dags/databricks_pipeline_dag.py for tasks to queue
[2025-10-28T17:52:37.268+0000] {logging_mixin.py:188} INFO - [2025-10-28T17:52:37.268+0000] {dagbag.py:545} INFO - Filling up the DagBag from /opt/airflow/dags/databricks_pipeline_dag.py
[2025-10-28T17:52:37.280+0000] {processor.py:840} INFO - DAG(s) 'databricks_end_to_end_portfolio' retrieved from /opt/airflow/dags/databricks_pipeline_dag.py
[2025-10-28T17:52:37.305+0000] {logging_mixin.py:188} INFO - [2025-10-28T17:52:37.305+0000] {dag.py:3089} INFO - Sync 1 DAGs
[2025-10-28T17:52:37.314+0000] {logging_mixin.py:188} INFO - [2025-10-28T17:52:37.313+0000] {dag.py:3947} INFO - Setting next_dagrun for databricks_end_to_end_portfolio to None, run_after=None
[2025-10-28T17:52:37.323+0000] {processor.py:183} INFO - Processing /opt/airflow/dags/databricks_pipeline_dag.py took 0.066 seconds
[2025-10-28T17:53:07.515+0000] {processor.py:161} INFO - Started process (PID=108) to work on /opt/airflow/dags/databricks_pipeline_dag.py
[2025-10-28T17:53:07.516+0000] {processor.py:830} INFO - Processing file /opt/airflow/dags/databricks_pipeline_dag.py for tasks to queue
[2025-10-28T17:53:07.518+0000] {logging_mixin.py:188} INFO - [2025-10-28T17:53:07.517+0000] {dagbag.py:545} INFO - Filling up the DagBag from /opt/airflow/dags/databricks_pipeline_dag.py
[2025-10-28T17:53:07.525+0000] {processor.py:840} INFO - DAG(s) 'databricks_end_to_end_portfolio' retrieved from /opt/airflow/dags/databricks_pipeline_dag.py
[2025-10-28T17:53:07.544+0000] {logging_mixin.py:188} INFO - [2025-10-28T17:53:07.544+0000] {dag.py:3089} INFO - Sync 1 DAGs
[2025-10-28T17:53:07.551+0000] {logging_mixin.py:188} INFO - [2025-10-28T17:53:07.551+0000] {dag.py:3947} INFO - Setting next_dagrun for databricks_end_to_end_portfolio to None, run_after=None
[2025-10-28T17:53:07.558+0000] {processor.py:183} INFO - Processing /opt/airflow/dags/databricks_pipeline_dag.py took 0.049 seconds
[2025-10-28T17:53:37.805+0000] {processor.py:161} INFO - Started process (PID=109) to work on /opt/airflow/dags/databricks_pipeline_dag.py
[2025-10-28T17:53:37.806+0000] {processor.py:830} INFO - Processing file /opt/airflow/dags/databricks_pipeline_dag.py for tasks to queue
[2025-10-28T17:53:37.809+0000] {logging_mixin.py:188} INFO - [2025-10-28T17:53:37.808+0000] {dagbag.py:545} INFO - Filling up the DagBag from /opt/airflow/dags/databricks_pipeline_dag.py
[2025-10-28T17:53:37.822+0000] {processor.py:840} INFO - DAG(s) 'databricks_end_to_end_portfolio' retrieved from /opt/airflow/dags/databricks_pipeline_dag.py
[2025-10-28T17:53:37.848+0000] {logging_mixin.py:188} INFO - [2025-10-28T17:53:37.848+0000] {dag.py:3089} INFO - Sync 1 DAGs
[2025-10-28T17:53:37.857+0000] {logging_mixin.py:188} INFO - [2025-10-28T17:53:37.857+0000] {dag.py:3947} INFO - Setting next_dagrun for databricks_end_to_end_portfolio to None, run_after=None
[2025-10-28T17:53:37.867+0000] {processor.py:183} INFO - Processing /opt/airflow/dags/databricks_pipeline_dag.py took 0.071 seconds
